Archive member included to satisfy reference by file (symbol)

/Applications/ArmGNUToolchain/13.2.Rel1/arm-none-eabi/bin/../lib/gcc/arm-none-eabi/13.2.1/thumb/v6-m/nofp/libgcc.a(_dvmd_tls.o)
                              CMakeFiles/print.dir/Users/prarthana/Pico/pico-sdk/src/rp2_common/pico_divider/divider.S.obj (__aeabi_idiv0)
/Applications/ArmGNUToolchain/13.2.Rel1/arm-none-eabi/bin/../lib/gcc/arm-none-eabi/13.2.1/../../../../arm-none-eabi/lib/thumb/v6-m/nofp/libg.a(libc_a-atoi.o)
                              CMakeFiles/print.dir/print.c.obj (atoi)
/Applications/ArmGNUToolchain/13.2.Rel1/arm-none-eabi/bin/../lib/gcc/arm-none-eabi/13.2.1/../../../../arm-none-eabi/lib/thumb/v6-m/nofp/libg.a(libc_a-calloc.o)
                              CMakeFiles/print.dir/Users/prarthana/Pico/pico-sdk/src/rp2_common/pico_malloc/pico_malloc.c.obj (calloc)
/Applications/ArmGNUToolchain/13.2.Rel1/arm-none-eabi/bin/../lib/gcc/arm-none-eabi/13.2.1/../../../../arm-none-eabi/lib/thumb/v6-m/nofp/libg.a(libc_a-callocr.o)
                              /Applications/ArmGNUToolchain/13.2.Rel1/arm-none-eabi/bin/../lib/gcc/arm-none-eabi/13.2.1/../../../../arm-none-eabi/lib/thumb/v6-m/nofp/libg.a(libc_a-calloc.o) (_calloc_r)
/Applications/ArmGNUToolchain/13.2.Rel1/arm-none-eabi/bin/../lib/gcc/arm-none-eabi/13.2.1/../../../../arm-none-eabi/lib/thumb/v6-m/nofp/libg.a(libc_a-malloc.o)
                              CMakeFiles/print.dir/Users/prarthana/Pico/pico-sdk/src/rp2_common/pico_malloc/pico_malloc.c.obj (malloc)
/Applications/ArmGNUToolchain/13.2.Rel1/arm-none-eabi/bin/../lib/gcc/arm-none-eabi/13.2.1/../../../../arm-none-eabi/lib/thumb/v6-m/nofp/libg.a(libc_a-mallocr.o)
                              /Applications/ArmGNUToolchain/13.2.Rel1/arm-none-eabi/bin/../lib/gcc/arm-none-eabi/13.2.1/../../../../arm-none-eabi/lib/thumb/v6-m/nofp/libg.a(libc_a-callocr.o) (_malloc_r)
/Applications/ArmGNUToolchain/13.2.Rel1/arm-none-eabi/bin/../lib/gcc/arm-none-eabi/13.2.1/../../../../arm-none-eabi/lib/thumb/v6-m/nofp/libg.a(libc_a-mlock.o)
                              /Applications/ArmGNUToolchain/13.2.Rel1/arm-none-eabi/bin/../lib/gcc/arm-none-eabi/13.2.1/../../../../arm-none-eabi/lib/thumb/v6-m/nofp/libg.a(libc_a-mallocr.o) (__malloc_lock)
/Applications/ArmGNUToolchain/13.2.Rel1/arm-none-eabi/bin/../lib/gcc/arm-none-eabi/13.2.1/../../../../arm-none-eabi/lib/thumb/v6-m/nofp/libg.a(libc_a-realloc.o)
                              CMakeFiles/print.dir/Users/prarthana/Pico/pico-sdk/src/rp2_common/pico_malloc/pico_malloc.c.obj (realloc)
/Applications/ArmGNUToolchain/13.2.Rel1/arm-none-eabi/bin/../lib/gcc/arm-none-eabi/13.2.1/../../../../arm-none-eabi/lib/thumb/v6-m/nofp/libg.a(libc_a-scanf.o)
                              CMakeFiles/print.dir/print.c.obj (scanf)
/Applications/ArmGNUToolchain/13.2.Rel1/arm-none-eabi/bin/../lib/gcc/arm-none-eabi/13.2.1/../../../../arm-none-eabi/lib/thumb/v6-m/nofp/libg.a(libc_a-reallocr.o)
                              /Applications/ArmGNUToolchain/13.2.Rel1/arm-none-eabi/bin/../lib/gcc/arm-none-eabi/13.2.1/../../../../arm-none-eabi/lib/thumb/v6-m/nofp/libg.a(libc_a-realloc.o) (_realloc_r)
/Applications/ArmGNUToolchain/13.2.Rel1/arm-none-eabi/bin/../lib/gcc/arm-none-eabi/13.2.1/../../../../arm-none-eabi/lib/thumb/v6-m/nofp/libg.a(libc_a-strtol.o)
                              /Applications/ArmGNUToolchain/13.2.Rel1/arm-none-eabi/bin/../lib/gcc/arm-none-eabi/13.2.1/../../../../arm-none-eabi/lib/thumb/v6-m/nofp/libg.a(libc_a-atoi.o) (_strtol_r)
/Applications/ArmGNUToolchain/13.2.Rel1/arm-none-eabi/bin/../lib/gcc/arm-none-eabi/13.2.1/../../../../arm-none-eabi/lib/thumb/v6-m/nofp/libg.a(libc_a-memmove.o)
                              /Applications/ArmGNUToolchain/13.2.Rel1/arm-none-eabi/bin/../lib/gcc/arm-none-eabi/13.2.1/../../../../arm-none-eabi/lib/thumb/v6-m/nofp/libg.a(libc_a-reallocr.o) (memmove)
/Applications/ArmGNUToolchain/13.2.Rel1/arm-none-eabi/bin/../lib/gcc/arm-none-eabi/13.2.1/../../../../arm-none-eabi/lib/thumb/v6-m/nofp/libg.a(libc_a-impure.o)
                              /Applications/ArmGNUToolchain/13.2.Rel1/arm-none-eabi/bin/../lib/gcc/arm-none-eabi/13.2.1/../../../../arm-none-eabi/lib/thumb/v6-m/nofp/libg.a(libc_a-calloc.o) (_impure_ptr)
/Applications/ArmGNUToolchain/13.2.Rel1/arm-none-eabi/bin/../lib/gcc/arm-none-eabi/13.2.1/../../../../arm-none-eabi/lib/thumb/v6-m/nofp/libg.a(libc_a-sbrkr.o)
                              /Applications/ArmGNUToolchain/13.2.Rel1/arm-none-eabi/bin/../lib/gcc/arm-none-eabi/13.2.1/../../../../arm-none-eabi/lib/thumb/v6-m/nofp/libg.a(libc_a-mallocr.o) (_sbrk_r)
/Applications/ArmGNUToolchain/13.2.Rel1/arm-none-eabi/bin/../lib/gcc/arm-none-eabi/13.2.1/../../../../arm-none-eabi/lib/thumb/v6-m/nofp/libg.a(libc_a-errno.o)
                              /Applications/ArmGNUToolchain/13.2.Rel1/arm-none-eabi/bin/../lib/gcc/arm-none-eabi/13.2.1/../../../../arm-none-eabi/lib/thumb/v6-m/nofp/libg.a(libc_a-callocr.o) (__errno)
[...]
Memory Configuration

Name             Origin             Length             Attributes
FLASH            0x10000000         0x00200000         xr
RAM              0x20000000         0x00040000         xrw
SCRATCH_X        0x20040000         0x00001000         xrw
SCRATCH_Y        0x20041000         0x00001000         xrw
*default*        0x00000000         0xffffffff

Linker script and memory map

LOAD /Applications/ArmGNUToolchain/13.2.Rel1/arm-none-eabi/bin/../lib/gcc/arm-none-eabi/13.2.1/thumb/v6-m/nofp/crti.o
LOAD /Applications/ArmGNUToolchain/13.2.Rel1/arm-none-eabi/bin/../lib/gcc/arm-none-eabi/13.2.1/thumb/v6-m/nofp/crtbegin.o
LOAD /Applications/ArmGNUToolchain/13.2.Rel1/arm-none-eabi/bin/../lib/gcc/arm-none-eabi/13.2.1/../../../../arm-none-eabi/lib/thumb/v6-m/nofp/crt0.o

.flash_begin    0x10000000        0x0
                0x10000000                        __flash_binary_start = .

.boot2          0x10000000      0x100
                0x10000000                        __boot2_start__ = .
 *(.boot2)
 .boot2         0x10000000      0x100 /var/folders/5b/hd0zz73j0sb7hs24b2tg1yy40000gn/T//ccK3OGdj.o
                0x10000100                        __boot2_end__ = .
                0x00000001                        ASSERT (((__boot2_end__ - __boot2_start__) == 0x100), ERROR: Pico second stage bootloader must be 256 bytes in size)

.text           0x10000100     0xd060
                0x10000100                        __logical_binary_start = .
 *(.vectors)
 .vectors       0x10000100       0xd4 CMakeFiles/print.dir/Users/prarthana/Pico/pico-sdk/src/rp2_common/pico_standard_link/crt0.S.obj
                0x10000100                __VECTOR_TABLE
                0x10000100                __vectors
                0x100001c0                __default_isrs_start
                0x100001c0                isr_invalid
                0x100001c2                isr_nmi
                0x100001c4                isr_hardfault
                0x100001c6                isr_svcall
                0x100001c8                isr_pendsv
                0x100001ca                isr_systick
                0x100001cc                isr_irq28
                0x100001cc                isr_irq19
                0x100001cc                isr_irq0
                0x100001cc                isr_irq6
                0x100001cc                isr_irq22
                0x100001cc                isr_irq17
                0x100001cc                isr_irq14
                0x100001cc                isr_irq2
                0x100001cc                isr_irq10
                0x100001cc                isr_irq8
                0x100001cc                isr_irq24
                0x100001cc                isr_irq1
                0x100001cc                isr_irq7
                0x100001cc                isr_irq21
                0x100001cc                isr_irq20
                0x100001cc                isr_irq15
                0x100001cc                isr_irq25
                0x100001cc                isr_irq4
                0x100001cc                isr_irq16
                0x100001cc                isr_irq29
                0x100001cc                isr_irq26
                0x100001cc                __default_isrs_end
                0x100001cc                isr_irq3
                0x100001cc                isr_irq9
                0x100001cc                __unhandled_user_irq
                0x100001cc                isr_irq13
                0x100001cc                isr_irq27
                0x100001cc                isr_irq31
                0x100001cc                isr_irq5
                0x100001cc                isr_irq11
                0x100001cc                isr_irq23
                0x100001cc                isr_irq18
                0x100001cc                isr_irq30
                0x100001cc                isr_irq12
                0x100001d2                unhandled_user_irq_num_in_r0
 *(.binary_info_header)
 .binary_info_header
                0x100001d4       0x14 CMakeFiles/print.dir/Users/prarthana/Pico/pico-sdk/src/rp2_common/pico_standard_link/crt0.S.obj
                0x100001e8                        __binary_info_header_end = .
 *(.reset)
 .reset         0x100001e8       0xa0 CMakeFiles/print.dir/Users/prarthana/Pico/pico-sdk/src/rp2_common/pico_standard_link/crt0.S.obj
                0x100001e8                _entry_point
 .reset         0x10000288       0x30 CMakeFiles/print.dir/Users/prarthana/Pico/pico-sdk/src/rp2_common/pico_standard_link/binary_info.c.obj
 *(.init)
 .init          0x100002b8        0x4 /Applications/ArmGNUToolchain/13.2.Rel1/arm-none-eabi/bin/../lib/gcc/arm-none-eabi/13.2.1/thumb/v6-m/nofp/crti.o
                0x100002b8                _init
 *(EXCLUDE_FILE(*libm.a: *libc.a:*lib_a-mem*.o *libgcc.a:) .text*)
 .text.register_tm_clones
                0x100002bc       0x28 /Applications/ArmGNUToolchain/13.2.Rel1/arm-none-eabi/bin/../lib/gcc/arm-none-eabi/13.2.1/thumb/v6-m/nofp/crtbegin.o
 .text.frame_dummy
                0x100002e4       0x24 /Applications/ArmGNUToolchain/13.2.Rel1/arm-none-eabi/bin/../lib/gcc/arm-none-eabi/13.2.1/thumb/v6-m/nofp/crtbegin.o
 .text.adc_gpio_init
                0x10000308       0x1e CMakeFiles/print.dir/print.c.obj
 *fill*         0x10000326        0x2 
 .text.main     0x10000328       0xf8 CMakeFiles/print.dir/print.c.obj
                0x10000328                main
 .text.gpio_set_function
                0x10000420       0x30 CMakeFiles/print.dir/Users/prarthana/Pico/pico-sdk/src/rp2_common/hardware_gpio/gpio.c.obj
                0x10000420                gpio_set_function
 .text.gpio_set_pulls
                0x10000450       0x34 CMakeFiles/print.dir/Users/prarthana/Pico/pico-sdk/src/rp2_common/hardware_gpio/gpio.c.obj
                0x10000450                gpio_set_pulls
 .text.gpio_set_input_enabled
                0x10000484       0x30 CMakeFiles/print.dir/Users/prarthana/Pico/pico-sdk/src/rp2_common/hardware_gpio/gpio.c.obj
                0x10000484                gpio_set_input_enabled
 .text.gpio_init
                0x100004b4       0x16 CMakeFiles/print.dir/Users/prarthana/Pico/pico-sdk/src/rp2_common/hardware_gpio/gpio.c.obj
                0x100004b4                gpio_init
 *fill*         0x100004ca        0x2 
 .text.running_on_fpga
                0x100004cc       0x14 CMakeFiles/print.dir/Users/prarthana/Pico/pico-sdk/src/rp2_common/pico_platform/platform.c.obj
                0x100004cc                running_on_fpga
 .text.hw_claim_lock
                0x100004e0       0x18 CMakeFiles/print.dir/Users/prarthana/Pico/pico-sdk/src/rp2_common/hardware_claim/claim.c.obj
                0x100004e0                hw_claim_lock
 .text.hw_claim_unlock
                0x100004f8       0x14 CMakeFiles/print.dir/Users/prarthana/Pico/pico-sdk/src/rp2_common/hardware_claim/claim.c.obj
                0x100004f8                hw_claim_unlock
 .text.hw_claim_or_assert
                0x1000050c       0x32 CMakeFiles/print.dir/Users/prarthana/Pico/pico-sdk/src/rp2_common/hardware_claim/claim.c.obj
                0x1000050c                hw_claim_or_assert
 .text.hw_claim_unused_from_range
                0x1000053e       0x50 CMakeFiles/print.dir/Users/prarthana/Pico/pico-sdk/src/rp2_common/hardware_claim/claim.c.obj
                0x1000053e                hw_claim_unused_from_range
 *fill*         0x1000058e        0x2 
 .text.spin_locks_reset
                0x10000590       0x20 CMakeFiles/print.dir/Users/prarthana/Pico/pico-sdk/src/rp2_common/hardware_sync/sync.c.obj
                0x10000590                spin_locks_reset
 .text.next_striped_spin_lock_num
                0x100005b0       0x1c CMakeFiles/print.dir/Users/prarthana/Pico/pico-sdk/src/rp2_common/hardware_sync/sync.c.obj
                0x100005b0                next_striped_spin_lock_num
 .text.spin_lock_claim_unused
                0x100005cc       0x24 CMakeFiles/print.dir/Users/prarthana/Pico/pico-sdk/src/rp2_common/hardware_sync/sync.c.obj
                0x100005cc                spin_lock_claim_unused
 .text.set_raw_irq_handler_and_unlock
                0x100005f0       0x28 CMakeFiles/print.dir/Users/prarthana/Pico/pico-sdk/src/rp2_common/hardware_irq/irq.c.obj
 .text.resolve_branch
                0x10000618       0x30 CMakeFiles/print.dir/Users/prarthana/Pico/pico-sdk/src/rp2_common/hardware_irq/irq.c.obj
 .text.make_branch
                0x10000648       0x48 CMakeFiles/print.dir/Users/prarthana/Pico/pico-sdk/src/rp2_common/hardware_irq/irq.c.obj
 .text.insert_branch_and_link
                0x10000690       0x40 CMakeFiles/print.dir/Users/prarthana/Pico/pico-sdk/src/rp2_common/hardware_irq/irq.c.obj
 .text.irq_is_enabled
                0x100006d0       0x18 CMakeFiles/print.dir/Users/prarthana/Pico/pico-sdk/src/rp2_common/hardware_irq/irq.c.obj
                0x100006d0                irq_is_enabled
 .text.irq_set_mask_enabled
                0x100006e8       0x20 CMakeFiles/print.dir/Users/prarthana/Pico/pico-sdk/src/rp2_common/hardware_irq/irq.c.obj
                0x100006e8                irq_set_mask_enabled
 .text.irq_set_enabled
                0x10000708        0xe CMakeFiles/print.dir/Users/prarthana/Pico/pico-sdk/src/rp2_common/hardware_irq/irq.c.obj
                0x10000708                irq_set_enabled
 *fill*         0x10000716        0x2 
 .text.irq_set_pending
                0x10000718       0x10 CMakeFiles/print.dir/Users/prarthana/Pico/pico-sdk/src/rp2_common/hardware_irq/irq.c.obj
                0x10000718                irq_set_pending
 .text.irq_get_vtable_handler
                0x10000728       0x10 CMakeFiles/print.dir/Users/prarthana/Pico/pico-sdk/src/rp2_common/hardware_irq/irq.c.obj
                0x10000728                irq_get_vtable_handler
 .text.irq_has_shared_handler
                0x10000738       0x24 CMakeFiles/print.dir/Users/prarthana/Pico/pico-sdk/src/rp2_common/hardware_irq/irq.c.obj
                0x10000738                irq_has_shared_handler
 .text.irq_set_exclusive_handler
                0x1000075c       0x54 CMakeFiles/print.dir/Users/prarthana/Pico/pico-sdk/src/rp2_common/hardware_irq/irq.c.obj
                0x1000075c                irq_set_exclusive_handler
 .text.irq_add_shared_handler
                0x100007b0      0x210 CMakeFiles/print.dir/Users/prarthana/Pico/pico-sdk/src/rp2_common/hardware_irq/irq.c.obj
                0x100007b0                irq_add_shared_handler
 .text.irq_remove_handler
                0x100009c0      0x188 CMakeFiles/print.dir/Users/prarthana/Pico/pico-sdk/src/rp2_common/hardware_irq/irq.c.obj
                0x100009c0                irq_remove_handler
 .text.irq_add_tail_to_free_list
                0x10000b48       0xf0 CMakeFiles/print.dir/Users/prarthana/Pico/pico-sdk/src/rp2_common/hardware_irq/irq.c.obj
                0x10000b48                irq_add_tail_to_free_list
 .text.irq_init_priorities
                0x10000c38       0x1c CMakeFiles/print.dir/Users/prarthana/Pico/pico-sdk/src/rp2_common/hardware_irq/irq.c.obj
                0x10000c38                irq_init_priorities
 .text.user_irq_claim_unused
                0x10000c54       0x2c CMakeFiles/print.dir/Users/prarthana/Pico/pico-sdk/src/rp2_common/hardware_irq/irq.c.obj
                0x10000c54                user_irq_claim_unused
 .text.lock_init
                0x10000c80       0x10 CMakeFiles/print.dir/Users/prarthana/Pico/pico-sdk/src/common/pico_sync/lock_core.c.obj
                0x10000c80                lock_init
 .text.update_us_since_boot
                0x10000c90       0x24 CMakeFiles/print.dir/Users/prarthana/Pico/pico-sdk/src/common/pico_sync/mutex.c.obj
 .text.delayed_by_ms
                0x10000cb4       0x44 CMakeFiles/print.dir/Users/prarthana/Pico/pico-sdk/src/common/pico_sync/mutex.c.obj
 .text.get_absolute_time
                0x10000cf8       0x22 CMakeFiles/print.dir/Users/prarthana/Pico/pico-sdk/src/common/pico_sync/mutex.c.obj
 .text.make_timeout_time_ms
                0x10000d1a       0x20 CMakeFiles/print.dir/Users/prarthana/Pico/pico-sdk/src/common/pico_sync/mutex.c.obj
 .text.mutex_init
                0x10000d3a       0x1a CMakeFiles/print.dir/Users/prarthana/Pico/pico-sdk/src/common/pico_sync/mutex.c.obj
                0x10000d3a                mutex_init
 .text.recursive_mutex_init
                0x10000d54       0x1e CMakeFiles/print.dir/Users/prarthana/Pico/pico-sdk/src/common/pico_sync/mutex.c.obj
                0x10000d54                recursive_mutex_init
 *fill*         0x10000d72        0x2 
 .text.critical_section_init_with_lock_num
                0x10000d74       0x14 CMakeFiles/print.dir/Users/prarthana/Pico/pico-sdk/src/common/pico_sync/critical_section.c.obj
                0x10000d74                critical_section_init_with_lock_num
 .text.critical_section_init
                0x10000d88       0x14 CMakeFiles/print.dir/Users/prarthana/Pico/pico-sdk/src/common/pico_sync/critical_section.c.obj
                0x10000d88                critical_section_init
 .text.time_reached
                0x10000d9c       0x28 CMakeFiles/print.dir/Users/prarthana/Pico/pico-sdk/src/common/pico_time/time.c.obj
 .text.get_entry
                0x10000dc4       0x38 CMakeFiles/print.dir/Users/prarthana/Pico/pico-sdk/src/common/pico_time/time.c.obj
 .text.timer_pool_entry_comparator
                0x10000dfc       0x2e CMakeFiles/print.dir/Users/prarthana/Pico/pico-sdk/src/common/pico_time/time.c.obj
                0x10000dfc                timer_pool_entry_comparator
 *fill*         0x10000e2a        0x2 
 .text.update_us_since_boot
                0x10000e2c       0x24 CMakeFiles/print.dir/Users/prarthana/Pico/pico-sdk/src/common/pico_time/time.c.obj
 .text.delayed_by_us
                0x10000e50       0x34 CMakeFiles/print.dir/Users/prarthana/Pico/pico-sdk/src/common/pico_time/time.c.obj
 .text.ph_get_node
                0x10000e84       0x30 CMakeFiles/print.dir/Users/prarthana/Pico/pico-sdk/src/common/pico_time/time.c.obj
 .text.ph_contains_node
                0x10000eb4       0x1e CMakeFiles/print.dir/Users/prarthana/Pico/pico-sdk/src/common/pico_time/time.c.obj
 .text.ph_new_node
                0x10000ed2       0x28 CMakeFiles/print.dir/Users/prarthana/Pico/pico-sdk/src/common/pico_time/time.c.obj
 *fill*         0x10000efa        0x2 
 .text.ph_add_child_node
                0x10000efc       0x6c CMakeFiles/print.dir/Users/prarthana/Pico/pico-sdk/src/common/pico_time/time.c.obj
 .text.ph_merge_nodes
                0x10000f68       0x3e CMakeFiles/print.dir/Users/prarthana/Pico/pico-sdk/src/common/pico_time/time.c.obj
 *fill*         0x10000fa6        0x2 
 .text.ph_insert_node
                0x10000fa8       0x3c CMakeFiles/print.dir/Users/prarthana/Pico/pico-sdk/src/common/pico_time/time.c.obj
 .text.ph_free_node
                0x10000fe4       0x5c CMakeFiles/print.dir/Users/prarthana/Pico/pico-sdk/src/common/pico_time/time.c.obj
 .text.get_entry_id_high
                0x10001040       0x30 CMakeFiles/print.dir/Users/prarthana/Pico/pico-sdk/src/common/pico_time/time.c.obj
 .text.alarm_pool_post_alloc_init
                0x10001070       0x40 CMakeFiles/print.dir/Users/prarthana/Pico/pico-sdk/src/common/pico_time/time.c.obj
 .text.sleep_until_callback
                0x100010b0       0x30 CMakeFiles/print.dir/Users/prarthana/Pico/pico-sdk/src/common/pico_time/time.c.obj
 .text.get_absolute_time
                0x100010e0       0x22 CMakeFiles/print.dir/Users/prarthana/Pico/pico-sdk/src/common/pico_time/time.c.obj
 .text.make_timeout_time_us
                0x10001102       0x24 CMakeFiles/print.dir/Users/prarthana/Pico/pico-sdk/src/common/pico_time/time.c.obj
 *fill*         0x10001126        0x2 
 .text.add_alarm_under_lock
                0x10001128       0x94 CMakeFiles/print.dir/Users/prarthana/Pico/pico-sdk/src/common/pico_time/time.c.obj
 .text.alarm_pool_alarm_callback
                0x100011bc      0x210 CMakeFiles/print.dir/Users/prarthana/Pico/pico-sdk/src/common/pico_time/time.c.obj
 .text.alarm_pool_init_default
                0x100013cc       0x40 CMakeFiles/print.dir/Users/prarthana/Pico/pico-sdk/src/common/pico_time/time.c.obj
                0x100013cc                alarm_pool_init_default
 .text.alarm_pool_get_default
                0x1000140c       0x2c CMakeFiles/print.dir/Users/prarthana/Pico/pico-sdk/src/common/pico_time/time.c.obj
                0x1000140c                alarm_pool_get_default
 .text.alarm_pool_add_alarm_at
                0x10001438      0x10e CMakeFiles/print.dir/Users/prarthana/Pico/pico-sdk/src/common/pico_time/time.c.obj
                0x10001438                alarm_pool_add_alarm_at
 .text.add_alarm_at
                0x10001546       0x2e CMakeFiles/print.dir/Users/prarthana/Pico/pico-sdk/src/common/pico_time/time.c.obj
 .text.alarm_pool_cancel_alarm
                0x10001574       0xa8 CMakeFiles/print.dir/Users/prarthana/Pico/pico-sdk/src/common/pico_time/time.c.obj
                0x10001574                alarm_pool_cancel_alarm
 .text.cancel_alarm
                0x1000161c       0x10 CMakeFiles/print.dir/Users/prarthana/Pico/pico-sdk/src/common/pico_time/time.c.obj
 .text.alarm_pool_core_num
                0x1000162c        0x4 CMakeFiles/print.dir/Users/prarthana/Pico/pico-sdk/src/common/pico_time/time.c.obj
                0x1000162c                alarm_pool_core_num
 .text.sleep_until
                0x10001630       0xb0 CMakeFiles/print.dir/Users/prarthana/Pico/pico-sdk/src/common/pico_time/time.c.obj
                0x10001630                sleep_until
 .text.sleep_us
                0x100016e0       0x1a CMakeFiles/print.dir/Users/prarthana/Pico/pico-sdk/src/common/pico_time/time.c.obj
                0x100016e0                sleep_us
 .text.sleep_ms
                0x100016fa       0x14 CMakeFiles/print.dir/Users/prarthana/Pico/pico-sdk/src/common/pico_time/time.c.obj
                0x100016fa                sleep_ms
 *fill*         0x1000170e        0x2 
 .text.best_effort_wfe_or_timeout
                0x10001710       0x44 CMakeFiles/print.dir/Users/prarthana/Pico/pico-sdk/src/common/pico_time/time.c.obj
                0x10001710                best_effort_wfe_or_timeout
 .text.update_us_since_boot
                0x10001754       0x24 CMakeFiles/print.dir/Users/prarthana/Pico/pico-sdk/src/rp2_common/hardware_timer/timer.c.obj
 .text.hardware_alarm_irq_handler
                0x10001778       0x8c CMakeFiles/print.dir/Users/prarthana/Pico/pico-sdk/src/rp2_common/hardware_timer/timer.c.obj
 .text.hardware_alarm_claim
                0x10001804       0x18 CMakeFiles/print.dir/Users/prarthana/Pico/pico-sdk/src/rp2_common/hardware_timer/timer.c.obj
                0x10001804                hardware_alarm_claim
 .text.time_us_64
                0x1000181c       0x18 CMakeFiles/print.dir/Users/prarthana/Pico/pico-sdk/src/rp2_common/hardware_timer/timer.c.obj
                0x1000181c                time_us_64
 .text.busy_wait_until
                0x10001834       0x28 CMakeFiles/print.dir/Users/prarthana/Pico/pico-sdk/src/rp2_common/hardware_timer/timer.c.obj
                0x10001834                busy_wait_until
 .text.busy_wait_us
                0x1000185c       0x3a CMakeFiles/print.dir/Users/prarthana/Pico/pico-sdk/src/rp2_common/hardware_timer/timer.c.obj
                0x1000185c                busy_wait_us
 *fill*         0x10001896        0x2 
 .text.hardware_alarm_set_callback
                0x10001898       0x90 CMakeFiles/print.dir/Users/prarthana/Pico/pico-sdk/src/rp2_common/hardware_timer/timer.c.obj
                0x10001898                hardware_alarm_set_callback
 .text.hardware_alarm_set_target
                0x10001928       0xe8 CMakeFiles/print.dir/Users/prarthana/Pico/pico-sdk/src/rp2_common/hardware_timer/timer.c.obj
                0x10001928                hardware_alarm_set_target
 .text.hardware_alarm_cancel
                0x10001a10       0x40 CMakeFiles/print.dir/Users/prarthana/Pico/pico-sdk/src/rp2_common/hardware_timer/timer.c.obj
                0x10001a10                hardware_alarm_cancel
 .text.ph_get_node
                0x10001a50       0x30 CMakeFiles/print.dir/Users/prarthana/Pico/pico-sdk/src/common/pico_util/pheap.c.obj
 .text.ph_add_child_node
                0x10001a80       0x6c CMakeFiles/print.dir/Users/prarthana/Pico/pico-sdk/src/common/pico_util/pheap.c.obj
 .text.ph_merge_nodes
                0x10001aec       0x3e CMakeFiles/print.dir/Users/prarthana/Pico/pico-sdk/src/common/pico_util/pheap.c.obj
 .text.ph_clear
                0x10001b2a       0x34 CMakeFiles/print.dir/Users/prarthana/Pico/pico-sdk/src/common/pico_util/pheap.c.obj
                0x10001b2a                ph_clear
 .text.ph_post_alloc_init
                0x10001b5e        0xe CMakeFiles/print.dir/Users/prarthana/Pico/pico-sdk/src/common/pico_util/pheap.c.obj
                0x10001b5e                ph_post_alloc_init
 .text.ph_merge_two_pass
                0x10001b6c       0x5c CMakeFiles/print.dir/Users/prarthana/Pico/pico-sdk/src/common/pico_util/pheap.c.obj
                0x10001b6c                ph_merge_two_pass
 .text.ph_remove_any_head
                0x10001bc8       0xc0 CMakeFiles/print.dir/Users/prarthana/Pico/pico-sdk/src/common/pico_util/pheap.c.obj
 .text.ph_remove_head
                0x10001c88       0x14 CMakeFiles/print.dir/Users/prarthana/Pico/pico-sdk/src/common/pico_util/pheap.c.obj
                0x10001c88                ph_remove_head
 .text.ph_remove_and_free_node
                0x10001c9c       0xa0 CMakeFiles/print.dir/Users/prarthana/Pico/pico-sdk/src/common/pico_util/pheap.c.obj
                0x10001c9c                ph_remove_and_free_node
 .text.clock_configure
                0x10001d3c      0x108 CMakeFiles/print.dir/Users/prarthana/Pico/pico-sdk/src/rp2_common/hardware_clocks/clocks.c.obj
                0x10001d3c                clock_configure
 .text.clocks_init
                0x10001e44      0x100 CMakeFiles/print.dir/Users/prarthana/Pico/pico-sdk/src/rp2_common/hardware_clocks/clocks.c.obj
                0x10001e44                clocks_init
 .text.pll_init
                0x10001f44      0x120 CMakeFiles/print.dir/Users/prarthana/Pico/pico-sdk/src/rp2_common/hardware_pll/pll.c.obj
                0x10001f44                pll_init
 .text.watchdog_start_tick
                0x10002064       0x10 CMakeFiles/print.dir/Users/prarthana/Pico/pico-sdk/src/rp2_common/hardware_watchdog/watchdog.c.obj
                0x10002064                watchdog_start_tick
 .text.watchdog_update
                0x10002074       0x14 CMakeFiles/print.dir/Users/prarthana/Pico/pico-sdk/src/rp2_common/hardware_watchdog/watchdog.c.obj
                0x10002074                watchdog_update
 .text._watchdog_enable
                0x10002088       0x78 CMakeFiles/print.dir/Users/prarthana/Pico/pico-sdk/src/rp2_common/hardware_watchdog/watchdog.c.obj
                0x10002088                _watchdog_enable
 .text.watchdog_reboot
                0x10002100       0x48 CMakeFiles/print.dir/Users/prarthana/Pico/pico-sdk/src/rp2_common/hardware_watchdog/watchdog.c.obj
                0x10002100                watchdog_reboot
 .text.xosc_init
                0x10002148       0x28 CMakeFiles/print.dir/Users/prarthana/Pico/pico-sdk/src/rp2_common/hardware_xosc/xosc.c.obj
                0x10002148                xosc_init
 .text._exit    0x10002170        0x4 CMakeFiles/print.dir/Users/prarthana/Pico/pico-sdk/src/rp2_common/pico_runtime/runtime.c.obj
                0x10002170                _exit
 .text._sbrk    0x10002174       0x38 CMakeFiles/print.dir/Users/prarthana/Pico/pico-sdk/src/rp2_common/pico_runtime/runtime.c.obj
                0x10002174                _sbrk
 .text.exit     0x100021ac        0x6 CMakeFiles/print.dir/Users/prarthana/Pico/pico-sdk/src/rp2_common/pico_runtime/runtime.c.obj
                0x100021ac                exit
 *fill*         0x100021b2        0x2 
 .text.__assert_func
                0x100021b4       0x38 CMakeFiles/print.dir/Users/prarthana/Pico/pico-sdk/src/rp2_common/pico_runtime/runtime.c.obj
                0x100021b4                __assert_func
 .text.runtime_init
                0x100021ec       0xf8 CMakeFiles/print.dir/Users/prarthana/Pico/pico-sdk/src/rp2_common/pico_runtime/runtime.c.obj
                0x100021ec                runtime_init
 .text.panic    0x100022e4       0x30 CMakeFiles/print.dir/Users/prarthana/Pico/pico-sdk/src/rp2_common/pico_runtime/runtime.c.obj
                0x100022e4                panic
 .text._out_buffer
                0x10002314        0x8 CMakeFiles/print.dir/Users/prarthana/Pico/pico-sdk/src/rp2_common/pico_printf/printf.c.obj
 .text._out_null
                0x1000231c        0x2 CMakeFiles/print.dir/Users/prarthana/Pico/pico-sdk/src/rp2_common/pico_printf/printf.c.obj
 .text._out_fct
                0x1000231e        0xe CMakeFiles/print.dir/Users/prarthana/Pico/pico-sdk/src/rp2_common/pico_printf/printf.c.obj
 .text._atoi    0x1000232c       0x24 CMakeFiles/print.dir/Users/prarthana/Pico/pico-sdk/src/rp2_common/pico_printf/printf.c.obj
 .text._out_rev
                0x10002350       0xae CMakeFiles/print.dir/Users/prarthana/Pico/pico-sdk/src/rp2_common/pico_printf/printf.c.obj
 .text._ntoa_format
                0x100023fe      0x110 CMakeFiles/print.dir/Users/prarthana/Pico/pico-sdk/src/rp2_common/pico_printf/printf.c.obj
 .text._ntoa_long
                0x1000250e       0xbc CMakeFiles/print.dir/Users/prarthana/Pico/pico-sdk/src/rp2_common/pico_printf/printf.c.obj
 .text._ntoa_long_long
                0x100025ca      0x10e CMakeFiles/print.dir/Users/prarthana/Pico/pico-sdk/src/rp2_common/pico_printf/printf.c.obj
 .text._etoa    0x100026d8      0x420 CMakeFiles/print.dir/Users/prarthana/Pico/pico-sdk/src/rp2_common/pico_printf/printf.c.obj
 .text._ftoa    0x10002af8      0x354 CMakeFiles/print.dir/Users/prarthana/Pico/pico-sdk/src/rp2_common/pico_printf/printf.c.obj
 .text._vsnprintf
                0x10002e4c      0x668 CMakeFiles/print.dir/Users/prarthana/Pico/pico-sdk/src/rp2_common/pico_printf/printf.c.obj
 .text.__wrap_sprintf
                0x100034b4       0x2c CMakeFiles/print.dir/Users/prarthana/Pico/pico-sdk/src/rp2_common/pico_printf/printf.c.obj
                0x100034b4                __wrap_sprintf
 .text.vfctprintf
                0x100034e0       0x20 CMakeFiles/print.dir/Users/prarthana/Pico/pico-sdk/src/rp2_common/pico_printf/printf.c.obj
                0x100034e0                vfctprintf
 .text          0x10003500       0x10 CMakeFiles/print.dir/Users/prarthana/Pico/pico-sdk/src/rp2_common/pico_bit_ops/bit_ops_aeabi.S.obj
 .text.rom_func_lookup
                0x10003510       0x10 CMakeFiles/print.dir/Users/prarthana/Pico/pico-sdk/src/rp2_common/pico_bootrom/bootrom.c.obj
                0x10003510                rom_func_lookup
 .text.rom_data_lookup
                0x10003520       0x10 CMakeFiles/print.dir/Users/prarthana/Pico/pico-sdk/src/rp2_common/pico_bootrom/bootrom.c.obj
                0x10003520                rom_data_lookup
 .text.rom_funcs_lookup
                0x10003530       0x36 CMakeFiles/print.dir/Users/prarthana/Pico/pico-sdk/src/rp2_common/pico_bootrom/bootrom.c.obj
                0x10003530                rom_funcs_lookup
 *fill*         0x10003566        0x2 
 .text.__wrap___aeabi_idiv
                0x10003568       0x50 CMakeFiles/print.dir/Users/prarthana/Pico/pico-sdk/src/rp2_common/pico_divider/divider.S.obj
                0x10003568                __wrap___aeabi_idivmod
                0x10003568                divmod_s32s32
                0x10003568                div_s32s32
                0x10003568                __wrap___aeabi_idiv
                0x10003570                divmod_s32s32_unsafe
                0x1000359c                divmod_s32s32_savestate
 .text.__wrap___aeabi_uidiv
                0x100035b8       0x4c CMakeFiles/print.dir/Users/prarthana/Pico/pico-sdk/src/rp2_common/pico_divider/divider.S.obj
                0x100035b8                __wrap___aeabi_uidiv
                0x100035b8                __wrap___aeabi_uidivmod
                0x100035b8                div_u32u32
                0x100035b8                divmod_u32u32
                0x100035c0                divmod_u32u32_unsafe
                0x100035e8                divmod_u32u32_savestate
 .text.__wrap___aeabi_ldiv
                0x10003604      0x424 CMakeFiles/print.dir/Users/prarthana/Pico/pico-sdk/src/rp2_common/pico_divider/divider.S.obj
                0x10003604                __wrap___aeabi_ldivmod
                0x10003604                div_s64s64
                0x10003604                divmod_s64s64
                0x10003634                divmod_u64u64
                0x10003634                div_u64u64
                0x10003634                __wrap___aeabi_uldivmod
                0x10003644                divmod_u64u64_savestate
                0x10003664                divmod_s64s64_unsafe
                0x100036ec                divmod_u64u64_unsafe
 .text.__wrap___aeabi_darithmetic
                0x10003a28       0x80 CMakeFiles/print.dir/Users/prarthana/Pico/pico-sdk/src/rp2_common/pico_double/double_aeabi.S.obj
                0x10003a28                __wrap___aeabi_drsub
                0x10003a2e                __wrap___aeabi_dsub
                0x10003a40                __wrap___aeabi_dadd
                0x10003a52                __wrap___aeabi_ddiv
                0x10003a8e                __wrap___aeabi_dmul
 .text.__wrap___aeabi_cdcmple
                0x10003aa8       0x6c CMakeFiles/print.dir/Users/prarthana/Pico/pico-sdk/src/rp2_common/pico_double/double_aeabi.S.obj
                0x10003aa8                __wrap___aeabi_cdrcmple
                0x10003ab8                __wrap___aeabi_cdcmple
                0x10003ab8                __wrap___aeabi_cdcmpeq
 .text.__wrap___aeabi_dcmpeq
                0x10003b14       0x10 CMakeFiles/print.dir/Users/prarthana/Pico/pico-sdk/src/rp2_common/pico_double/double_aeabi.S.obj
                0x10003b14                __wrap___aeabi_dcmpeq
 .text.__wrap___aeabi_dcmplt
                0x10003b24        0xc CMakeFiles/print.dir/Users/prarthana/Pico/pico-sdk/src/rp2_common/pico_double/double_aeabi.S.obj
                0x10003b24                __wrap___aeabi_dcmplt
 .text.__wrap___aeabi_dcmple
                0x10003b30       0x10 CMakeFiles/print.dir/Users/prarthana/Pico/pico-sdk/src/rp2_common/pico_double/double_aeabi.S.obj
                0x10003b30                __wrap___aeabi_dcmple
 .text.__wrap___aeabi_dcmpge
                0x10003b40       0x10 CMakeFiles/print.dir/Users/prarthana/Pico/pico-sdk/src/rp2_common/pico_double/double_aeabi.S.obj
                0x10003b40                __wrap___aeabi_dcmpge
 .text.__wrap___aeabi_dcmpgt
                0x10003b50        0xa CMakeFiles/print.dir/Users/prarthana/Pico/pico-sdk/src/rp2_common/pico_double/double_aeabi.S.obj
                0x10003b50                __wrap___aeabi_dcmpgt
 .text.__wrap___aeabi_dcmpun
                0x10003b5a       0x1c CMakeFiles/print.dir/Users/prarthana/Pico/pico-sdk/src/rp2_common/pico_double/double_aeabi.S.obj
                0x10003b5a                __wrap___aeabi_dcmpun
 *fill*         0x10003b76        0x2 
 .text.__wrap___aeabi_i2d
                0x10003b78       0x38 CMakeFiles/print.dir/Users/prarthana/Pico/pico-sdk/src/rp2_common/pico_double/double_aeabi.S.obj
                0x10003b78                __wrap___aeabi_ui2d
                0x10003b80                __wrap___aeabi_i2d
 .text.__wrap___aeabi_d2iz
                0x10003bb0       0x48 CMakeFiles/print.dir/Users/prarthana/Pico/pico-sdk/src/rp2_common/pico_double/double_aeabi.S.obj
                0x10003bb0                __wrap___aeabi_d2iz
                0x10003bb0                double2int_z
 .text.__wrap___aeabi_d2uiz
                0x10003bf8       0x18 CMakeFiles/print.dir/Users/prarthana/Pico/pico-sdk/src/rp2_common/pico_double/double_aeabi.S.obj
                0x10003bf8                double2uint
                0x10003bf8                __wrap___aeabi_d2uiz
 .text.__wrap___aeabi_l2d
                0x10003c10       0x18 CMakeFiles/print.dir/Users/prarthana/Pico/pico-sdk/src/rp2_common/pico_double/double_aeabi.S.obj
                0x10003c10                __wrap___aeabi_l2d
 .text.__wrap___aeabi_d2lz
                0x10003c28       0x26 CMakeFiles/print.dir/Users/prarthana/Pico/pico-sdk/src/rp2_common/pico_double/double_aeabi.S.obj
                0x10003c28                __wrap___aeabi_d2lz
                0x10003c28                double2int64_z
 *fill*         0x10003c4e        0x2 
 .text.double2int64
                0x10003c50       0x18 CMakeFiles/print.dir/Users/prarthana/Pico/pico-sdk/src/rp2_common/pico_double/double_aeabi.S.obj
                0x10003c50                double2int64
 .text.double2ufix64
                0x10003c68       0x18 CMakeFiles/print.dir/Users/prarthana/Pico/pico-sdk/src/rp2_common/pico_double/double_aeabi.S.obj
                0x10003c68                double2ufix64
 .text.__wrap___aeabi_d2f
                0x10003c80       0x18 CMakeFiles/print.dir/Users/prarthana/Pico/pico-sdk/src/rp2_common/pico_double/double_aeabi.S.obj
                0x10003c80                __wrap___aeabi_d2f
 .text.__aeabi_double_init
                0x10003c98       0xcc CMakeFiles/print.dir/Users/prarthana/Pico/pico-sdk/src/rp2_common/pico_double/double_init_rom.c.obj
                0x10003c98                __aeabi_double_init
 .text.double_table_shim_on_use_helper
                0x10003d64       0x34 CMakeFiles/print.dir/Users/prarthana/Pico/pico-sdk/src/rp2_common/pico_double/double_v1_rom_shim.S.obj
                0x10003d64                double_table_shim_on_use_helper
 .text.__wrap___aeabi_dsub
                0x10003d98       0x10 CMakeFiles/print.dir/Users/prarthana/Pico/pico-sdk/src/rp2_common/pico_double/double_v1_rom_shim.S.obj
                0x10003d98                drsub_shim
                0x10003d9e                dsub_shim
 .text.dadd_shim
                0x10003da8      0x15c CMakeFiles/print.dir/Users/prarthana/Pico/pico-sdk/src/rp2_common/pico_double/double_v1_rom_shim.S.obj
                0x10003da8                dadd_shim
 .text.dmul_shim
                0x10003f04      0x15c CMakeFiles/print.dir/Users/prarthana/Pico/pico-sdk/src/rp2_common/pico_double/double_v1_rom_shim.S.obj
                0x10003f04                dmul_shim
 .text.ddiv_shim
                0x10004060      0x1b0 CMakeFiles/print.dir/Users/prarthana/Pico/pico-sdk/src/rp2_common/pico_double/double_v1_rom_shim.S.obj
                0x10004060                ddiv_shim
 .text.double2uint_shim
                0x10004210        0xe CMakeFiles/print.dir/Users/prarthana/Pico/pico-sdk/src/rp2_common/pico_double/double_v1_rom_shim.S.obj
                0x10004210                double2uint_shim
                0x10004212                double2ufix_shim
 .text.double2int64_shim
                0x1000421e       0x1a CMakeFiles/print.dir/Users/prarthana/Pico/pico-sdk/src/rp2_common/pico_double/double_v1_rom_shim.S.obj
                0x1000421e                double2int64_shim
                0x10004220                double2fix64_shim
 .text.double2uint64_shim
                0x10004238       0x70 CMakeFiles/print.dir/Users/prarthana/Pico/pico-sdk/src/rp2_common/pico_double/double_v1_rom_shim.S.obj
                0x10004238                double2uint64_shim
                0x1000423a                double2ufix64_shim
                0x1000425a                d2fix_a
 .text.double2float_shim
                0x100042a8       0x5c CMakeFiles/print.dir/Users/prarthana/Pico/pico-sdk/src/rp2_common/pico_double/double_v1_rom_shim.S.obj
                0x100042a8                double2float_shim
 .text.x2double_shims
                0x10004304       0x90 CMakeFiles/print.dir/Users/prarthana/Pico/pico-sdk/src/rp2_common/pico_double/double_v1_rom_shim.S.obj
                0x10004304                uint2double_shim
                0x10004306                ufix2double_shim
                0x1000430c                int2double_shim
                0x1000430e                fix2double_shim
                0x10004314                uint642double_shim
                0x10004316                ufix642double_shim
                0x1000431c                int642double_shim
                0x1000431e                fix642double_shim
 .text.dunpacks
                0x10004394       0x3c CMakeFiles/print.dir/Users/prarthana/Pico/pico-sdk/src/rp2_common/pico_double/double_v1_rom_shim.S.obj
                0x10004394                dunpacks
 .text.__aeabi_lmul
                0x100043d0       0x32 CMakeFiles/print.dir/Users/prarthana/Pico/pico-sdk/src/rp2_common/pico_int64_ops/pico_int64_ops_aeabi.S.obj
                0x100043d0                __wrap___aeabi_lmul
 *fill*         0x10004402        0x2 
 .text.__aeabi_float_init
                0x10004404       0xfc CMakeFiles/print.dir/Users/prarthana/Pico/pico-sdk/src/rp2_common/pico_float/float_init_rom.c.obj
                0x10004404                __aeabi_float_init
 .text.float_table_shim_on_use_helper
                0x10004500       0x34 CMakeFiles/print.dir/Users/prarthana/Pico/pico-sdk/src/rp2_common/pico_float/float_v1_rom_shim.S.obj
                0x10004500                float_table_shim_on_use_helper
 .text.check_alloc
                0x10004534       0x20 CMakeFiles/print.dir/Users/prarthana/Pico/pico-sdk/src/rp2_common/pico_malloc/pico_malloc.c.obj
 .text.__wrap_malloc
                0x10004554       0x14 CMakeFiles/print.dir/Users/prarthana/Pico/pico-sdk/src/rp2_common/pico_malloc/pico_malloc.c.obj
                0x10004554                __wrap_malloc
 .text.__wrap_realloc
                0x10004568       0x14 CMakeFiles/print.dir/Users/prarthana/Pico/pico-sdk/src/rp2_common/pico_malloc/pico_malloc.c.obj
                0x10004568                __wrap_realloc
 .text.__wrap_free
                0x1000457c        0x8 CMakeFiles/print.dir/Users/prarthana/Pico/pico-sdk/src/rp2_common/pico_malloc/pico_malloc.c.obj
                0x1000457c                __wrap_free
 .text          0x10004584       0x10 CMakeFiles/print.dir/Users/prarthana/Pico/pico-sdk/src/rp2_common/pico_mem_ops/mem_ops_aeabi.S.obj
                0x10004584                __aeabi_mem_init
 .text.memset   0x10004594        0xc CMakeFiles/print.dir/Users/prarthana/Pico/pico-sdk/src/rp2_common/pico_mem_ops/mem_ops_aeabi.S.obj
                0x10004594                __wrap_memset
 .text.memcpy   0x100045a0        0xc CMakeFiles/print.dir/Users/prarthana/Pico/pico-sdk/src/rp2_common/pico_mem_ops/mem_ops_aeabi.S.obj
                0x100045a0                __wrap___aeabi_memcpy
                0x100045a0                __wrap_memcpy
 .text.time_reached
                0x100045ac       0x28 CMakeFiles/print.dir/Users/prarthana/Pico/pico-sdk/src/rp2_common/pico_stdio/stdio.c.obj
 .text.stdio_out_chars_no_crlf
                0x100045d4        0xe CMakeFiles/print.dir/Users/prarthana/Pico/pico-sdk/src/rp2_common/pico_stdio/stdio.c.obj
 *fill*         0x100045e2        0x2 
 .text.stdio_out_chars_crlf
                0x100045e4       0x80 CMakeFiles/print.dir/Users/prarthana/Pico/pico-sdk/src/rp2_common/pico_stdio/stdio.c.obj
 .text.stdio_stack_buffer_flush
                0x10004664       0x44 CMakeFiles/print.dir/Users/prarthana/Pico/pico-sdk/src/rp2_common/pico_stdio/stdio.c.obj
 .text.stdio_buffered_printer
                0x100046a8       0x20 CMakeFiles/print.dir/Users/prarthana/Pico/pico-sdk/src/rp2_common/pico_stdio/stdio.c.obj
 .text.update_us_since_boot
                0x100046c8       0x24 CMakeFiles/print.dir/Users/prarthana/Pico/pico-sdk/src/rp2_common/pico_stdio/stdio.c.obj
 .text.get_absolute_time
                0x100046ec       0x22 CMakeFiles/print.dir/Users/prarthana/Pico/pico-sdk/src/rp2_common/pico_stdio/stdio.c.obj
 *fill*         0x1000470e        0x2 
 .text.delayed_by_ms
                0x10004710       0x44 CMakeFiles/print.dir/Users/prarthana/Pico/pico-sdk/src/rp2_common/pico_stdio/stdio.c.obj
 .text.make_timeout_time_ms
                0x10004754       0x20 CMakeFiles/print.dir/Users/prarthana/Pico/pico-sdk/src/rp2_common/pico_stdio/stdio.c.obj
 .text.stdio_get_until
                0x10004774       0x64 CMakeFiles/print.dir/Users/prarthana/Pico/pico-sdk/src/rp2_common/pico_stdio/stdio.c.obj
 .text.stdout_serialize_begin
                0x100047d8       0x20 CMakeFiles/print.dir/Users/prarthana/Pico/pico-sdk/src/rp2_common/pico_stdio/stdio.c.obj
                0x100047d8                stdout_serialize_begin
 .text.stdout_serialize_end
                0x100047f8       0x10 CMakeFiles/print.dir/Users/prarthana/Pico/pico-sdk/src/rp2_common/pico_stdio/stdio.c.obj
                0x100047f8                stdout_serialize_end
 .text.stdio_put_string
                0x10004808       0x98 CMakeFiles/print.dir/Users/prarthana/Pico/pico-sdk/src/rp2_common/pico_stdio/stdio.c.obj
 .text._read    0x100048a0       0x24 CMakeFiles/print.dir/Users/prarthana/Pico/pico-sdk/src/rp2_common/pico_stdio/stdio.c.obj
                0x100048a0                _read
 .text._write   0x100048c4       0x22 CMakeFiles/print.dir/Users/prarthana/Pico/pico-sdk/src/rp2_common/pico_stdio/stdio.c.obj
                0x100048c4                _write
 .text._close   0x100048e6        0x6 CMakeFiles/print.dir/Users/prarthana/Pico/pico-sdk/src/rp2_common/pico_stdio/stdio.c.obj
                0x100048e6                _close
 .text._lseek   0x100048ec        0x6 CMakeFiles/print.dir/Users/prarthana/Pico/pico-sdk/src/rp2_common/pico_stdio/stdio.c.obj
                0x100048ec                _lseek
 .text._fstat   0x100048f2        0x6 CMakeFiles/print.dir/Users/prarthana/Pico/pico-sdk/src/rp2_common/pico_stdio/stdio.c.obj
                0x100048f2                _fstat
 .text._isatty  0x100048f8        0xc CMakeFiles/print.dir/Users/prarthana/Pico/pico-sdk/src/rp2_common/pico_stdio/stdio.c.obj
                0x100048f8                _isatty
 .text.stdio_set_driver_enabled
                0x10004904       0x2c CMakeFiles/print.dir/Users/prarthana/Pico/pico-sdk/src/rp2_common/pico_stdio/stdio.c.obj
                0x10004904                stdio_set_driver_enabled
 .text.stdio_flush
                0x10004930       0x20 CMakeFiles/print.dir/Users/prarthana/Pico/pico-sdk/src/rp2_common/pico_stdio/stdio.c.obj
                0x10004930                stdio_flush
 .text.__wrap_puts
                0x10004950       0x1e CMakeFiles/print.dir/Users/prarthana/Pico/pico-sdk/src/rp2_common/pico_stdio/stdio.c.obj
                0x10004950                __wrap_puts
 *fill*         0x1000496e        0x2 
 .text.__wrap_vprintf
                0x10004970       0x40 CMakeFiles/print.dir/Users/prarthana/Pico/pico-sdk/src/rp2_common/pico_stdio/stdio.c.obj
                0x10004970                __wrap_vprintf
 .text.__wrap_printf
                0x100049b0       0x18 CMakeFiles/print.dir/Users/prarthana/Pico/pico-sdk/src/rp2_common/pico_stdio/stdio.c.obj
                0x100049b0                __wrap_printf
 .text.stdio_init_all
                0x100049c8        0x8 CMakeFiles/print.dir/Users/prarthana/Pico/pico-sdk/src/rp2_common/pico_stdio/stdio.c.obj
                0x100049c8                stdio_init_all
 .text.resetd_init
                0x100049d0        0x2 CMakeFiles/print.dir/Users/prarthana/Pico/pico-sdk/src/rp2_common/pico_stdio_usb/reset_interface.c.obj
 *fill*         0x100049d2        0x2 
 .text.resetd_reset
                0x100049d4        0xc CMakeFiles/print.dir/Users/prarthana/Pico/pico-sdk/src/rp2_common/pico_stdio_usb/reset_interface.c.obj
 .text.resetd_open
                0x100049e0       0x34 CMakeFiles/print.dir/Users/prarthana/Pico/pico-sdk/src/rp2_common/pico_stdio_usb/reset_interface.c.obj
 .text.resetd_xfer_cb
                0x10004a14        0x4 CMakeFiles/print.dir/Users/prarthana/Pico/pico-sdk/src/rp2_common/pico_stdio_usb/reset_interface.c.obj
 .text.reset_usb_boot
                0x10004a18       0x18 CMakeFiles/print.dir/Users/prarthana/Pico/pico-sdk/src/rp2_common/pico_stdio_usb/reset_interface.c.obj
 .text.resetd_control_xfer_cb
                0x10004a30       0x5c CMakeFiles/print.dir/Users/prarthana/Pico/pico-sdk/src/rp2_common/pico_stdio_usb/reset_interface.c.obj
 .text.usbd_app_driver_get_cb
                0x10004a8c        0xc CMakeFiles/print.dir/Users/prarthana/Pico/pico-sdk/src/rp2_common/pico_stdio_usb/reset_interface.c.obj
                0x10004a8c                usbd_app_driver_get_cb
 .text.tud_cdc_line_coding_cb
                0x10004a98       0x28 CMakeFiles/print.dir/Users/prarthana/Pico/pico-sdk/src/rp2_common/pico_stdio_usb/reset_interface.c.obj
                0x10004a98                tud_cdc_line_coding_cb
 .text.stdio_usb_set_chars_available_callback
                0x10004ac0       0x14 CMakeFiles/print.dir/Users/prarthana/Pico/pico-sdk/src/rp2_common/pico_stdio_usb/stdio_usb.c.obj
                0x10004ac0                stdio_usb_set_chars_available_callback
 .text.update_us_since_boot
                0x10004ad4       0x24 CMakeFiles/print.dir/Users/prarthana/Pico/pico-sdk/src/rp2_common/pico_stdio_usb/stdio_usb.c.obj
 .text.get_absolute_time
                0x10004af8       0x22 CMakeFiles/print.dir/Users/prarthana/Pico/pico-sdk/src/rp2_common/pico_stdio_usb/stdio_usb.c.obj
 *fill*         0x10004b1a        0x2 
 .text.delayed_by_ms
                0x10004b1c       0x44 CMakeFiles/print.dir/Users/prarthana/Pico/pico-sdk/src/rp2_common/pico_stdio_usb/stdio_usb.c.obj
 .text.make_timeout_time_ms
                0x10004b60       0x20 CMakeFiles/print.dir/Users/prarthana/Pico/pico-sdk/src/rp2_common/pico_stdio_usb/stdio_usb.c.obj
 .text.delayed_by_us
                0x10004b80       0x34 CMakeFiles/print.dir/Users/prarthana/Pico/pico-sdk/src/rp2_common/pico_stdio_usb/stdio_usb.c.obj
 .text.usb_irq  0x10004bb4       0x10 CMakeFiles/print.dir/Users/prarthana/Pico/pico-sdk/src/rp2_common/pico_stdio_usb/stdio_usb.c.obj
 .text.critical_section_enter_blocking
                0x10004bc4       0x16 CMakeFiles/print.dir/Users/prarthana/Pico/pico-sdk/src/rp2_common/pico_stdio_usb/stdio_usb.c.obj
 *fill*         0x10004bda        0x2 
 .text.timer_task
                0x10004bdc       0x4c CMakeFiles/print.dir/Users/prarthana/Pico/pico-sdk/src/rp2_common/pico_stdio_usb/stdio_usb.c.obj
 .text.alarm_pool_add_alarm_in_us
                0x10004c28       0x3a CMakeFiles/print.dir/Users/prarthana/Pico/pico-sdk/src/rp2_common/pico_stdio_usb/stdio_usb.c.obj
 .text.add_alarm_in_us
                0x10004c62       0x2e CMakeFiles/print.dir/Users/prarthana/Pico/pico-sdk/src/rp2_common/pico_stdio_usb/stdio_usb.c.obj
 .text.low_priority_worker_irq
                0x10004c90       0x7c CMakeFiles/print.dir/Users/prarthana/Pico/pico-sdk/src/rp2_common/pico_stdio_usb/stdio_usb.c.obj
 .text.tud_cdc_rx_cb
                0x10004d0c       0x20 CMakeFiles/print.dir/Users/prarthana/Pico/pico-sdk/src/rp2_common/pico_stdio_usb/stdio_usb.c.obj
                0x10004d0c                tud_cdc_rx_cb
 .text.stdio_usb_init
                0x10004d2c       0xd0 CMakeFiles/print.dir/Users/prarthana/Pico/pico-sdk/src/rp2_common/pico_stdio_usb/stdio_usb.c.obj
                0x10004d2c                stdio_usb_init
 .text.stdio_usb_connected
                0x10004dfc        0xa CMakeFiles/print.dir/Users/prarthana/Pico/pico-sdk/src/rp2_common/pico_stdio_usb/stdio_usb.c.obj
                0x10004dfc                stdio_usb_connected
 *fill*         0x10004e06        0x2 
 .text.stdio_usb_in_chars
                0x10004e08       0x88 CMakeFiles/print.dir/Users/prarthana/Pico/pico-sdk/src/rp2_common/pico_stdio_usb/stdio_usb.c.obj
                0x10004e08                stdio_usb_in_chars
 .text.stdio_usb_out_chars
                0x10004e90       0xd8 CMakeFiles/print.dir/Users/prarthana/Pico/pico-sdk/src/rp2_common/pico_stdio_usb/stdio_usb.c.obj
 .text.tud_descriptor_device_cb
                0x10004f68        0x8 CMakeFiles/print.dir/Users/prarthana/Pico/pico-sdk/src/rp2_common/pico_stdio_usb/stdio_usb_descriptors.c.obj
                0x10004f68                tud_descriptor_device_cb
 .text.tud_descriptor_configuration_cb
                0x10004f70        0x8 CMakeFiles/print.dir/Users/prarthana/Pico/pico-sdk/src/rp2_common/pico_stdio_usb/stdio_usb_descriptors.c.obj
                0x10004f70                tud_descriptor_configuration_cb
 .text.tud_descriptor_string_cb
                0x10004f78       0x6c CMakeFiles/print.dir/Users/prarthana/Pico/pico-sdk/src/rp2_common/pico_stdio_usb/stdio_usb_descriptors.c.obj
                0x10004f78                tud_descriptor_string_cb
 .text._retrieve_unique_id_on_boot
                0x10004fe4       0x10 CMakeFiles/print.dir/Users/prarthana/Pico/pico-sdk/src/rp2_common/pico_unique_id/unique_id.c.obj
 .text.pico_get_unique_board_id_string
                0x10004ff4       0x5c CMakeFiles/print.dir/Users/prarthana/Pico/pico-sdk/src/rp2_common/pico_unique_id/unique_id.c.obj
                0x10004ff4                pico_get_unique_board_id_string
 .text.flash_get_unique_id
                0x10005050       0x40 CMakeFiles/print.dir/Users/prarthana/Pico/pico-sdk/src/rp2_common/hardware_flash/flash.c.obj
                0x10005050                flash_get_unique_id
 .text.hw_endpoint_get_by_addr
                0x10005090       0x18 CMakeFiles/print.dir/Users/prarthana/Pico/pico-sdk/lib/tinyusb/src/portable/raspberrypi/rp2040/dcd_rp2040.c.obj
 .text._hw_endpoint_alloc
                0x100050a8       0x70 CMakeFiles/print.dir/Users/prarthana/Pico/pico-sdk/lib/tinyusb/src/portable/raspberrypi/rp2040/dcd_rp2040.c.obj
 .text.hw_endpoint_init
                0x10005118       0x88 CMakeFiles/print.dir/Users/prarthana/Pico/pico-sdk/lib/tinyusb/src/portable/raspberrypi/rp2040/dcd_rp2040.c.obj
 .text.dcd_event_sof
                0x100051a0       0x2c CMakeFiles/print.dir/Users/prarthana/Pico/pico-sdk/lib/tinyusb/src/portable/raspberrypi/rp2040/dcd_rp2040.c.obj
 .text.hw_endpoint_xfer
                0x100051cc       0x14 CMakeFiles/print.dir/Users/prarthana/Pico/pico-sdk/lib/tinyusb/src/portable/raspberrypi/rp2040/dcd_rp2040.c.obj
 .text.dcd_int_enable
                0x100051e0       0x2c CMakeFiles/print.dir/Users/prarthana/Pico/pico-sdk/lib/tinyusb/src/portable/raspberrypi/rp2040/dcd_rp2040.c.obj
                0x100051e0                dcd_int_enable
 .text.dcd_set_address
                0x1000520c       0x2c CMakeFiles/print.dir/Users/prarthana/Pico/pico-sdk/lib/tinyusb/src/portable/raspberrypi/rp2040/dcd_rp2040.c.obj
                0x1000520c                dcd_set_address
 .text.dcd_connect
                0x10005238       0x10 CMakeFiles/print.dir/Users/prarthana/Pico/pico-sdk/lib/tinyusb/src/portable/raspberrypi/rp2040/dcd_rp2040.c.obj
                0x10005238                dcd_connect
 .text.dcd_init
                0x10005248       0x80 CMakeFiles/print.dir/Users/prarthana/Pico/pico-sdk/lib/tinyusb/src/portable/raspberrypi/rp2040/dcd_rp2040.c.obj
                0x10005248                dcd_init
 .text.dcd_edpt0_status_complete
                0x100052c8       0x1c CMakeFiles/print.dir/Users/prarthana/Pico/pico-sdk/lib/tinyusb/src/portable/raspberrypi/rp2040/dcd_rp2040.c.obj
                0x100052c8                dcd_edpt0_status_complete
 .text.dcd_edpt_open
                0x100052e4       0x40 CMakeFiles/print.dir/Users/prarthana/Pico/pico-sdk/lib/tinyusb/src/portable/raspberrypi/rp2040/dcd_rp2040.c.obj
                0x100052e4                dcd_edpt_open
 .text.dcd_edpt_close_all
                0x10005324        0x8 CMakeFiles/print.dir/Users/prarthana/Pico/pico-sdk/lib/tinyusb/src/portable/raspberrypi/rp2040/dcd_rp2040.c.obj
                0x10005324                dcd_edpt_close_all
 .text.dcd_edpt_xfer
                0x1000532c       0x34 CMakeFiles/print.dir/Users/prarthana/Pico/pico-sdk/lib/tinyusb/src/portable/raspberrypi/rp2040/dcd_rp2040.c.obj
                0x1000532c                dcd_edpt_xfer
 .text.dcd_edpt_stall
                0x10005360       0x2c CMakeFiles/print.dir/Users/prarthana/Pico/pico-sdk/lib/tinyusb/src/portable/raspberrypi/rp2040/dcd_rp2040.c.obj
                0x10005360                dcd_edpt_stall
 .text.dcd_edpt_clear_stall
                0x1000538c       0x20 CMakeFiles/print.dir/Users/prarthana/Pico/pico-sdk/lib/tinyusb/src/portable/raspberrypi/rp2040/dcd_rp2040.c.obj
                0x1000538c                dcd_edpt_clear_stall
 .text.rp2040_usb_init
                0x100053ac       0x4c CMakeFiles/print.dir/Users/prarthana/Pico/pico-sdk/lib/tinyusb/src/portable/raspberrypi/rp2040/rp2040_usb.c.obj
                0x100053ac                rp2040_usb_init
 .text.hw_endpoint_xfer_start
                0x100053f8       0x50 CMakeFiles/print.dir/Users/prarthana/Pico/pico-sdk/lib/tinyusb/src/portable/raspberrypi/rp2040/rp2040_usb.c.obj
                0x100053f8                hw_endpoint_xfer_start
 .text.configuration_reset
                0x10005448       0x84 CMakeFiles/print.dir/Users/prarthana/Pico/pico-sdk/lib/tinyusb/src/device/usbd.c.obj
 .text.critical_section_enter_blocking
                0x100054cc       0x16 CMakeFiles/print.dir/Users/prarthana/Pico/pico-sdk/lib/tinyusb/src/device/usbd.c.obj
 .text.usbd_reset
                0x100054e2        0xc CMakeFiles/print.dir/Users/prarthana/Pico/pico-sdk/lib/tinyusb/src/device/usbd.c.obj
 .text.invoke_class_control
                0x100054ee       0x1a CMakeFiles/print.dir/Users/prarthana/Pico/pico-sdk/lib/tinyusb/src/device/usbd.c.obj
 .text.process_set_config
                0x10005508      0x178 CMakeFiles/print.dir/Users/prarthana/Pico/pico-sdk/lib/tinyusb/src/device/usbd.c.obj
 .text.process_get_descriptor
                0x10005680       0xdc CMakeFiles/print.dir/Users/prarthana/Pico/pico-sdk/lib/tinyusb/src/device/usbd.c.obj
 .text.tud_mounted
                0x1000575c       0x10 CMakeFiles/print.dir/Users/prarthana/Pico/pico-sdk/lib/tinyusb/src/device/usbd.c.obj
                0x1000575c                tud_mounted
 .text.tud_suspended
                0x1000576c       0x10 CMakeFiles/print.dir/Users/prarthana/Pico/pico-sdk/lib/tinyusb/src/device/usbd.c.obj
                0x1000576c                tud_suspended
 .text.tud_inited
                0x1000577c       0x14 CMakeFiles/print.dir/Users/prarthana/Pico/pico-sdk/lib/tinyusb/src/device/usbd.c.obj
                0x1000577c                tud_inited
 .text.tud_init
                0x10005790       0xcc CMakeFiles/print.dir/Users/prarthana/Pico/pico-sdk/lib/tinyusb/src/device/usbd.c.obj
                0x10005790                tud_init
 .text.usbd_defer_func
                0x1000585c       0x2a CMakeFiles/print.dir/Users/prarthana/Pico/pico-sdk/lib/tinyusb/src/device/usbd.c.obj
                0x1000585c                usbd_defer_func
 *fill*         0x10005886        0x2 
 .text.usbd_edpt_open
                0x10005888       0x34 CMakeFiles/print.dir/Users/prarthana/Pico/pico-sdk/lib/tinyusb/src/device/usbd.c.obj
                0x10005888                usbd_edpt_open
 .text.usbd_open_edpt_pair
                0x100058bc       0x62 CMakeFiles/print.dir/Users/prarthana/Pico/pico-sdk/lib/tinyusb/src/device/usbd.c.obj
                0x100058bc                usbd_open_edpt_pair
 *fill*         0x1000591e        0x2 
 .text.usbd_edpt_claim
                0x10005920       0x28 CMakeFiles/print.dir/Users/prarthana/Pico/pico-sdk/lib/tinyusb/src/device/usbd.c.obj
                0x10005920                usbd_edpt_claim
 .text.usbd_edpt_release
                0x10005948       0x28 CMakeFiles/print.dir/Users/prarthana/Pico/pico-sdk/lib/tinyusb/src/device/usbd.c.obj
                0x10005948                usbd_edpt_release
 .text.usbd_edpt_xfer
                0x10005970       0x78 CMakeFiles/print.dir/Users/prarthana/Pico/pico-sdk/lib/tinyusb/src/device/usbd.c.obj
                0x10005970                usbd_edpt_xfer
 .text.usbd_edpt_stall
                0x100059e8       0x48 CMakeFiles/print.dir/Users/prarthana/Pico/pico-sdk/lib/tinyusb/src/device/usbd.c.obj
                0x100059e8                usbd_edpt_stall
 .text.usbd_edpt_clear_stall
                0x10005a30       0x48 CMakeFiles/print.dir/Users/prarthana/Pico/pico-sdk/lib/tinyusb/src/device/usbd.c.obj
                0x10005a30                usbd_edpt_clear_stall
 .text.usbd_edpt_stalled
                0x10005a78       0x1c CMakeFiles/print.dir/Users/prarthana/Pico/pico-sdk/lib/tinyusb/src/device/usbd.c.obj
                0x10005a78                usbd_edpt_stalled
 .text.process_control_request
                0x10005a94      0x374 CMakeFiles/print.dir/Users/prarthana/Pico/pico-sdk/lib/tinyusb/src/device/usbd.c.obj
 .text.tud_task_ext
                0x10005e08      0x1a8 CMakeFiles/print.dir/Users/prarthana/Pico/pico-sdk/lib/tinyusb/src/device/usbd.c.obj
                0x10005e08                tud_task_ext
 .text._status_stage_xact
                0x10005fb0       0x1a CMakeFiles/print.dir/Users/prarthana/Pico/pico-sdk/lib/tinyusb/src/device/usbd_control.c.obj
 *fill*         0x10005fca        0x2 
 .text._data_stage_xact
                0x10005fcc       0x58 CMakeFiles/print.dir/Users/prarthana/Pico/pico-sdk/lib/tinyusb/src/device/usbd_control.c.obj
 .text.tud_control_status
                0x10006024       0x28 CMakeFiles/print.dir/Users/prarthana/Pico/pico-sdk/lib/tinyusb/src/device/usbd_control.c.obj
                0x10006024                tud_control_status
 .text.tud_control_xfer
                0x1000604c       0x68 CMakeFiles/print.dir/Users/prarthana/Pico/pico-sdk/lib/tinyusb/src/device/usbd_control.c.obj
                0x1000604c                tud_control_xfer
 .text.usbd_control_reset
                0x100060b4       0x14 CMakeFiles/print.dir/Users/prarthana/Pico/pico-sdk/lib/tinyusb/src/device/usbd_control.c.obj
                0x100060b4                usbd_control_reset
 .text.usbd_control_set_complete_callback
                0x100060c8        0xc CMakeFiles/print.dir/Users/prarthana/Pico/pico-sdk/lib/tinyusb/src/device/usbd_control.c.obj
                0x100060c8                usbd_control_set_complete_callback
 .text.usbd_control_set_request
                0x100060d4       0x1c CMakeFiles/print.dir/Users/prarthana/Pico/pico-sdk/lib/tinyusb/src/device/usbd_control.c.obj
                0x100060d4                usbd_control_set_request
 .text.usbd_control_xfer_cb
                0x100060f0       0xbc CMakeFiles/print.dir/Users/prarthana/Pico/pico-sdk/lib/tinyusb/src/device/usbd_control.c.obj
                0x100060f0                usbd_control_xfer_cb
 .text._prep_out_transaction
                0x100061ac       0x4a CMakeFiles/print.dir/Users/prarthana/Pico/pico-sdk/lib/tinyusb/src/class/cdc/cdc_device.c.obj
 *fill*         0x100061f6        0x2 
 .text.tud_cdc_n_connected
                0x100061f8       0x38 CMakeFiles/print.dir/Users/prarthana/Pico/pico-sdk/lib/tinyusb/src/class/cdc/cdc_device.c.obj
                0x100061f8                tud_cdc_n_connected
 .text.tud_cdc_n_available
                0x10006230       0x18 CMakeFiles/print.dir/Users/prarthana/Pico/pico-sdk/lib/tinyusb/src/class/cdc/cdc_device.c.obj
                0x10006230                tud_cdc_n_available
 .text.tud_cdc_n_read
                0x10006248       0x28 CMakeFiles/print.dir/Users/prarthana/Pico/pico-sdk/lib/tinyusb/src/class/cdc/cdc_device.c.obj
                0x10006248                tud_cdc_n_read
 .text.tud_cdc_n_write_flush
                0x10006270       0xb8 CMakeFiles/print.dir/Users/prarthana/Pico/pico-sdk/lib/tinyusb/src/class/cdc/cdc_device.c.obj
                0x10006270                tud_cdc_n_write_flush
 .text.tud_cdc_n_write
                0x10006328       0x38 CMakeFiles/print.dir/Users/prarthana/Pico/pico-sdk/lib/tinyusb/src/class/cdc/cdc_device.c.obj
                0x10006328                tud_cdc_n_write
 .text.tud_cdc_n_write_available
                0x10006360       0x1c CMakeFiles/print.dir/Users/prarthana/Pico/pico-sdk/lib/tinyusb/src/class/cdc/cdc_device.c.obj
                0x10006360                tud_cdc_n_write_available
 .text.cdcd_init
                0x1000637c       0xbc CMakeFiles/print.dir/Users/prarthana/Pico/pico-sdk/lib/tinyusb/src/class/cdc/cdc_device.c.obj
                0x1000637c                cdcd_init
 .text.cdcd_reset
                0x10006438       0x44 CMakeFiles/print.dir/Users/prarthana/Pico/pico-sdk/lib/tinyusb/src/class/cdc/cdc_device.c.obj
                0x10006438                cdcd_reset
 .text.cdcd_open
                0x1000647c       0xc4 CMakeFiles/print.dir/Users/prarthana/Pico/pico-sdk/lib/tinyusb/src/class/cdc/cdc_device.c.obj
                0x1000647c                cdcd_open
 .text.cdcd_control_xfer_cb
                0x10006540      0x134 CMakeFiles/print.dir/Users/prarthana/Pico/pico-sdk/lib/tinyusb/src/class/cdc/cdc_device.c.obj
                0x10006540                cdcd_control_xfer_cb
 .text.cdcd_xfer_cb
                0x10006674      0x130 CMakeFiles/print.dir/Users/prarthana/Pico/pico-sdk/lib/tinyusb/src/class/cdc/cdc_device.c.obj
                0x10006674                cdcd_xfer_cb
 .text.tusb_init
                0x100067a4        0xa CMakeFiles/print.dir/Users/prarthana/Pico/pico-sdk/lib/tinyusb/src/tusb.c.obj
                0x100067a4                tusb_init
 .text.tusb_inited
                0x100067ae        0xe CMakeFiles/print.dir/Users/prarthana/Pico/pico-sdk/lib/tinyusb/src/tusb.c.obj
                0x100067ae                tusb_inited
 .text.tu_edpt_claim
                0x100067bc       0x50 CMakeFiles/print.dir/Users/prarthana/Pico/pico-sdk/lib/tinyusb/src/tusb.c.obj
                0x100067bc                tu_edpt_claim
 .text.tu_edpt_release
                0x1000680c       0x38 CMakeFiles/print.dir/Users/prarthana/Pico/pico-sdk/lib/tinyusb/src/tusb.c.obj
                0x1000680c                tu_edpt_release
 .text.tu_edpt_validate
                0x10006844       0x78 CMakeFiles/print.dir/Users/prarthana/Pico/pico-sdk/lib/tinyusb/src/tusb.c.obj
                0x10006844                tu_edpt_validate
 .text.tu_edpt_bind_driver
                0x100068bc       0x26 CMakeFiles/print.dir/Users/prarthana/Pico/pico-sdk/lib/tinyusb/src/tusb.c.obj
                0x100068bc                tu_edpt_bind_driver
 .text.advance_index
                0x100068e2       0x1a CMakeFiles/print.dir/Users/prarthana/Pico/pico-sdk/lib/tinyusb/src/common/tusb_fifo.c.obj
 .text._tu_fifo_peek
                0x100068fc       0x56 CMakeFiles/print.dir/Users/prarthana/Pico/pico-sdk/lib/tinyusb/src/common/tusb_fifo.c.obj
 .text._ff_pull_const_addr
                0x10006952       0x4c CMakeFiles/print.dir/Users/prarthana/Pico/pico-sdk/lib/tinyusb/src/common/tusb_fifo.c.obj
 .text._ff_pull_n
                0x1000699e      0x110 CMakeFiles/print.dir/Users/prarthana/Pico/pico-sdk/lib/tinyusb/src/common/tusb_fifo.c.obj
 .text._tu_fifo_peek_n
                0x10006aae       0x6a CMakeFiles/print.dir/Users/prarthana/Pico/pico-sdk/lib/tinyusb/src/common/tusb_fifo.c.obj
 .text._tu_fifo_read_n
                0x10006b18       0x4e CMakeFiles/print.dir/Users/prarthana/Pico/pico-sdk/lib/tinyusb/src/common/tusb_fifo.c.obj
 .text._ff_push_const_addr
                0x10006b66       0x40 CMakeFiles/print.dir/Users/prarthana/Pico/pico-sdk/lib/tinyusb/src/common/tusb_fifo.c.obj
 .text._ff_push_n
                0x10006ba6      0x10c CMakeFiles/print.dir/Users/prarthana/Pico/pico-sdk/lib/tinyusb/src/common/tusb_fifo.c.obj
 .text._tu_fifo_write_n
                0x10006cb2       0xf0 CMakeFiles/print.dir/Users/prarthana/Pico/pico-sdk/lib/tinyusb/src/common/tusb_fifo.c.obj
 .text.tu_fifo_config
                0x10006da2       0x7c CMakeFiles/print.dir/Users/prarthana/Pico/pico-sdk/lib/tinyusb/src/common/tusb_fifo.c.obj
                0x10006da2                tu_fifo_config
 .text.tu_fifo_count
                0x10006e1e       0x2a CMakeFiles/print.dir/Users/prarthana/Pico/pico-sdk/lib/tinyusb/src/common/tusb_fifo.c.obj
                0x10006e1e                tu_fifo_count
 .text.tu_fifo_empty
                0x10006e48        0xe CMakeFiles/print.dir/Users/prarthana/Pico/pico-sdk/lib/tinyusb/src/common/tusb_fifo.c.obj
                0x10006e48                tu_fifo_empty
 .text.tu_fifo_full
                0x10006e56       0x28 CMakeFiles/print.dir/Users/prarthana/Pico/pico-sdk/lib/tinyusb/src/common/tusb_fifo.c.obj
                0x10006e56                tu_fifo_full
 .text.tu_fifo_remaining
                0x10006e7e       0x2c CMakeFiles/print.dir/Users/prarthana/Pico/pico-sdk/lib/tinyusb/src/common/tusb_fifo.c.obj
                0x10006e7e                tu_fifo_remaining
 .text.tu_fifo_read
                0x10006eaa       0x42 CMakeFiles/print.dir/Users/prarthana/Pico/pico-sdk/lib/tinyusb/src/common/tusb_fifo.c.obj
                0x10006eaa                tu_fifo_read
 .text.tu_fifo_read_n
                0x10006eec        0xa CMakeFiles/print.dir/Users/prarthana/Pico/pico-sdk/lib/tinyusb/src/common/tusb_fifo.c.obj
                0x10006eec                tu_fifo_read_n
 .text.tu_fifo_write
                0x10006ef6       0x64 CMakeFiles/print.dir/Users/prarthana/Pico/pico-sdk/lib/tinyusb/src/common/tusb_fifo.c.obj
                0x10006ef6                tu_fifo_write
 .text.tu_fifo_write_n
                0x10006f5a        0xa CMakeFiles/print.dir/Users/prarthana/Pico/pico-sdk/lib/tinyusb/src/common/tusb_fifo.c.obj
                0x10006f5a                tu_fifo_write_n
 .text.tu_fifo_clear
                0x10006f64       0x3e CMakeFiles/print.dir/Users/prarthana/Pico/pico-sdk/lib/tinyusb/src/common/tusb_fifo.c.obj
                0x10006f64                tu_fifo_clear
 .text.tu_fifo_set_overwritable
                0x10006fa2       0x46 CMakeFiles/print.dir/Users/prarthana/Pico/pico-sdk/lib/tinyusb/src/common/tusb_fifo.c.obj
                0x10006fa2                tu_fifo_set_overwritable
 .text.adc_init
                0x10006fe8       0x34 CMakeFiles/print.dir/Users/prarthana/Pico/pico-sdk/src/rp2_common/hardware_adc/adc.c.obj
                0x10006fe8                adc_init
 .text.atoi     0x1000701c        0xc /Applications/ArmGNUToolchain/13.2.Rel1/arm-none-eabi/bin/../lib/gcc/arm-none-eabi/13.2.1/../../../../arm-none-eabi/lib/thumb/v6-m/nofp/libg.a(libc_a-atoi.o)
                0x1000701c                atoi
 .text._calloc_r
                0x10007028       0xa8 /Applications/ArmGNUToolchain/13.2.Rel1/arm-none-eabi/bin/../lib/gcc/arm-none-eabi/13.2.1/../../../../arm-none-eabi/lib/thumb/v6-m/nofp/libg.a(libc_a-callocr.o)
                0x10007028                _calloc_r
 .text.malloc   0x100070d0       0x14 /Applications/ArmGNUToolchain/13.2.Rel1/arm-none-eabi/bin/../lib/gcc/arm-none-eabi/13.2.1/../../../../arm-none-eabi/lib/thumb/v6-m/nofp/libg.a(libc_a-malloc.o)
                0x100070d0                malloc
 .text.free     0x100070e4       0x14 /Applications/ArmGNUToolchain/13.2.Rel1/arm-none-eabi/bin/../lib/gcc/arm-none-eabi/13.2.1/../../../../arm-none-eabi/lib/thumb/v6-m/nofp/libg.a(libc_a-malloc.o)
                0x100070e4                free
 .text._malloc_r
                0x100070f8      0x5c4 /Applications/ArmGNUToolchain/13.2.Rel1/arm-none-eabi/bin/../lib/gcc/arm-none-eabi/13.2.1/../../../../arm-none-eabi/lib/thumb/v6-m/nofp/libg.a(libc_a-mallocr.o)
                0x100070f8                _malloc_r
 .text.__malloc_lock
                0x100076bc       0x10 /Applications/ArmGNUToolchain/13.2.Rel1/arm-none-eabi/bin/../lib/gcc/arm-none-eabi/13.2.1/../../../../arm-none-eabi/lib/thumb/v6-m/nofp/libg.a(libc_a-mlock.o)
                0x100076bc                __malloc_lock
 .text.__malloc_unlock
                0x100076cc       0x10 /Applications/ArmGNUToolchain/13.2.Rel1/arm-none-eabi/bin/../lib/gcc/arm-none-eabi/13.2.1/../../../../arm-none-eabi/lib/thumb/v6-m/nofp/libg.a(libc_a-mlock.o)
                0x100076cc                __malloc_unlock
 .text.realloc  0x100076dc       0x18 /Applications/ArmGNUToolchain/13.2.Rel1/arm-none-eabi/bin/../lib/gcc/arm-none-eabi/13.2.1/../../../../arm-none-eabi/lib/thumb/v6-m/nofp/libg.a(libc_a-realloc.o)
                0x100076dc                realloc
 .text.scanf    0x100076f4       0x24 /Applications/ArmGNUToolchain/13.2.Rel1/arm-none-eabi/bin/../lib/gcc/arm-none-eabi/13.2.1/../../../../arm-none-eabi/lib/thumb/v6-m/nofp/libg.a(libc_a-scanf.o)
                0x100076f4                scanf
 .text._realloc_r
                0x10007718      0x350 /Applications/ArmGNUToolchain/13.2.Rel1/arm-none-eabi/bin/../lib/gcc/arm-none-eabi/13.2.1/../../../../arm-none-eabi/lib/thumb/v6-m/nofp/libg.a(libc_a-reallocr.o)
                0x10007718                _realloc_r
 .text._strtol_l.isra.0
                0x10007a68      0x158 /Applications/ArmGNUToolchain/13.2.Rel1/arm-none-eabi/bin/../lib/gcc/arm-none-eabi/13.2.1/../../../../arm-none-eabi/lib/thumb/v6-m/nofp/libg.a(libc_a-strtol.o)
 .text._strtol_r
                0x10007bc0        0x8 /Applications/ArmGNUToolchain/13.2.Rel1/arm-none-eabi/bin/../lib/gcc/arm-none-eabi/13.2.1/../../../../arm-none-eabi/lib/thumb/v6-m/nofp/libg.a(libc_a-strtol.o)
                0x10007bc0                _strtol_r
 .text.strtol   0x10007bc8       0x18 /Applications/ArmGNUToolchain/13.2.Rel1/arm-none-eabi/bin/../lib/gcc/arm-none-eabi/13.2.1/../../../../arm-none-eabi/lib/thumb/v6-m/nofp/libg.a(libc_a-strtol.o)
                0x10007bc8                strtol
 .text.memmove  0x10007be0       0xb0 /Applications/ArmGNUToolchain/13.2.Rel1/arm-none-eabi/bin/../lib/gcc/arm-none-eabi/13.2.1/../../../../arm-none-eabi/lib/thumb/v6-m/nofp/libg.a(libc_a-memmove.o)
                0x10007be0                memmove
 .text._sbrk_r  0x10007c90       0x24 /Applications/ArmGNUToolchain/13.2.Rel1/arm-none-eabi/bin/../lib/gcc/arm-none-eabi/13.2.1/../../../../arm-none-eabi/lib/thumb/v6-m/nofp/libg.a(libc_a-sbrkr.o)
                0x10007c90                _sbrk_r
 .text.__errno  0x10007cb4        0xc /Applications/ArmGNUToolchain/13.2.Rel1/arm-none-eabi/bin/../lib/gcc/arm-none-eabi/13.2.1/../../../../arm-none-eabi/lib/thumb/v6-m/nofp/libg.a(libc_a-errno.o)
                0x10007cb4                __errno
 .text.sysconf  0x10007cc0       0x1c /Applications/ArmGNUToolchain/13.2.Rel1/arm-none-eabi/bin/../lib/gcc/arm-none-eabi/13.2.1/../../../../arm-none-eabi/lib/thumb/v6-m/nofp/libg.a(libc_a-sysconf.o)
                0x10007cc0                sysconf
 .text.__retarget_lock_init_recursive
                0x10007cdc        0x4 /Applications/ArmGNUToolchain/13.2.Rel1/arm-none-eabi/bin/../lib/gcc/arm-none-eabi/13.2.1/../../../../arm-none-eabi/lib/thumb/v6-m/nofp/libg.a(libc_a-lock.o)
                0x10007cdc                __retarget_lock_init_recursive
 .text.__retarget_lock_close_recursive
                0x10007ce0        0x4 /Applications/ArmGNUToolchain/13.2.Rel1/arm-none-eabi/bin/../lib/gcc/arm-none-eabi/13.2.1/../../../../arm-none-eabi/lib/thumb/v6-m/nofp/libg.a(libc_a-lock.o)
                0x10007ce0                __retarget_lock_close_recursive
 .text.__retarget_lock_acquire_recursive
                0x10007ce4        0x4 /Applications/ArmGNUToolchain/13.2.Rel1/arm-none-eabi/bin/../lib/gcc/arm-none-eabi/13.2.1/../../../../arm-none-eabi/lib/thumb/v6-m/nofp/libg.a(libc_a-lock.o)
                0x10007ce4                __retarget_lock_acquire_recursive
 .text.__retarget_lock_release_recursive
                0x10007ce8        0x4 /Applications/ArmGNUToolchain/13.2.Rel1/arm-none-eabi/bin/../lib/gcc/arm-none-eabi/13.2.1/../../../../arm-none-eabi/lib/thumb/v6-m/nofp/libg.a(libc_a-lock.o)
                0x10007ce8                __retarget_lock_release_recursive
 .text.strlen   0x10007cec       0x5c /Applications/ArmGNUToolchain/13.2.Rel1/arm-none-eabi/bin/../lib/gcc/arm-none-eabi/13.2.1/../../../../arm-none-eabi/lib/thumb/v6-m/nofp/libg.a(libc_a-strlen-stub.o)
                0x10007cec                strlen
 .text._malloc_trim_r
                0x10007d48       0xb4 /Applications/ArmGNUToolchain/13.2.Rel1/arm-none-eabi/bin/../lib/gcc/arm-none-eabi/13.2.1/../../../../arm-none-eabi/lib/thumb/v6-m/nofp/libg.a(libc_a-freer.o)
                0x10007d48                _malloc_trim_r
 .text._free_r  0x10007dfc      0x1d4 /Applications/ArmGNUToolchain/13.2.Rel1/arm-none-eabi/bin/../lib/gcc/arm-none-eabi/13.2.1/../../../../arm-none-eabi/lib/thumb/v6-m/nofp/libg.a(libc_a-freer.o)
                0x10007dfc                _free_r
 .text.__svfscanf_r
                0x10007fd0     0x1884 /Applications/ArmGNUToolchain/13.2.Rel1/arm-none-eabi/bin/../lib/gcc/arm-none-eabi/13.2.1/../../../../arm-none-eabi/lib/thumb/v6-m/nofp/libg.a(libc_a-vfscanf.o)
                0x10007fd0                __svfscanf_r
 .text._vfscanf_r
                0x10009854       0x28 /Applications/ArmGNUToolchain/13.2.Rel1/arm-none-eabi/bin/../lib/gcc/arm-none-eabi/13.2.1/../../../../arm-none-eabi/lib/thumb/v6-m/nofp/libg.a(libc_a-vfscanf.o)
                0x10009854                _vfscanf_r
 .text.__sccl   0x1000987c       0x80 /Applications/ArmGNUToolchain/13.2.Rel1/arm-none-eabi/bin/../lib/gcc/arm-none-eabi/13.2.1/../../../../arm-none-eabi/lib/thumb/v6-m/nofp/libg.a(libc_a-sccl.o)
                0x1000987c                __sccl
 .text.sulp     0x100098fc       0x30 /Applications/ArmGNUToolchain/13.2.Rel1/arm-none-eabi/bin/../lib/gcc/arm-none-eabi/13.2.1/../../../../arm-none-eabi/lib/thumb/v6-m/nofp/libg.a(libc_a-strtod.o)
 .text._strtod_l
                0x1000992c      0xeb8 /Applications/ArmGNUToolchain/13.2.Rel1/arm-none-eabi/bin/../lib/gcc/arm-none-eabi/13.2.1/../../../../arm-none-eabi/lib/thumb/v6-m/nofp/libg.a(libc_a-strtod.o)
                0x1000992c                _strtod_l
 .text._strtod_r
                0x1000a7e4       0x10 /Applications/ArmGNUToolchain/13.2.Rel1/arm-none-eabi/bin/../lib/gcc/arm-none-eabi/13.2.1/../../../../arm-none-eabi/lib/thumb/v6-m/nofp/libg.a(libc_a-strtod.o)
                0x1000a7e4                _strtod_r
 .text._strtoul_l.isra.0
                0x1000a7f4      0x144 /Applications/ArmGNUToolchain/13.2.Rel1/arm-none-eabi/bin/../lib/gcc/arm-none-eabi/13.2.1/../../../../arm-none-eabi/lib/thumb/v6-m/nofp/libg.a(libc_a-strtoul.o)
 .text._strtoul_r
                0x1000a938        0x8 /Applications/ArmGNUToolchain/13.2.Rel1/arm-none-eabi/bin/../lib/gcc/arm-none-eabi/13.2.1/../../../../arm-none-eabi/lib/thumb/v6-m/nofp/libg.a(libc_a-strtoul.o)
                0x1000a938                _strtoul_r
 .text.stdio_exit_handler
                0x1000a940       0x1c /Applications/ArmGNUToolchain/13.2.Rel1/arm-none-eabi/bin/../lib/gcc/arm-none-eabi/13.2.1/../../../../arm-none-eabi/lib/thumb/v6-m/nofp/libg.a(libc_a-findfp.o)
 .text.cleanup_stdio
                0x1000a95c       0x3c /Applications/ArmGNUToolchain/13.2.Rel1/arm-none-eabi/bin/../lib/gcc/arm-none-eabi/13.2.1/../../../../arm-none-eabi/lib/thumb/v6-m/nofp/libg.a(libc_a-findfp.o)
 .text.global_stdio_init.part.0
                0x1000a998      0x118 /Applications/ArmGNUToolchain/13.2.Rel1/arm-none-eabi/bin/../lib/gcc/arm-none-eabi/13.2.1/../../../../arm-none-eabi/lib/thumb/v6-m/nofp/libg.a(libc_a-findfp.o)
 .text.__sinit  0x1000aab0       0x38 /Applications/ArmGNUToolchain/13.2.Rel1/arm-none-eabi/bin/../lib/gcc/arm-none-eabi/13.2.1/../../../../arm-none-eabi/lib/thumb/v6-m/nofp/libg.a(libc_a-findfp.o)
                0x1000aab0                __sinit
 .text.__sfp_lock_acquire
                0x1000aae8       0x10 /Applications/ArmGNUToolchain/13.2.Rel1/arm-none-eabi/bin/../lib/gcc/arm-none-eabi/13.2.1/../../../../arm-none-eabi/lib/thumb/v6-m/nofp/libg.a(libc_a-findfp.o)
                0x1000aae8                __sfp_lock_acquire
 .text.__sfp_lock_release
                0x1000aaf8       0x10 /Applications/ArmGNUToolchain/13.2.Rel1/arm-none-eabi/bin/../lib/gcc/arm-none-eabi/13.2.1/../../../../arm-none-eabi/lib/thumb/v6-m/nofp/libg.a(libc_a-findfp.o)
                0x1000aaf8                __sfp_lock_release
 .text.__submore
                0x1000ab08       0x84 /Applications/ArmGNUToolchain/13.2.Rel1/arm-none-eabi/bin/../lib/gcc/arm-none-eabi/13.2.1/../../../../arm-none-eabi/lib/thumb/v6-m/nofp/libg.a(libc_a-ungetc.o)
                0x1000ab08                __submore
 .text._ungetc_r
                0x1000ab8c      0x144 /Applications/ArmGNUToolchain/13.2.Rel1/arm-none-eabi/bin/../lib/gcc/arm-none-eabi/13.2.1/../../../../arm-none-eabi/lib/thumb/v6-m/nofp/libg.a(libc_a-ungetc.o)
                0x1000ab8c                _ungetc_r
 .text._fread_r
                0x1000acd0      0x1e8 /Applications/ArmGNUToolchain/13.2.Rel1/arm-none-eabi/bin/../lib/gcc/arm-none-eabi/13.2.1/../../../../arm-none-eabi/lib/thumb/v6-m/nofp/libg.a(libc_a-fread.o)
                0x1000acd0                _fread_r
 .text._fwalk_sglue
                0x1000aeb8       0x44 /Applications/ArmGNUToolchain/13.2.Rel1/arm-none-eabi/bin/../lib/gcc/arm-none-eabi/13.2.1/../../../../arm-none-eabi/lib/thumb/v6-m/nofp/libg.a(libc_a-fwalk.o)
                0x1000aeb8                _fwalk_sglue
 .text.strncmp  0x1000aefc       0x74 /Applications/ArmGNUToolchain/13.2.Rel1/arm-none-eabi/bin/../lib/gcc/arm-none-eabi/13.2.1/../../../../arm-none-eabi/lib/thumb/v6-m/nofp/libg.a(libc_a-strncmp.o)
                0x1000aefc                strncmp
 .text.stpncpy  0x1000af70       0x78 /Applications/ArmGNUToolchain/13.2.Rel1/arm-none-eabi/bin/../lib/gcc/arm-none-eabi/13.2.1/../../../../arm-none-eabi/lib/thumb/v6-m/nofp/libg.a(libc_a-stpncpy.o)
                0x1000af70                stpncpy
 .text.__locale_mb_cur_max
                0x1000afe8       0x10 /Applications/ArmGNUToolchain/13.2.Rel1/arm-none-eabi/bin/../lib/gcc/arm-none-eabi/13.2.1/../../../../arm-none-eabi/lib/thumb/v6-m/nofp/libg.a(libc_a-locale.o)
                0x1000afe8                __locale_mb_cur_max
 .text._localeconv_r
                0x1000aff8        0x8 /Applications/ArmGNUToolchain/13.2.Rel1/arm-none-eabi/bin/../lib/gcc/arm-none-eabi/13.2.1/../../../../arm-none-eabi/lib/thumb/v6-m/nofp/libg.a(libc_a-localeconv.o)
                0x1000aff8                _localeconv_r
 .text          0x1000b000       0x88 /Applications/ArmGNUToolchain/13.2.Rel1/arm-none-eabi/bin/../lib/gcc/arm-none-eabi/13.2.1/../../../../arm-none-eabi/lib/thumb/v6-m/nofp/libg.a(libc_a-strcmp.o)
                0x1000b000                strcmp
 .text._strtoll_l.isra.0
                0x1000b088      0x1a0 /Applications/ArmGNUToolchain/13.2.Rel1/arm-none-eabi/bin/../lib/gcc/arm-none-eabi/13.2.1/../../../../arm-none-eabi/lib/thumb/v6-m/nofp/libg.a(libc_a-strtoll.o)
 .text._strtoll_r
                0x1000b228        0x8 /Applications/ArmGNUToolchain/13.2.Rel1/arm-none-eabi/bin/../lib/gcc/arm-none-eabi/13.2.1/../../../../arm-none-eabi/lib/thumb/v6-m/nofp/libg.a(libc_a-strtoll.o)
                0x1000b228                _strtoll_r
 .text._strtoull_l.isra.0
                0x1000b230      0x1c4 /Applications/ArmGNUToolchain/13.2.Rel1/arm-none-eabi/bin/../lib/gcc/arm-none-eabi/13.2.1/../../../../arm-none-eabi/lib/thumb/v6-m/nofp/libg.a(libc_a-strtoull.o)
 .text._strtoull_r
                0x1000b3f4        0x8 /Applications/ArmGNUToolchain/13.2.Rel1/arm-none-eabi/bin/../lib/gcc/arm-none-eabi/13.2.1/../../../../arm-none-eabi/lib/thumb/v6-m/nofp/libg.a(libc_a-strtoull.o)
                0x1000b3f4                _strtoull_r
 .text._mbrtowc_r
                0x1000b3fc       0x54 /Applications/ArmGNUToolchain/13.2.Rel1/arm-none-eabi/bin/../lib/gcc/arm-none-eabi/13.2.1/../../../../arm-none-eabi/lib/thumb/v6-m/nofp/libg.a(libc_a-mbrtowc.o)
                0x1000b3fc                _mbrtowc_r
 .text.iswspace
                0x1000b450        0xc /Applications/ArmGNUToolchain/13.2.Rel1/arm-none-eabi/bin/../lib/gcc/arm-none-eabi/13.2.1/../../../../arm-none-eabi/lib/thumb/v6-m/nofp/libg.a(libc_a-iswspace.o)
                0x1000b450                iswspace
 .text.iswspace_l
                0x1000b45c       0x24 /Applications/ArmGNUToolchain/13.2.Rel1/arm-none-eabi/bin/../lib/gcc/arm-none-eabi/13.2.1/../../../../arm-none-eabi/lib/thumb/v6-m/nofp/libg.a(libc_a-iswspace_l.o)
                0x1000b45c                iswspace_l
 .text.nan      0x1000b480        0xc /Applications/ArmGNUToolchain/13.2.Rel1/arm-none-eabi/bin/../lib/gcc/arm-none-eabi/13.2.1/../../../../arm-none-eabi/lib/thumb/v6-m/nofp/libg.a(libm_a-s_nan.o)
                0x1000b480                nan
 .text.nanf     0x1000b48c        0x8 /Applications/ArmGNUToolchain/13.2.Rel1/arm-none-eabi/bin/../lib/gcc/arm-none-eabi/13.2.1/../../../../arm-none-eabi/lib/thumb/v6-m/nofp/libg.a(libm_a-sf_nan.o)
                0x1000b48c                nanf
 .text.__jp2uc  0x1000b494      0x154 /Applications/ArmGNUToolchain/13.2.Rel1/arm-none-eabi/bin/../lib/gcc/arm-none-eabi/13.2.1/../../../../arm-none-eabi/lib/thumb/v6-m/nofp/libg.a(libc_a-jp2uc.o)
 .text._jp2uc_l
                0x1000b5e8       0x68 /Applications/ArmGNUToolchain/13.2.Rel1/arm-none-eabi/bin/../lib/gcc/arm-none-eabi/13.2.1/../../../../arm-none-eabi/lib/thumb/v6-m/nofp/libg.a(libc_a-jp2uc.o)
                0x1000b5e8                _jp2uc_l
 .text.category
                0x1000b650       0x54 /Applications/ArmGNUToolchain/13.2.Rel1/arm-none-eabi/bin/../lib/gcc/arm-none-eabi/13.2.1/../../../../arm-none-eabi/lib/thumb/v6-m/nofp/libg.a(libc_a-categories.o)
                0x1000b650                category
 .text.rshift   0x1000b6a4       0xb0 /Applications/ArmGNUToolchain/13.2.Rel1/arm-none-eabi/bin/../lib/gcc/arm-none-eabi/13.2.1/../../../../arm-none-eabi/lib/thumb/v6-m/nofp/libg.a(libc_a-gdtoa-gethex.o)
 .text.__gethex
                0x1000b754      0x5a8 /Applications/ArmGNUToolchain/13.2.Rel1/arm-none-eabi/bin/../lib/gcc/arm-none-eabi/13.2.1/../../../../arm-none-eabi/lib/thumb/v6-m/nofp/libg.a(libc_a-gdtoa-gethex.o)
                0x1000b754                __gethex
 .text.__match  0x1000bcfc       0x2c /Applications/ArmGNUToolchain/13.2.Rel1/arm-none-eabi/bin/../lib/gcc/arm-none-eabi/13.2.1/../../../../arm-none-eabi/lib/thumb/v6-m/nofp/libg.a(libc_a-gdtoa-hexnan.o)
                0x1000bcfc                __match
 .text.__hexnan
                0x1000bd28      0x204 /Applications/ArmGNUToolchain/13.2.Rel1/arm-none-eabi/bin/../lib/gcc/arm-none-eabi/13.2.1/../../../../arm-none-eabi/lib/thumb/v6-m/nofp/libg.a(libc_a-gdtoa-hexnan.o)
                0x1000bd28                __hexnan
 .text.__ascii_mbtowc
                0x1000bf2c       0x2c /Applications/ArmGNUToolchain/13.2.Rel1/arm-none-eabi/bin/../lib/gcc/arm-none-eabi/13.2.1/../../../../arm-none-eabi/lib/thumb/v6-m/nofp/libg.a(libc_a-mbtowc_r.o)
                0x1000bf2c                __ascii_mbtowc
 .text._Balloc  0x1000bf58       0x50 /Applications/ArmGNUToolchain/13.2.Rel1/arm-none-eabi/bin/../lib/gcc/arm-none-eabi/13.2.1/../../../../arm-none-eabi/lib/thumb/v6-m/nofp/libg.a(libc_a-mprec.o)
                0x1000bf58                _Balloc
 .text._Bfree   0x1000bfa8       0x14 /Applications/ArmGNUToolchain/13.2.Rel1/arm-none-eabi/bin/../lib/gcc/arm-none-eabi/13.2.1/../../../../arm-none-eabi/lib/thumb/v6-m/nofp/libg.a(libc_a-mprec.o)
                0x1000bfa8                _Bfree
 .text.__multadd
                0x1000bfbc       0xa8 /Applications/ArmGNUToolchain/13.2.Rel1/arm-none-eabi/bin/../lib/gcc/arm-none-eabi/13.2.1/../../../../arm-none-eabi/lib/thumb/v6-m/nofp/libg.a(libc_a-mprec.o)
                0x1000bfbc                __multadd
 .text.__s2b    0x1000c064       0xb0 /Applications/ArmGNUToolchain/13.2.Rel1/arm-none-eabi/bin/../lib/gcc/arm-none-eabi/13.2.1/../../../../arm-none-eabi/lib/thumb/v6-m/nofp/libg.a(libc_a-mprec.o)
                0x1000c064                __s2b
 .text.__hi0bits
                0x1000c114       0x4c /Applications/ArmGNUToolchain/13.2.Rel1/arm-none-eabi/bin/../lib/gcc/arm-none-eabi/13.2.1/../../../../arm-none-eabi/lib/thumb/v6-m/nofp/libg.a(libc_a-mprec.o)
                0x1000c114                __hi0bits
 .text.__lo0bits
                0x1000c160       0x5c /Applications/ArmGNUToolchain/13.2.Rel1/arm-none-eabi/bin/../lib/gcc/arm-none-eabi/13.2.1/../../../../arm-none-eabi/lib/thumb/v6-m/nofp/libg.a(libc_a-mprec.o)
                0x1000c160                __lo0bits
 .text.__i2b    0x1000c1bc       0x60 /Applications/ArmGNUToolchain/13.2.Rel1/arm-none-eabi/bin/../lib/gcc/arm-none-eabi/13.2.1/../../../../arm-none-eabi/lib/thumb/v6-m/nofp/libg.a(libc_a-mprec.o)
                0x1000c1bc                __i2b
 .text.__multiply
                0x1000c21c      0x1ac /Applications/ArmGNUToolchain/13.2.Rel1/arm-none-eabi/bin/../lib/gcc/arm-none-eabi/13.2.1/../../../../arm-none-eabi/lib/thumb/v6-m/nofp/libg.a(libc_a-mprec.o)
                0x1000c21c                __multiply
 .text.__pow5mult
                0x1000c3c8       0xd0 /Applications/ArmGNUToolchain/13.2.Rel1/arm-none-eabi/bin/../lib/gcc/arm-none-eabi/13.2.1/../../../../arm-none-eabi/lib/thumb/v6-m/nofp/libg.a(libc_a-mprec.o)
                0x1000c3c8                __pow5mult
 .text.__lshift
                0x1000c498       0xfc /Applications/ArmGNUToolchain/13.2.Rel1/arm-none-eabi/bin/../lib/gcc/arm-none-eabi/13.2.1/../../../../arm-none-eabi/lib/thumb/v6-m/nofp/libg.a(libc_a-mprec.o)
                0x1000c498                __lshift
 .text.__mcmp   0x1000c594       0x3c /Applications/ArmGNUToolchain/13.2.Rel1/arm-none-eabi/bin/../lib/gcc/arm-none-eabi/13.2.1/../../../../arm-none-eabi/lib/thumb/v6-m/nofp/libg.a(libc_a-mprec.o)
                0x1000c594                __mcmp
 .text.__mdiff  0x1000c5d0      0x1b4 /Applications/ArmGNUToolchain/13.2.Rel1/arm-none-eabi/bin/../lib/gcc/arm-none-eabi/13.2.1/../../../../arm-none-eabi/lib/thumb/v6-m/nofp/libg.a(libc_a-mprec.o)
                0x1000c5d0                __mdiff
 .text.__ulp    0x1000c784       0x40 /Applications/ArmGNUToolchain/13.2.Rel1/arm-none-eabi/bin/../lib/gcc/arm-none-eabi/13.2.1/../../../../arm-none-eabi/lib/thumb/v6-m/nofp/libg.a(libc_a-mprec.o)
                0x1000c784                __ulp
 .text.__b2d    0x1000c7c4       0xb8 /Applications/ArmGNUToolchain/13.2.Rel1/arm-none-eabi/bin/../lib/gcc/arm-none-eabi/13.2.1/../../../../arm-none-eabi/lib/thumb/v6-m/nofp/libg.a(libc_a-mprec.o)
                0x1000c7c4                __b2d
 .text.__d2b    0x1000c87c       0xcc /Applications/ArmGNUToolchain/13.2.Rel1/arm-none-eabi/bin/../lib/gcc/arm-none-eabi/13.2.1/../../../../arm-none-eabi/lib/thumb/v6-m/nofp/libg.a(libc_a-mprec.o)
                0x1000c87c                __d2b
 .text.__ratio  0x1000c948       0x68 /Applications/ArmGNUToolchain/13.2.Rel1/arm-none-eabi/bin/../lib/gcc/arm-none-eabi/13.2.1/../../../../arm-none-eabi/lib/thumb/v6-m/nofp/libg.a(libc_a-mprec.o)
                0x1000c948                __ratio
 .text.__copybits
                0x1000c9b0       0x40 /Applications/ArmGNUToolchain/13.2.Rel1/arm-none-eabi/bin/../lib/gcc/arm-none-eabi/13.2.1/../../../../arm-none-eabi/lib/thumb/v6-m/nofp/libg.a(libc_a-mprec.o)
                0x1000c9b0                __copybits
 .text.__any_on
                0x1000c9f0       0x4c /Applications/ArmGNUToolchain/13.2.Rel1/arm-none-eabi/bin/../lib/gcc/arm-none-eabi/13.2.1/../../../../arm-none-eabi/lib/thumb/v6-m/nofp/libg.a(libc_a-mprec.o)
                0x1000c9f0                __any_on
 .text.lflush   0x1000ca3c       0x20 /Applications/ArmGNUToolchain/13.2.Rel1/arm-none-eabi/bin/../lib/gcc/arm-none-eabi/13.2.1/../../../../arm-none-eabi/lib/thumb/v6-m/nofp/libg.a(libc_a-refill.o)
 .text.__srefill_r
                0x1000ca5c      0x118 /Applications/ArmGNUToolchain/13.2.Rel1/arm-none-eabi/bin/../lib/gcc/arm-none-eabi/13.2.1/../../../../arm-none-eabi/lib/thumb/v6-m/nofp/libg.a(libc_a-refill.o)
                0x1000ca5c                __srefill_r
 .text._fclose_r
                0x1000cb74       0xd0 /Applications/ArmGNUToolchain/13.2.Rel1/arm-none-eabi/bin/../lib/gcc/arm-none-eabi/13.2.1/../../../../arm-none-eabi/lib/thumb/v6-m/nofp/libg.a(libc_a-fclose.o)
                0x1000cb74                _fclose_r
 .text.__sflush_r
                0x1000cc44      0x148 /Applications/ArmGNUToolchain/13.2.Rel1/arm-none-eabi/bin/../lib/gcc/arm-none-eabi/13.2.1/../../../../arm-none-eabi/lib/thumb/v6-m/nofp/libg.a(libc_a-fflush.o)
                0x1000cc44                __sflush_r
 .text._fflush_r
                0x1000cd8c       0x68 /Applications/ArmGNUToolchain/13.2.Rel1/arm-none-eabi/bin/../lib/gcc/arm-none-eabi/13.2.1/../../../../arm-none-eabi/lib/thumb/v6-m/nofp/libg.a(libc_a-fflush.o)
                0x1000cd8c                _fflush_r
 .text.__sread  0x1000cdf4       0x28 /Applications/ArmGNUToolchain/13.2.Rel1/arm-none-eabi/bin/../lib/gcc/arm-none-eabi/13.2.1/../../../../arm-none-eabi/lib/thumb/v6-m/nofp/libg.a(libc_a-stdio.o)
                0x1000cdf4                __sread
 .text.__swrite
                0x1000ce1c       0x40 /Applications/ArmGNUToolchain/13.2.Rel1/arm-none-eabi/bin/../lib/gcc/arm-none-eabi/13.2.1/../../../../arm-none-eabi/lib/thumb/v6-m/nofp/libg.a(libc_a-stdio.o)
                0x1000ce1c                __swrite
 .text.__sseek  0x1000ce5c       0x30 /Applications/ArmGNUToolchain/13.2.Rel1/arm-none-eabi/bin/../lib/gcc/arm-none-eabi/13.2.1/../../../../arm-none-eabi/lib/thumb/v6-m/nofp/libg.a(libc_a-stdio.o)
                0x1000ce5c                __sseek
 .text.__sclose
                0x1000ce8c        0xc /Applications/ArmGNUToolchain/13.2.Rel1/arm-none-eabi/bin/../lib/gcc/arm-none-eabi/13.2.1/../../../../arm-none-eabi/lib/thumb/v6-m/nofp/libg.a(libc_a-stdio.o)
                0x1000ce8c                __sclose
 .text.__ascii_wctomb
                0x1000ce98       0x1c /Applications/ArmGNUToolchain/13.2.Rel1/arm-none-eabi/bin/../lib/gcc/arm-none-eabi/13.2.1/../../../../arm-none-eabi/lib/thumb/v6-m/nofp/libg.a(libc_a-wctomb_r.o)
                0x1000ce98                __ascii_wctomb
 .text._close_r
                0x1000ceb4       0x24 /Applications/ArmGNUToolchain/13.2.Rel1/arm-none-eabi/bin/../lib/gcc/arm-none-eabi/13.2.1/../../../../arm-none-eabi/lib/thumb/v6-m/nofp/libg.a(libc_a-closer.o)
                0x1000ceb4                _close_r
 .text._lseek_r
                0x1000ced8       0x28 /Applications/ArmGNUToolchain/13.2.Rel1/arm-none-eabi/bin/../lib/gcc/arm-none-eabi/13.2.1/../../../../arm-none-eabi/lib/thumb/v6-m/nofp/libg.a(libc_a-lseekr.o)
                0x1000ced8                _lseek_r
 .text._read_r  0x1000cf00       0x28 /Applications/ArmGNUToolchain/13.2.Rel1/arm-none-eabi/bin/../lib/gcc/arm-none-eabi/13.2.1/../../../../arm-none-eabi/lib/thumb/v6-m/nofp/libg.a(libc_a-readr.o)
                0x1000cf00                _read_r
 .text._write_r
                0x1000cf28       0x28 /Applications/ArmGNUToolchain/13.2.Rel1/arm-none-eabi/bin/../lib/gcc/arm-none-eabi/13.2.1/../../../../arm-none-eabi/lib/thumb/v6-m/nofp/libg.a(libc_a-writer.o)
                0x1000cf28                _write_r
 .text.__smakebuf_r
                0x1000cf50       0xe0 /Applications/ArmGNUToolchain/13.2.Rel1/arm-none-eabi/bin/../lib/gcc/arm-none-eabi/13.2.1/../../../../arm-none-eabi/lib/thumb/v6-m/nofp/libg.a(libc_a-makebuf.o)
                0x1000cf50                __smakebuf_r
 .text._fstat_r
                0x1000d030       0x28 /Applications/ArmGNUToolchain/13.2.Rel1/arm-none-eabi/bin/../lib/gcc/arm-none-eabi/13.2.1/../../../../arm-none-eabi/lib/thumb/v6-m/nofp/libg.a(libc_a-fstatr.o)
                0x1000d030                _fstat_r
 .text._isatty_r
                0x1000d058       0x24 /Applications/ArmGNUToolchain/13.2.Rel1/arm-none-eabi/bin/../lib/gcc/arm-none-eabi/13.2.1/../../../../arm-none-eabi/lib/thumb/v6-m/nofp/libg.a(libc_a-isattyr.o)
                0x1000d058                _isatty_r
 *(.fini)
 .fini          0x1000d07c        0x4 /Applications/ArmGNUToolchain/13.2.Rel1/arm-none-eabi/bin/../lib/gcc/arm-none-eabi/13.2.1/thumb/v6-m/nofp/crti.o
                0x1000d07c                _fini
 .fini.__stub   0x1000d080       0xe0 linker stubs
 *crtbegin.o(.ctors)
 *crtbegin?.o(.ctors)
 *(EXCLUDE_FILE(*crtend.o *crtend?.o) .ctors)
 *(SORT_BY_NAME(.ctors.*))
 *(.ctors)
 *crtbegin.o(.dtors)
 *crtbegin?.o(.dtors)
 *(EXCLUDE_FILE(*crtend.o *crtend?.o) .dtors)
 *(SORT_BY_NAME(.dtors.*))
 *(.dtors)
 *(.eh_frame*)
 .eh_frame      0x1000d160        0x0 /Applications/ArmGNUToolchain/13.2.Rel1/arm-none-eabi/bin/../lib/gcc/arm-none-eabi/13.2.1/thumb/v6-m/nofp/crtbegin.o
                0x1000d160                        . = ALIGN (0x4)

.glue_7         0x1000d160        0x0
 .glue_7        0x1000d160        0x0 linker stubs

.glue_7t        0x1000d160        0x0
 .glue_7t       0x1000d160        0x0 linker stubs

.vfp11_veneer   0x1000d160        0x0
 .vfp11_veneer  0x1000d160        0x0 linker stubs

.v4_bx          0x1000d160        0x0
 .v4_bx         0x1000d160        0x0 linker stubs

.iplt           0x1000d160        0x0
 .iplt          0x1000d160        0x0 /Applications/ArmGNUToolchain/13.2.Rel1/arm-none-eabi/bin/../lib/gcc/arm-none-eabi/13.2.1/thumb/v6-m/nofp/crtbegin.o

.rodata         0x1000d160     0x8a30
 *(EXCLUDE_FILE(*libm.a: *libc.a:*lib_a-mem*.o *libgcc.a:) .rodata*)
 .rodata.main.str1.4
                0x1000d160     0x1086 CMakeFiles/print.dir/print.c.obj
                                 0x88 (size before relaxing)
 .rodata.spin_lock_claim_unused.str1.4
                0x1000e1e6       0x1b CMakeFiles/print.dir/Users/prarthana/Pico/pico-sdk/src/rp2_common/hardware_sync/sync.c.obj
 .rodata.resolve_branch.str1.4
                0x1000e1e6       0x59 CMakeFiles/print.dir/Users/prarthana/Pico/pico-sdk/src/rp2_common/hardware_irq/irq.c.obj
 .rodata.make_branch.str1.4
                0x1000e1e6       0x30 CMakeFiles/print.dir/Users/prarthana/Pico/pico-sdk/src/rp2_common/hardware_irq/irq.c.obj
 .rodata.insert_branch_and_link.str1.4
                0x1000e1e6       0x10 CMakeFiles/print.dir/Users/prarthana/Pico/pico-sdk/src/rp2_common/hardware_irq/irq.c.obj
 .rodata.irq_set_exclusive_handler.str1.4
                0x1000e1e6       0x36 CMakeFiles/print.dir/Users/prarthana/Pico/pico-sdk/src/rp2_common/hardware_irq/irq.c.obj
 .rodata.irq_add_shared_handler.str1.4
                0x1000e1e6       0xc2 CMakeFiles/print.dir/Users/prarthana/Pico/pico-sdk/src/rp2_common/hardware_irq/irq.c.obj
 .rodata.irq_remove_handler.str1.4
                0x1000e1e6       0x3a CMakeFiles/print.dir/Users/prarthana/Pico/pico-sdk/src/rp2_common/hardware_irq/irq.c.obj
 .rodata.irq_add_tail_to_free_list.str1.4
                0x1000e1e6       0x3a CMakeFiles/print.dir/Users/prarthana/Pico/pico-sdk/src/rp2_common/hardware_irq/irq.c.obj
 .rodata.user_irq_claim_unused.str1.4