Archive member included to satisfy reference by file (symbol)

/Applications/ArmGNUToolchain/13.2.Rel1/arm-none-eabi/bin/../lib/gcc/arm-none-eabi/13.2.1/thumb/v6-m/nofp/libgcc.a(_dvmd_tls.o)
                              CMakeFiles/spi.dir/Users/prarthana/Pico/pico-sdk/src/rp2_common/pico_divider/divider.S.obj (__aeabi_idiv0)
/Applications/ArmGNUToolchain/13.2.Rel1/arm-none-eabi/bin/../lib/gcc/arm-none-eabi/13.2.1/../../../../arm-none-eabi/lib/thumb/v6-m/nofp/libg.a(libc_a-calloc.o)
                              CMakeFiles/spi.dir/Users/prarthana/Pico/pico-sdk/src/rp2_common/pico_malloc/pico_malloc.c.obj (calloc)
/Applications/ArmGNUToolchain/13.2.Rel1/arm-none-eabi/bin/../lib/gcc/arm-none-eabi/13.2.1/../../../../arm-none-eabi/lib/thumb/v6-m/nofp/libg.a(libc_a-callocr.o)
                              /Applications/ArmGNUToolchain/13.2.Rel1/arm-none-eabi/bin/../lib/gcc/arm-none-eabi/13.2.1/../../../../arm-none-eabi/lib/thumb/v6-m/nofp/libg.a(libc_a-calloc.o) (_calloc_r)
/Applications/ArmGNUToolchain/13.2.Rel1/arm-none-eabi/bin/../lib/gcc/arm-none-eabi/13.2.1/../../../../arm-none-eabi/lib/thumb/v6-m/nofp/libg.a(libc_a-malloc.o)
                              CMakeFiles/spi.dir/Users/prarthana/Pico/pico-sdk/src/rp2_common/pico_malloc/pico_malloc.c.obj (malloc)
/Applications/ArmGNUToolchain/13.2.Rel1/arm-none-eabi/bin/../lib/gcc/arm-none-eabi/13.2.1/../../../../arm-none-eabi/lib/thumb/v6-m/nofp/libg.a(libc_a-mallocr.o)
                              /Applications/ArmGNUToolchain/13.2.Rel1/arm-none-eabi/bin/../lib/gcc/arm-none-eabi/13.2.1/../../../../arm-none-eabi/lib/thumb/v6-m/nofp/libg.a(libc_a-callocr.o) (_malloc_r)
/Applications/ArmGNUToolchain/13.2.Rel1/arm-none-eabi/bin/../lib/gcc/arm-none-eabi/13.2.1/../../../../arm-none-eabi/lib/thumb/v6-m/nofp/libg.a(libc_a-mlock.o)
                              /Applications/ArmGNUToolchain/13.2.Rel1/arm-none-eabi/bin/../lib/gcc/arm-none-eabi/13.2.1/../../../../arm-none-eabi/lib/thumb/v6-m/nofp/libg.a(libc_a-mallocr.o) (__malloc_lock)
/Applications/ArmGNUToolchain/13.2.Rel1/arm-none-eabi/bin/../lib/gcc/arm-none-eabi/13.2.1/../../../../arm-none-eabi/lib/thumb/v6-m/nofp/libg.a(libc_a-realloc.o)
                              CMakeFiles/spi.dir/Users/prarthana/Pico/pico-sdk/src/rp2_common/pico_malloc/pico_malloc.c.obj (realloc)
/Applications/ArmGNUToolchain/13.2.Rel1/arm-none-eabi/bin/../lib/gcc/arm-none-eabi/13.2.1/../../../../arm-none-eabi/lib/thumb/v6-m/nofp/libg.a(libc_a-reallocr.o)
                              /Applications/ArmGNUToolchain/13.2.Rel1/arm-none-eabi/bin/../lib/gcc/arm-none-eabi/13.2.1/../../../../arm-none-eabi/lib/thumb/v6-m/nofp/libg.a(libc_a-realloc.o) (_realloc_r)
/Applications/ArmGNUToolchain/13.2.Rel1/arm-none-eabi/bin/../lib/gcc/arm-none-eabi/13.2.1/../../../../arm-none-eabi/lib/thumb/v6-m/nofp/libg.a(libc_a-memmove.o)
                              /Applications/ArmGNUToolchain/13.2.Rel1/arm-none-eabi/bin/../lib/gcc/arm-none-eabi/13.2.1/../../../../arm-none-eabi/lib/thumb/v6-m/nofp/libg.a(libc_a-reallocr.o) (memmove)
/Applications/ArmGNUToolchain/13.2.Rel1/arm-none-eabi/bin/../lib/gcc/arm-none-eabi/13.2.1/../../../../arm-none-eabi/lib/thumb/v6-m/nofp/libg.a(libc_a-impure.o)
                              /Applications/ArmGNUToolchain/13.2.Rel1/arm-none-eabi/bin/../lib/gcc/arm-none-eabi/13.2.1/../../../../arm-none-eabi/lib/thumb/v6-m/nofp/libg.a(libc_a-calloc.o) (_impure_ptr)
/Applications/ArmGNUToolchain/13.2.Rel1/arm-none-eabi/bin/../lib/gcc/arm-none-eabi/13.2.1/../../../../arm-none-eabi/lib/thumb/v6-m/nofp/libg.a(libc_a-sbrkr.o)
                              /Applications/ArmGNUToolchain/13.2.Rel1/arm-none-eabi/bin/../lib/gcc/arm-none-eabi/13.2.1/../../../../arm-none-eabi/lib/thumb/v6-m/nofp/libg.a(libc_a-mallocr.o) (_sbrk_r)
/Applications/ArmGNUToolchain/13.2.Rel1/arm-none-eabi/bin/../lib/gcc/arm-none-eabi/13.2.1/../../../../arm-none-eabi/lib/thumb/v6-m/nofp/libg.a(libc_a-errno.o)
                              /Applications/ArmGNUToolchain/13.2.Rel1/arm-none-eabi/bin/../lib/gcc/arm-none-eabi/13.2.1/../../../../arm-none-eabi/lib/thumb/v6-m/nofp/libg.a(libc_a-callocr.o) (__errno)
/Applications/ArmGNUToolchain/13.2.Rel1/arm-none-eabi/bin/../lib/gcc/arm-none-eabi/13.2.1/../../../../arm-none-eabi/lib/thumb/v6-m/nofp/libg.a(libc_a-sysconf.o)
                              /Applications/ArmGNUToolchain/13.2.Rel1/arm-none-eabi/bin/../lib/gcc/arm-none-eabi/13.2.1/../../../../arm-none-eabi/lib/thumb/v6-m/nofp/libg.a(libc_a-mallocr.o) (sysconf)
/Applications/ArmGNUToolchain/13.2.Rel1/arm-none-eabi/bin/../lib/gcc/arm-none-eabi/13.2.1/../../../../arm-none-eabi/lib/thumb/v6-m/nofp/libg.a(libc_a-init.o)
                              /Applications/ArmGNUToolchain/13.2.Rel1/arm-none-eabi/bin/../lib/gcc/arm-none-eabi/13.2.1/../../../../arm-none-eabi/lib/thumb/v6-m/nofp/crt0.o (__libc_init_array)
/Applications/ArmGNUToolchain/13.2.Rel1/arm-none-eabi/bin/../lib/gcc/arm-none-eabi/13.2.1/../../../../arm-none-eabi/lib/thumb/v6-m/nofp/libg.a(libc_a-lock.o)
[...]
Memory Configuration

Name             Origin             Length             Attributes
FLASH            0x10000000         0x00200000         xr
RAM              0x20000000         0x00040000         xrw
SCRATCH_X        0x20040000         0x00001000         xrw
SCRATCH_Y        0x20041000         0x00001000         xrw
*default*        0x00000000         0xffffffff

Linker script and memory map

LOAD /Applications/ArmGNUToolchain/13.2.Rel1/arm-none-eabi/bin/../lib/gcc/arm-none-eabi/13.2.1/thumb/v6-m/nofp/crti.o
LOAD /Applications/ArmGNUToolchain/13.2.Rel1/arm-none-eabi/bin/../lib/gcc/arm-none-eabi/13.2.1/thumb/v6-m/nofp/crtbegin.o
LOAD /Applications/ArmGNUToolchain/13.2.Rel1/arm-none-eabi/bin/../lib/gcc/arm-none-eabi/13.2.1/../../../../arm-none-eabi/lib/thumb/v6-m/nofp/crt0.o

.flash_begin    0x10000000        0x0
                0x10000000                        __flash_binary_start = .

.boot2          0x10000000      0x100
                0x10000000                        __boot2_start__ = .
 *(.boot2)
 .boot2         0x10000000      0x100 /var/folders/5b/hd0zz73j0sb7hs24b2tg1yy40000gn/T//ccBpVrPr.o
                0x10000100                        __boot2_end__ = .
                0x00000001                        ASSERT (((__boot2_end__ - __boot2_start__) == 0x100), ERROR: Pico second stage bootloader must be 256 bytes in size)

.text           0x10000100     0x76c0
                0x10000100                        __logical_binary_start = .
 *(.vectors)
 .vectors       0x10000100       0xd4 CMakeFiles/spi.dir/Users/prarthana/Pico/pico-sdk/src/rp2_common/pico_standard_link/crt0.S.obj
                0x10000100                __VECTOR_TABLE
                0x10000100                __vectors
                0x100001c0                __default_isrs_start
                0x100001c0                isr_invalid
                0x100001c2                isr_nmi
                0x100001c4                isr_hardfault
                0x100001c6                isr_svcall
                0x100001c8                isr_pendsv
                0x100001ca                isr_systick
                0x100001cc                isr_irq28
                0x100001cc                isr_irq19
                0x100001cc                isr_irq0
                0x100001cc                isr_irq6
                0x100001cc                isr_irq22
                0x100001cc                isr_irq17
                0x100001cc                isr_irq14
                0x100001cc                isr_irq2
                0x100001cc                isr_irq10
                0x100001cc                isr_irq8
                0x100001cc                isr_irq24
                0x100001cc                isr_irq1
                0x100001cc                isr_irq7
                0x100001cc                isr_irq21
                0x100001cc                isr_irq20
                0x100001cc                isr_irq15
                0x100001cc                isr_irq25
                0x100001cc                isr_irq4
                0x100001cc                isr_irq16
                0x100001cc                isr_irq29
                0x100001cc                isr_irq26
                0x100001cc                __default_isrs_end
                0x100001cc                isr_irq3
                0x100001cc                isr_irq9
                0x100001cc                __unhandled_user_irq
                0x100001cc                isr_irq13
                0x100001cc                isr_irq27
                0x100001cc                isr_irq31
                0x100001cc                isr_irq5
                0x100001cc                isr_irq11
                0x100001cc                isr_irq23
                0x100001cc                isr_irq18
                0x100001cc                isr_irq30
                0x100001cc                isr_irq12
                0x100001d2                unhandled_user_irq_num_in_r0
 *(.binary_info_header)
 .binary_info_header
                0x100001d4       0x14 CMakeFiles/spi.dir/Users/prarthana/Pico/pico-sdk/src/rp2_common/pico_standard_link/crt0.S.obj
                0x100001e8                        __binary_info_header_end = .
 *(.reset)
 .reset         0x100001e8       0xa0 CMakeFiles/spi.dir/Users/prarthana/Pico/pico-sdk/src/rp2_common/pico_standard_link/crt0.S.obj
                0x100001e8                _entry_point
 .reset         0x10000288       0x30 CMakeFiles/spi.dir/Users/prarthana/Pico/pico-sdk/src/rp2_common/pico_standard_link/binary_info.c.obj
 *(.init)
 .init          0x100002b8        0x4 /Applications/ArmGNUToolchain/13.2.Rel1/arm-none-eabi/bin/../lib/gcc/arm-none-eabi/13.2.1/thumb/v6-m/nofp/crti.o
                0x100002b8                _init
 *(EXCLUDE_FILE(*libm.a: *libc.a:*lib_a-mem*.o *libgcc.a:) .text*)
 .text.register_tm_clones
                0x100002bc       0x28 /Applications/ArmGNUToolchain/13.2.Rel1/arm-none-eabi/bin/../lib/gcc/arm-none-eabi/13.2.1/thumb/v6-m/nofp/crtbegin.o
 .text.frame_dummy
                0x100002e4       0x24 /Applications/ArmGNUToolchain/13.2.Rel1/arm-none-eabi/bin/../lib/gcc/arm-none-eabi/13.2.1/thumb/v6-m/nofp/crtbegin.o
 .text.write_voltage
                0x10000308       0x38 CMakeFiles/spi.dir/spi.c.obj
 .text.main     0x10000340      0x114 CMakeFiles/spi.dir/spi.c.obj
                0x10000340                main
 .text.gpio_set_function
                0x10000454       0x30 CMakeFiles/spi.dir/Users/prarthana/Pico/pico-sdk/src/rp2_common/hardware_gpio/gpio.c.obj
                0x10000454                gpio_set_function
 .text.gpio_init
                0x10000484       0x16 CMakeFiles/spi.dir/Users/prarthana/Pico/pico-sdk/src/rp2_common/hardware_gpio/gpio.c.obj
                0x10000484                gpio_init
 *fill*         0x1000049a        0x2 
 .text.running_on_fpga
                0x1000049c       0x14 CMakeFiles/spi.dir/Users/prarthana/Pico/pico-sdk/src/rp2_common/pico_platform/platform.c.obj
                0x1000049c                running_on_fpga
 .text.hw_claim_lock
                0x100004b0       0x18 CMakeFiles/spi.dir/Users/prarthana/Pico/pico-sdk/src/rp2_common/hardware_claim/claim.c.obj
                0x100004b0                hw_claim_lock
 .text.hw_claim_unlock
                0x100004c8       0x14 CMakeFiles/spi.dir/Users/prarthana/Pico/pico-sdk/src/rp2_common/hardware_claim/claim.c.obj
                0x100004c8                hw_claim_unlock
 .text.hw_claim_or_assert
                0x100004dc       0x32 CMakeFiles/spi.dir/Users/prarthana/Pico/pico-sdk/src/rp2_common/hardware_claim/claim.c.obj
                0x100004dc                hw_claim_or_assert
 .text.hw_claim_unused_from_range
                0x1000050e       0x50 CMakeFiles/spi.dir/Users/prarthana/Pico/pico-sdk/src/rp2_common/hardware_claim/claim.c.obj
                0x1000050e                hw_claim_unused_from_range
 *fill*         0x1000055e        0x2 
 .text.spin_locks_reset
                0x10000560       0x20 CMakeFiles/spi.dir/Users/prarthana/Pico/pico-sdk/src/rp2_common/hardware_sync/sync.c.obj
                0x10000560                spin_locks_reset
 .text.next_striped_spin_lock_num
                0x10000580       0x1c CMakeFiles/spi.dir/Users/prarthana/Pico/pico-sdk/src/rp2_common/hardware_sync/sync.c.obj
                0x10000580                next_striped_spin_lock_num
 .text.spin_lock_claim_unused
                0x1000059c       0x24 CMakeFiles/spi.dir/Users/prarthana/Pico/pico-sdk/src/rp2_common/hardware_sync/sync.c.obj
                0x1000059c                spin_lock_claim_unused
 .text.set_raw_irq_handler_and_unlock
                0x100005c0       0x28 CMakeFiles/spi.dir/Users/prarthana/Pico/pico-sdk/src/rp2_common/hardware_irq/irq.c.obj
 .text.resolve_branch
                0x100005e8       0x30 CMakeFiles/spi.dir/Users/prarthana/Pico/pico-sdk/src/rp2_common/hardware_irq/irq.c.obj
 .text.make_branch
                0x10000618       0x48 CMakeFiles/spi.dir/Users/prarthana/Pico/pico-sdk/src/rp2_common/hardware_irq/irq.c.obj
 .text.insert_branch_and_link
                0x10000660       0x40 CMakeFiles/spi.dir/Users/prarthana/Pico/pico-sdk/src/rp2_common/hardware_irq/irq.c.obj
 .text.irq_is_enabled
                0x100006a0       0x18 CMakeFiles/spi.dir/Users/prarthana/Pico/pico-sdk/src/rp2_common/hardware_irq/irq.c.obj
                0x100006a0                irq_is_enabled
 .text.irq_set_mask_enabled
                0x100006b8       0x20 CMakeFiles/spi.dir/Users/prarthana/Pico/pico-sdk/src/rp2_common/hardware_irq/irq.c.obj
                0x100006b8                irq_set_mask_enabled
 .text.irq_set_enabled
                0x100006d8        0xe CMakeFiles/spi.dir/Users/prarthana/Pico/pico-sdk/src/rp2_common/hardware_irq/irq.c.obj
                0x100006d8                irq_set_enabled
 *fill*         0x100006e6        0x2 
 .text.irq_set_pending
                0x100006e8       0x10 CMakeFiles/spi.dir/Users/prarthana/Pico/pico-sdk/src/rp2_common/hardware_irq/irq.c.obj
                0x100006e8                irq_set_pending
 .text.irq_get_vtable_handler
                0x100006f8       0x10 CMakeFiles/spi.dir/Users/prarthana/Pico/pico-sdk/src/rp2_common/hardware_irq/irq.c.obj
                0x100006f8                irq_get_vtable_handler
 .text.irq_has_shared_handler
                0x10000708       0x24 CMakeFiles/spi.dir/Users/prarthana/Pico/pico-sdk/src/rp2_common/hardware_irq/irq.c.obj
                0x10000708                irq_has_shared_handler
 .text.irq_set_exclusive_handler
                0x1000072c       0x54 CMakeFiles/spi.dir/Users/prarthana/Pico/pico-sdk/src/rp2_common/hardware_irq/irq.c.obj
                0x1000072c                irq_set_exclusive_handler
 .text.irq_add_shared_handler
                0x10000780      0x210 CMakeFiles/spi.dir/Users/prarthana/Pico/pico-sdk/src/rp2_common/hardware_irq/irq.c.obj
                0x10000780                irq_add_shared_handler
 .text.irq_remove_handler
                0x10000990      0x188 CMakeFiles/spi.dir/Users/prarthana/Pico/pico-sdk/src/rp2_common/hardware_irq/irq.c.obj
                0x10000990                irq_remove_handler
 .text.irq_add_tail_to_free_list
                0x10000b18       0xf0 CMakeFiles/spi.dir/Users/prarthana/Pico/pico-sdk/src/rp2_common/hardware_irq/irq.c.obj
                0x10000b18                irq_add_tail_to_free_list
 .text.irq_init_priorities
                0x10000c08       0x1c CMakeFiles/spi.dir/Users/prarthana/Pico/pico-sdk/src/rp2_common/hardware_irq/irq.c.obj
                0x10000c08                irq_init_priorities
 .text.user_irq_claim_unused
                0x10000c24       0x2c CMakeFiles/spi.dir/Users/prarthana/Pico/pico-sdk/src/rp2_common/hardware_irq/irq.c.obj
                0x10000c24                user_irq_claim_unused
 .text.lock_init
                0x10000c50       0x10 CMakeFiles/spi.dir/Users/prarthana/Pico/pico-sdk/src/common/pico_sync/lock_core.c.obj
                0x10000c50                lock_init
 .text.update_us_since_boot
                0x10000c60       0x24 CMakeFiles/spi.dir/Users/prarthana/Pico/pico-sdk/src/common/pico_sync/mutex.c.obj
 .text.delayed_by_ms
                0x10000c84       0x44 CMakeFiles/spi.dir/Users/prarthana/Pico/pico-sdk/src/common/pico_sync/mutex.c.obj
 .text.get_absolute_time
                0x10000cc8       0x22 CMakeFiles/spi.dir/Users/prarthana/Pico/pico-sdk/src/common/pico_sync/mutex.c.obj
 .text.make_timeout_time_ms
                0x10000cea       0x20 CMakeFiles/spi.dir/Users/prarthana/Pico/pico-sdk/src/common/pico_sync/mutex.c.obj
 .text.mutex_init
                0x10000d0a       0x1a CMakeFiles/spi.dir/Users/prarthana/Pico/pico-sdk/src/common/pico_sync/mutex.c.obj
                0x10000d0a                mutex_init
 .text.recursive_mutex_init
                0x10000d24       0x1e CMakeFiles/spi.dir/Users/prarthana/Pico/pico-sdk/src/common/pico_sync/mutex.c.obj
                0x10000d24                recursive_mutex_init
 *fill*         0x10000d42        0x2 
 .text.critical_section_init_with_lock_num
                0x10000d44       0x14 CMakeFiles/spi.dir/Users/prarthana/Pico/pico-sdk/src/common/pico_sync/critical_section.c.obj
                0x10000d44                critical_section_init_with_lock_num
 .text.critical_section_init
                0x10000d58       0x14 CMakeFiles/spi.dir/Users/prarthana/Pico/pico-sdk/src/common/pico_sync/critical_section.c.obj
                0x10000d58                critical_section_init
 .text.time_reached
                0x10000d6c       0x28 CMakeFiles/spi.dir/Users/prarthana/Pico/pico-sdk/src/common/pico_time/time.c.obj
 .text.get_entry
                0x10000d94       0x38 CMakeFiles/spi.dir/Users/prarthana/Pico/pico-sdk/src/common/pico_time/time.c.obj
 .text.timer_pool_entry_comparator
                0x10000dcc       0x2e CMakeFiles/spi.dir/Users/prarthana/Pico/pico-sdk/src/common/pico_time/time.c.obj
                0x10000dcc                timer_pool_entry_comparator
 *fill*         0x10000dfa        0x2 
 .text.update_us_since_boot
                0x10000dfc       0x24 CMakeFiles/spi.dir/Users/prarthana/Pico/pico-sdk/src/common/pico_time/time.c.obj
 .text.delayed_by_us
                0x10000e20       0x34 CMakeFiles/spi.dir/Users/prarthana/Pico/pico-sdk/src/common/pico_time/time.c.obj
 .text.ph_get_node
                0x10000e54       0x30 CMakeFiles/spi.dir/Users/prarthana/Pico/pico-sdk/src/common/pico_time/time.c.obj
 .text.ph_contains_node
                0x10000e84       0x1e CMakeFiles/spi.dir/Users/prarthana/Pico/pico-sdk/src/common/pico_time/time.c.obj
 .text.ph_new_node
                0x10000ea2       0x28 CMakeFiles/spi.dir/Users/prarthana/Pico/pico-sdk/src/common/pico_time/time.c.obj
 *fill*         0x10000eca        0x2 
 .text.ph_add_child_node
                0x10000ecc       0x6c CMakeFiles/spi.dir/Users/prarthana/Pico/pico-sdk/src/common/pico_time/time.c.obj
 .text.ph_merge_nodes
                0x10000f38       0x3e CMakeFiles/spi.dir/Users/prarthana/Pico/pico-sdk/src/common/pico_time/time.c.obj
 *fill*         0x10000f76        0x2 
 .text.ph_insert_node
                0x10000f78       0x3c CMakeFiles/spi.dir/Users/prarthana/Pico/pico-sdk/src/common/pico_time/time.c.obj
 .text.ph_free_node
                0x10000fb4       0x5c CMakeFiles/spi.dir/Users/prarthana/Pico/pico-sdk/src/common/pico_time/time.c.obj
 .text.get_entry_id_high
                0x10001010       0x30 CMakeFiles/spi.dir/Users/prarthana/Pico/pico-sdk/src/common/pico_time/time.c.obj
 .text.alarm_pool_post_alloc_init
                0x10001040       0x40 CMakeFiles/spi.dir/Users/prarthana/Pico/pico-sdk/src/common/pico_time/time.c.obj
 .text.sleep_until_callback
                0x10001080       0x30 CMakeFiles/spi.dir/Users/prarthana/Pico/pico-sdk/src/common/pico_time/time.c.obj
 .text.get_absolute_time
                0x100010b0       0x22 CMakeFiles/spi.dir/Users/prarthana/Pico/pico-sdk/src/common/pico_time/time.c.obj
 .text.make_timeout_time_us
                0x100010d2       0x24 CMakeFiles/spi.dir/Users/prarthana/Pico/pico-sdk/src/common/pico_time/time.c.obj
 *fill*         0x100010f6        0x2 
 .text.add_alarm_under_lock
                0x100010f8       0x94 CMakeFiles/spi.dir/Users/prarthana/Pico/pico-sdk/src/common/pico_time/time.c.obj
 .text.alarm_pool_alarm_callback
                0x1000118c      0x210 CMakeFiles/spi.dir/Users/prarthana/Pico/pico-sdk/src/common/pico_time/time.c.obj
 .text.alarm_pool_init_default
                0x1000139c       0x40 CMakeFiles/spi.dir/Users/prarthana/Pico/pico-sdk/src/common/pico_time/time.c.obj
                0x1000139c                alarm_pool_init_default
 .text.alarm_pool_get_default
                0x100013dc       0x2c CMakeFiles/spi.dir/Users/prarthana/Pico/pico-sdk/src/common/pico_time/time.c.obj
                0x100013dc                alarm_pool_get_default
 .text.alarm_pool_add_alarm_at
                0x10001408      0x10e CMakeFiles/spi.dir/Users/prarthana/Pico/pico-sdk/src/common/pico_time/time.c.obj
                0x10001408                alarm_pool_add_alarm_at
 .text.add_alarm_at
                0x10001516       0x2e CMakeFiles/spi.dir/Users/prarthana/Pico/pico-sdk/src/common/pico_time/time.c.obj
 .text.alarm_pool_cancel_alarm
                0x10001544       0xa8 CMakeFiles/spi.dir/Users/prarthana/Pico/pico-sdk/src/common/pico_time/time.c.obj
                0x10001544                alarm_pool_cancel_alarm
 .text.cancel_alarm
                0x100015ec       0x10 CMakeFiles/spi.dir/Users/prarthana/Pico/pico-sdk/src/common/pico_time/time.c.obj
 .text.alarm_pool_core_num
                0x100015fc        0x4 CMakeFiles/spi.dir/Users/prarthana/Pico/pico-sdk/src/common/pico_time/time.c.obj
                0x100015fc                alarm_pool_core_num
 .text.sleep_until
                0x10001600       0xb0 CMakeFiles/spi.dir/Users/prarthana/Pico/pico-sdk/src/common/pico_time/time.c.obj
                0x10001600                sleep_until
 .text.sleep_us
                0x100016b0       0x1a CMakeFiles/spi.dir/Users/prarthana/Pico/pico-sdk/src/common/pico_time/time.c.obj
                0x100016b0                sleep_us
 .text.sleep_ms
                0x100016ca       0x14 CMakeFiles/spi.dir/Users/prarthana/Pico/pico-sdk/src/common/pico_time/time.c.obj
                0x100016ca                sleep_ms
 *fill*         0x100016de        0x2 
 .text.best_effort_wfe_or_timeout
                0x100016e0       0x44 CMakeFiles/spi.dir/Users/prarthana/Pico/pico-sdk/src/common/pico_time/time.c.obj
                0x100016e0                best_effort_wfe_or_timeout
 .text.hardware_alarm_irq_handler
                0x10001724       0x8c CMakeFiles/spi.dir/Users/prarthana/Pico/pico-sdk/src/rp2_common/hardware_timer/timer.c.obj
 .text.hardware_alarm_claim
                0x100017b0       0x18 CMakeFiles/spi.dir/Users/prarthana/Pico/pico-sdk/src/rp2_common/hardware_timer/timer.c.obj
                0x100017b0                hardware_alarm_claim
 .text.time_us_64
                0x100017c8       0x18 CMakeFiles/spi.dir/Users/prarthana/Pico/pico-sdk/src/rp2_common/hardware_timer/timer.c.obj
                0x100017c8                time_us_64
 .text.busy_wait_until
                0x100017e0       0x28 CMakeFiles/spi.dir/Users/prarthana/Pico/pico-sdk/src/rp2_common/hardware_timer/timer.c.obj
                0x100017e0                busy_wait_until
 .text.hardware_alarm_set_callback
                0x10001808       0x90 CMakeFiles/spi.dir/Users/prarthana/Pico/pico-sdk/src/rp2_common/hardware_timer/timer.c.obj
                0x10001808                hardware_alarm_set_callback
 .text.hardware_alarm_set_target
                0x10001898       0xe8 CMakeFiles/spi.dir/Users/prarthana/Pico/pico-sdk/src/rp2_common/hardware_timer/timer.c.obj
                0x10001898                hardware_alarm_set_target
 .text.hardware_alarm_cancel
                0x10001980       0x40 CMakeFiles/spi.dir/Users/prarthana/Pico/pico-sdk/src/rp2_common/hardware_timer/timer.c.obj
                0x10001980                hardware_alarm_cancel
 .text.ph_get_node
                0x100019c0       0x30 CMakeFiles/spi.dir/Users/prarthana/Pico/pico-sdk/src/common/pico_util/pheap.c.obj
 .text.ph_add_child_node
                0x100019f0       0x6c CMakeFiles/spi.dir/Users/prarthana/Pico/pico-sdk/src/common/pico_util/pheap.c.obj
 .text.ph_merge_nodes
                0x10001a5c       0x3e CMakeFiles/spi.dir/Users/prarthana/Pico/pico-sdk/src/common/pico_util/pheap.c.obj
 .text.ph_clear
                0x10001a9a       0x34 CMakeFiles/spi.dir/Users/prarthana/Pico/pico-sdk/src/common/pico_util/pheap.c.obj
                0x10001a9a                ph_clear
 .text.ph_post_alloc_init
                0x10001ace        0xe CMakeFiles/spi.dir/Users/prarthana/Pico/pico-sdk/src/common/pico_util/pheap.c.obj
                0x10001ace                ph_post_alloc_init
 .text.ph_merge_two_pass
                0x10001adc       0x5c CMakeFiles/spi.dir/Users/prarthana/Pico/pico-sdk/src/common/pico_util/pheap.c.obj
                0x10001adc                ph_merge_two_pass
 .text.ph_remove_any_head
                0x10001b38       0xc0 CMakeFiles/spi.dir/Users/prarthana/Pico/pico-sdk/src/common/pico_util/pheap.c.obj
 .text.ph_remove_head
                0x10001bf8       0x14 CMakeFiles/spi.dir/Users/prarthana/Pico/pico-sdk/src/common/pico_util/pheap.c.obj
                0x10001bf8                ph_remove_head
 .text.ph_remove_and_free_node
                0x10001c0c       0xa0 CMakeFiles/spi.dir/Users/prarthana/Pico/pico-sdk/src/common/pico_util/pheap.c.obj
                0x10001c0c                ph_remove_and_free_node
 .text.clock_configure
                0x10001cac      0x108 CMakeFiles/spi.dir/Users/prarthana/Pico/pico-sdk/src/rp2_common/hardware_clocks/clocks.c.obj
                0x10001cac                clock_configure
 .text.clocks_init
                0x10001db4      0x100 CMakeFiles/spi.dir/Users/prarthana/Pico/pico-sdk/src/rp2_common/hardware_clocks/clocks.c.obj
                0x10001db4                clocks_init
 .text.clock_get_hz
                0x10001eb4        0xc CMakeFiles/spi.dir/Users/prarthana/Pico/pico-sdk/src/rp2_common/hardware_clocks/clocks.c.obj
                0x10001eb4                clock_get_hz
 .text.pll_init
                0x10001ec0      0x120 CMakeFiles/spi.dir/Users/prarthana/Pico/pico-sdk/src/rp2_common/hardware_pll/pll.c.obj
                0x10001ec0                pll_init
 .text.watchdog_start_tick
                0x10001fe0       0x10 CMakeFiles/spi.dir/Users/prarthana/Pico/pico-sdk/src/rp2_common/hardware_watchdog/watchdog.c.obj
                0x10001fe0                watchdog_start_tick
 .text.watchdog_update
                0x10001ff0       0x14 CMakeFiles/spi.dir/Users/prarthana/Pico/pico-sdk/src/rp2_common/hardware_watchdog/watchdog.c.obj
                0x10001ff0                watchdog_update
 .text._watchdog_enable
                0x10002004       0x78 CMakeFiles/spi.dir/Users/prarthana/Pico/pico-sdk/src/rp2_common/hardware_watchdog/watchdog.c.obj
                0x10002004                _watchdog_enable
 .text.watchdog_reboot
                0x1000207c       0x48 CMakeFiles/spi.dir/Users/prarthana/Pico/pico-sdk/src/rp2_common/hardware_watchdog/watchdog.c.obj
                0x1000207c                watchdog_reboot
 .text.xosc_init
                0x100020c4       0x28 CMakeFiles/spi.dir/Users/prarthana/Pico/pico-sdk/src/rp2_common/hardware_xosc/xosc.c.obj
                0x100020c4                xosc_init
 .text._exit    0x100020ec        0x4 CMakeFiles/spi.dir/Users/prarthana/Pico/pico-sdk/src/rp2_common/pico_runtime/runtime.c.obj
                0x100020ec                _exit
 .text.exit     0x100020f0        0x6 CMakeFiles/spi.dir/Users/prarthana/Pico/pico-sdk/src/rp2_common/pico_runtime/runtime.c.obj
                0x100020f0                exit
 *fill*         0x100020f6        0x2 
 .text.__assert_func
                0x100020f8       0x38 CMakeFiles/spi.dir/Users/prarthana/Pico/pico-sdk/src/rp2_common/pico_runtime/runtime.c.obj
                0x100020f8                __assert_func
 .text.runtime_init
                0x10002130       0xf8 CMakeFiles/spi.dir/Users/prarthana/Pico/pico-sdk/src/rp2_common/pico_runtime/runtime.c.obj
                0x10002130                runtime_init
 .text.panic    0x10002228       0x30 CMakeFiles/spi.dir/Users/prarthana/Pico/pico-sdk/src/rp2_common/pico_runtime/runtime.c.obj
                0x10002228                panic
 .text._out_null
                0x10002258        0x2 CMakeFiles/spi.dir/Users/prarthana/Pico/pico-sdk/src/rp2_common/pico_printf/printf.c.obj
 .text._out_fct
                0x1000225a        0xe CMakeFiles/spi.dir/Users/prarthana/Pico/pico-sdk/src/rp2_common/pico_printf/printf.c.obj
 .text._atoi    0x10002268       0x24 CMakeFiles/spi.dir/Users/prarthana/Pico/pico-sdk/src/rp2_common/pico_printf/printf.c.obj
 .text._out_rev
                0x1000228c       0xae CMakeFiles/spi.dir/Users/prarthana/Pico/pico-sdk/src/rp2_common/pico_printf/printf.c.obj
 .text._ntoa_format
                0x1000233a      0x110 CMakeFiles/spi.dir/Users/prarthana/Pico/pico-sdk/src/rp2_common/pico_printf/printf.c.obj
 .text._ntoa_long
                0x1000244a       0xbc CMakeFiles/spi.dir/Users/prarthana/Pico/pico-sdk/src/rp2_common/pico_printf/printf.c.obj
 .text._ntoa_long_long
                0x10002506      0x10e CMakeFiles/spi.dir/Users/prarthana/Pico/pico-sdk/src/rp2_common/pico_printf/printf.c.obj
 .text._etoa    0x10002614      0x420 CMakeFiles/spi.dir/Users/prarthana/Pico/pico-sdk/src/rp2_common/pico_printf/printf.c.obj
 .text._ftoa    0x10002a34      0x354 CMakeFiles/spi.dir/Users/prarthana/Pico/pico-sdk/src/rp2_common/pico_printf/printf.c.obj
 .text._vsnprintf
                0x10002d88      0x668 CMakeFiles/spi.dir/Users/prarthana/Pico/pico-sdk/src/rp2_common/pico_printf/printf.c.obj
 .text.vfctprintf
                0x100033f0       0x20 CMakeFiles/spi.dir/Users/prarthana/Pico/pico-sdk/src/rp2_common/pico_printf/printf.c.obj
                0x100033f0                vfctprintf
 .text          0x10003410       0x10 CMakeFiles/spi.dir/Users/prarthana/Pico/pico-sdk/src/rp2_common/pico_bit_ops/bit_ops_aeabi.S.obj
 .text.rom_func_lookup
                0x10003420       0x10 CMakeFiles/spi.dir/Users/prarthana/Pico/pico-sdk/src/rp2_common/pico_bootrom/bootrom.c.obj
                0x10003420                rom_func_lookup
 .text.rom_data_lookup
                0x10003430       0x10 CMakeFiles/spi.dir/Users/prarthana/Pico/pico-sdk/src/rp2_common/pico_bootrom/bootrom.c.obj
                0x10003430                rom_data_lookup
 .text.rom_funcs_lookup
                0x10003440       0x36 CMakeFiles/spi.dir/Users/prarthana/Pico/pico-sdk/src/rp2_common/pico_bootrom/bootrom.c.obj
                0x10003440                rom_funcs_lookup
 *fill*         0x10003476        0x2 
 .text.__wrap___aeabi_idiv
                0x10003478       0x50 CMakeFiles/spi.dir/Users/prarthana/Pico/pico-sdk/src/rp2_common/pico_divider/divider.S.obj
                0x10003478                __wrap___aeabi_idivmod
                0x10003478                divmod_s32s32
                0x10003478                div_s32s32
                0x10003478                __wrap___aeabi_idiv
                0x10003480                divmod_s32s32_unsafe
                0x100034ac                divmod_s32s32_savestate
 .text.__wrap___aeabi_uidiv
                0x100034c8       0x4c CMakeFiles/spi.dir/Users/prarthana/Pico/pico-sdk/src/rp2_common/pico_divider/divider.S.obj
                0x100034c8                __wrap___aeabi_uidiv
                0x100034c8                __wrap___aeabi_uidivmod
                0x100034c8                div_u32u32
                0x100034c8                divmod_u32u32
                0x100034d0                divmod_u32u32_unsafe
                0x100034f8                divmod_u32u32_savestate
 .text.__wrap___aeabi_ldiv
                0x10003514      0x424 CMakeFiles/spi.dir/Users/prarthana/Pico/pico-sdk/src/rp2_common/pico_divider/divider.S.obj
                0x10003514                __wrap___aeabi_ldivmod
                0x10003514                div_s64s64
                0x10003514                divmod_s64s64
                0x10003544                divmod_u64u64
                0x10003544                div_u64u64
                0x10003544                __wrap___aeabi_uldivmod
                0x10003554                divmod_u64u64_savestate
                0x10003574                divmod_s64s64_unsafe
                0x100035fc                divmod_u64u64_unsafe
 .text.push_r8_r11
                0x10003938        0xc CMakeFiles/spi.dir/Users/prarthana/Pico/pico-sdk/src/rp2_common/pico_double/double_aeabi.S.obj
                0x10003938                push_r8_r11
 .text.pop_r8_r11
                0x10003944        0xc CMakeFiles/spi.dir/Users/prarthana/Pico/pico-sdk/src/rp2_common/pico_double/double_aeabi.S.obj
                0x10003944                pop_r8_r11
 .text.__wrap___aeabi_darithmetic
                0x10003950       0x80 CMakeFiles/spi.dir/Users/prarthana/Pico/pico-sdk/src/rp2_common/pico_double/double_aeabi.S.obj
                0x10003950                __wrap___aeabi_drsub
                0x10003956                __wrap___aeabi_dsub
                0x10003968                __wrap___aeabi_dadd
                0x1000397a                __wrap___aeabi_ddiv
                0x100039b6                __wrap___aeabi_dmul
 .text.__wrap___aeabi_cdcmple
                0x100039d0       0x6c CMakeFiles/spi.dir/Users/prarthana/Pico/pico-sdk/src/rp2_common/pico_double/double_aeabi.S.obj
                0x100039d0                __wrap___aeabi_cdrcmple
                0x100039e0                __wrap___aeabi_cdcmple
                0x100039e0                __wrap___aeabi_cdcmpeq
 .text.__wrap___aeabi_dcmplt
                0x10003a3c        0xc CMakeFiles/spi.dir/Users/prarthana/Pico/pico-sdk/src/rp2_common/pico_double/double_aeabi.S.obj
                0x10003a3c                __wrap___aeabi_dcmplt
 .text.__wrap___aeabi_dcmple
                0x10003a48       0x10 CMakeFiles/spi.dir/Users/prarthana/Pico/pico-sdk/src/rp2_common/pico_double/double_aeabi.S.obj
                0x10003a48                __wrap___aeabi_dcmple
 .text.__wrap___aeabi_dcmpge
                0x10003a58       0x10 CMakeFiles/spi.dir/Users/prarthana/Pico/pico-sdk/src/rp2_common/pico_double/double_aeabi.S.obj
                0x10003a58                __wrap___aeabi_dcmpge
 .text.__wrap___aeabi_dcmpgt
                0x10003a68        0xa CMakeFiles/spi.dir/Users/prarthana/Pico/pico-sdk/src/rp2_common/pico_double/double_aeabi.S.obj
                0x10003a68                __wrap___aeabi_dcmpgt
 .text.__wrap___aeabi_dcmpun
                0x10003a72       0x1c CMakeFiles/spi.dir/Users/prarthana/Pico/pico-sdk/src/rp2_common/pico_double/double_aeabi.S.obj
                0x10003a72                __wrap___aeabi_dcmpun
 *fill*         0x10003a8e        0x2 
 .text.__wrap___aeabi_i2d
                0x10003a90       0x38 CMakeFiles/spi.dir/Users/prarthana/Pico/pico-sdk/src/rp2_common/pico_double/double_aeabi.S.obj
                0x10003a90                __wrap___aeabi_ui2d
                0x10003a98                __wrap___aeabi_i2d
 .text.__wrap___aeabi_d2iz
                0x10003ac8       0x48 CMakeFiles/spi.dir/Users/prarthana/Pico/pico-sdk/src/rp2_common/pico_double/double_aeabi.S.obj
                0x10003ac8                __wrap___aeabi_d2iz
                0x10003ac8                double2int_z
 .text.__wrap___aeabi_d2uiz
                0x10003b10       0x18 CMakeFiles/spi.dir/Users/prarthana/Pico/pico-sdk/src/rp2_common/pico_double/double_aeabi.S.obj
                0x10003b10                double2uint
                0x10003b10                __wrap___aeabi_d2uiz
 .text.fix642double
                0x10003b28       0x18 CMakeFiles/spi.dir/Users/prarthana/Pico/pico-sdk/src/rp2_common/pico_double/double_aeabi.S.obj
                0x10003b28                fix642double
 .text.__wrap___aeabi_d2f
                0x10003b40       0x18 CMakeFiles/spi.dir/Users/prarthana/Pico/pico-sdk/src/rp2_common/pico_double/double_aeabi.S.obj
                0x10003b40                __wrap___aeabi_d2f
 .text.__wrap_sincostan_remainder
                0x10003b58       0x14 CMakeFiles/spi.dir/Users/prarthana/Pico/pico-sdk/src/rp2_common/pico_double/double_aeabi.S.obj
                0x10003b58                sincostan_remainder
 .text.__wrap_sin
                0x10003b6c       0x2c CMakeFiles/spi.dir/Users/prarthana/Pico/pico-sdk/src/rp2_common/pico_double/double_aeabi.S.obj
                0x10003b6c                __wrap_sin
 .text.__aeabi_double_init
                0x10003b98       0xcc CMakeFiles/spi.dir/Users/prarthana/Pico/pico-sdk/src/rp2_common/pico_double/double_init_rom.c.obj
                0x10003b98                __aeabi_double_init
 .text.drem_0   0x10003c64      0x122 CMakeFiles/spi.dir/Users/prarthana/Pico/pico-sdk/src/rp2_common/pico_double/double_math.c.obj
 *fill*         0x10003d86        0x2 
 .text.__wrap_remquo
                0x10003d88      0x164 CMakeFiles/spi.dir/Users/prarthana/Pico/pico-sdk/src/rp2_common/pico_double/double_math.c.obj
                0x10003d88                __wrap_remquo
 .text.__wrap_remainder
                0x10003eec       0x10 CMakeFiles/spi.dir/Users/prarthana/Pico/pico-sdk/src/rp2_common/pico_double/double_math.c.obj
                0x10003eec                __wrap_remainder
 .text.double_table_shim_on_use_helper
                0x10003efc       0x34 CMakeFiles/spi.dir/Users/prarthana/Pico/pico-sdk/src/rp2_common/pico_double/double_v1_rom_shim.S.obj
                0x10003efc                double_table_shim_on_use_helper
 .text.__wrap___aeabi_dsub
                0x10003f30       0x10 CMakeFiles/spi.dir/Users/prarthana/Pico/pico-sdk/src/rp2_common/pico_double/double_v1_rom_shim.S.obj
                0x10003f30                drsub_shim
                0x10003f36                dsub_shim
 .text.dadd_shim
                0x10003f40      0x15c CMakeFiles/spi.dir/Users/prarthana/Pico/pico-sdk/src/rp2_common/pico_double/double_v1_rom_shim.S.obj
                0x10003f40                dadd_shim
 .text.dmul_shim
                0x1000409c      0x15c CMakeFiles/spi.dir/Users/prarthana/Pico/pico-sdk/src/rp2_common/pico_double/double_v1_rom_shim.S.obj
                0x1000409c                dmul_shim
 .text.ddiv_shim
                0x100041f8      0x1b0 CMakeFiles/spi.dir/Users/prarthana/Pico/pico-sdk/src/rp2_common/pico_double/double_v1_rom_shim.S.obj
                0x100041f8                ddiv_shim
 .text.dcordic_vec_step
                0x100043a8        0xe CMakeFiles/spi.dir/Users/prarthana/Pico/pico-sdk/src/rp2_common/pico_double/double_v1_rom_shim.S.obj
                0x100043a8                dcordic_vec_step
 .text.dcordic_rot_step
                0x100043b6       0x76 CMakeFiles/spi.dir/Users/prarthana/Pico/pico-sdk/src/rp2_common/pico_double/double_v1_rom_shim.S.obj
                0x100043b6                dcordic_rot_step
 .text.double2uint_shim
                0x1000442c        0xe CMakeFiles/spi.dir/Users/prarthana/Pico/pico-sdk/src/rp2_common/pico_double/double_v1_rom_shim.S.obj
                0x1000442c                double2uint_shim
                0x1000442e                double2ufix_shim
 .text.double2int64_shim
                0x1000443a       0x1a CMakeFiles/spi.dir/Users/prarthana/Pico/pico-sdk/src/rp2_common/pico_double/double_v1_rom_shim.S.obj
                0x1000443a                double2int64_shim
                0x1000443c                double2fix64_shim
 .text.double2uint64_shim
                0x10004454       0x70 CMakeFiles/spi.dir/Users/prarthana/Pico/pico-sdk/src/rp2_common/pico_double/double_v1_rom_shim.S.obj
                0x10004454                double2uint64_shim
                0x10004456                double2ufix64_shim
                0x10004476                d2fix_a
 .text.double2float_shim
                0x100044c4       0x5c CMakeFiles/spi.dir/Users/prarthana/Pico/pico-sdk/src/rp2_common/pico_double/double_v1_rom_shim.S.obj
                0x100044c4                double2float_shim
 .text.x2double_shims
                0x10004520       0x90 CMakeFiles/spi.dir/Users/prarthana/Pico/pico-sdk/src/rp2_common/pico_double/double_v1_rom_shim.S.obj
                0x10004520                uint2double_shim
                0x10004522                ufix2double_shim
                0x10004528                int2double_shim
                0x1000452a                fix2double_shim
                0x10004530                uint642double_shim
                0x10004532                ufix642double_shim
                0x10004538                int642double_shim
                0x1000453a                fix642double_shim
 .text.dunpacks
                0x100045b0       0x3c CMakeFiles/spi.dir/Users/prarthana/Pico/pico-sdk/src/rp2_common/pico_double/double_v1_rom_shim.S.obj
                0x100045b0                dunpacks
 .text.dreduce  0x100045ec       0x82 CMakeFiles/spi.dir/Users/prarthana/Pico/pico-sdk/src/rp2_common/pico_double/double_v1_rom_shim.S.obj
                0x100045ec                dreduce
 .text.dsin_shim
                0x1000466e       0x14 CMakeFiles/spi.dir/Users/prarthana/Pico/pico-sdk/src/rp2_common/pico_double/double_v1_rom_shim.S.obj
                0x1000466e                dsin_shim
 *fill*         0x10004682        0x2 
 .text.dtrig_guts
                0x10004684      0x2ec CMakeFiles/spi.dir/Users/prarthana/Pico/pico-sdk/src/rp2_common/pico_double/double_v1_rom_shim.S.obj
                0x1000475c                datan2_shim
 .text.__aeabi_lmul
                0x10004970       0x32 CMakeFiles/spi.dir/Users/prarthana/Pico/pico-sdk/src/rp2_common/pico_int64_ops/pico_int64_ops_aeabi.S.obj
                0x10004970                __wrap___aeabi_lmul
 *fill*         0x100049a2        0x2 
 .text.__wrap___aeabi_farithmetic
                0x100049a4       0x58 CMakeFiles/spi.dir/Users/prarthana/Pico/pico-sdk/src/rp2_common/pico_float/float_aeabi.S.obj
                0x100049a4                __wrap___aeabi_frsub
                0x100049aa                __wrap___aeabi_fsub
                0x100049b4                __wrap___aeabi_fadd
                0x100049be                __wrap___aeabi_fdiv
                0x100049ea                __wrap___aeabi_fmul
 .text.__wrap___aeabi_i2f
                0x100049fc       0x44 CMakeFiles/spi.dir/Users/prarthana/Pico/pico-sdk/src/rp2_common/pico_float/float_aeabi.S.obj
                0x100049fc                __wrap___aeabi_i2f
 .text.__wrap___aeabi_f2uiz
                0x10004a40       0x10 CMakeFiles/spi.dir/Users/prarthana/Pico/pico-sdk/src/rp2_common/pico_float/float_aeabi.S.obj
                0x10004a40                __wrap___aeabi_f2uiz
 .text.__wrap___aeabi_f2d
                0x10004a50       0x14 CMakeFiles/spi.dir/Users/prarthana/Pico/pico-sdk/src/rp2_common/pico_float/float_aeabi.S.obj
                0x10004a50                __wrap___aeabi_f2d
 .text.__aeabi_float_init
                0x10004a64       0xfc CMakeFiles/spi.dir/Users/prarthana/Pico/pico-sdk/src/rp2_common/pico_float/float_init_rom.c.obj
                0x10004a64                __aeabi_float_init
 .text.float_table_shim_on_use_helper
                0x10004b60       0x34 CMakeFiles/spi.dir/Users/prarthana/Pico/pico-sdk/src/rp2_common/pico_float/float_v1_rom_shim.S.obj
                0x10004b60                float_table_shim_on_use_helper
 .text.float2double_shim
                0x10004b94       0x30 CMakeFiles/spi.dir/Users/prarthana/Pico/pico-sdk/src/rp2_common/pico_float/float_v1_rom_shim.S.obj
                0x10004b94                float2double_shim
 .text          0x10004bc4       0x10 CMakeFiles/spi.dir/Users/prarthana/Pico/pico-sdk/src/rp2_common/pico_mem_ops/mem_ops_aeabi.S.obj
                0x10004bc4                __aeabi_mem_init
 .text.memset   0x10004bd4        0xc CMakeFiles/spi.dir/Users/prarthana/Pico/pico-sdk/src/rp2_common/pico_mem_ops/mem_ops_aeabi.S.obj
                0x10004bd4                __wrap_memset
 .text.memcpy   0x10004be0        0xc CMakeFiles/spi.dir/Users/prarthana/Pico/pico-sdk/src/rp2_common/pico_mem_ops/mem_ops_aeabi.S.obj
                0x10004be0                __wrap___aeabi_memcpy
                0x10004be0                __wrap_memcpy
 .text.stdio_out_chars_no_crlf
                0x10004bec        0xe CMakeFiles/spi.dir/Users/prarthana/Pico/pico-sdk/src/rp2_common/pico_stdio/stdio.c.obj
 *fill*         0x10004bfa        0x2 
 .text.stdio_out_chars_crlf
                0x10004bfc       0x80 CMakeFiles/spi.dir/Users/prarthana/Pico/pico-sdk/src/rp2_common/pico_stdio/stdio.c.obj
 .text.stdio_stack_buffer_flush
                0x10004c7c       0x44 CMakeFiles/spi.dir/Users/prarthana/Pico/pico-sdk/src/rp2_common/pico_stdio/stdio.c.obj
 .text.stdio_buffered_printer
                0x10004cc0       0x20 CMakeFiles/spi.dir/Users/prarthana/Pico/pico-sdk/src/rp2_common/pico_stdio/stdio.c.obj
 .text.update_us_since_boot
                0x10004ce0       0x24 CMakeFiles/spi.dir/Users/prarthana/Pico/pico-sdk/src/rp2_common/pico_stdio/stdio.c.obj
 .text.get_absolute_time
                0x10004d04       0x22 CMakeFiles/spi.dir/Users/prarthana/Pico/pico-sdk/src/rp2_common/pico_stdio/stdio.c.obj
 *fill*         0x10004d26        0x2 
 .text.delayed_by_ms
                0x10004d28       0x44 CMakeFiles/spi.dir/Users/prarthana/Pico/pico-sdk/src/rp2_common/pico_stdio/stdio.c.obj
 .text.make_timeout_time_ms
                0x10004d6c       0x20 CMakeFiles/spi.dir/Users/prarthana/Pico/pico-sdk/src/rp2_common/pico_stdio/stdio.c.obj
 .text.stdout_serialize_begin
                0x10004d8c       0x20 CMakeFiles/spi.dir/Users/prarthana/Pico/pico-sdk/src/rp2_common/pico_stdio/stdio.c.obj
                0x10004d8c                stdout_serialize_begin
 .text.stdout_serialize_end
                0x10004dac       0x10 CMakeFiles/spi.dir/Users/prarthana/Pico/pico-sdk/src/rp2_common/pico_stdio/stdio.c.obj
                0x10004dac                stdout_serialize_end
 .text.stdio_put_string
                0x10004dbc       0x98 CMakeFiles/spi.dir/Users/prarthana/Pico/pico-sdk/src/rp2_common/pico_stdio/stdio.c.obj
 .text.stdio_set_driver_enabled
                0x10004e54       0x2c CMakeFiles/spi.dir/Users/prarthana/Pico/pico-sdk/src/rp2_common/pico_stdio/stdio.c.obj
                0x10004e54                stdio_set_driver_enabled
 .text.stdio_flush
                0x10004e80       0x20 CMakeFiles/spi.dir/Users/prarthana/Pico/pico-sdk/src/rp2_common/pico_stdio/stdio.c.obj
                0x10004e80                stdio_flush
 .text.__wrap_puts
                0x10004ea0       0x1e CMakeFiles/spi.dir/Users/prarthana/Pico/pico-sdk/src/rp2_common/pico_stdio/stdio.c.obj
                0x10004ea0                __wrap_puts
 *fill*         0x10004ebe        0x2 
 .text.__wrap_vprintf
                0x10004ec0       0x40 CMakeFiles/spi.dir/Users/prarthana/Pico/pico-sdk/src/rp2_common/pico_stdio/stdio.c.obj
                0x10004ec0                __wrap_vprintf
 .text.__wrap_printf
                0x10004f00       0x18 CMakeFiles/spi.dir/Users/prarthana/Pico/pico-sdk/src/rp2_common/pico_stdio/stdio.c.obj
                0x10004f00                __wrap_printf
 .text.stdio_init_all
                0x10004f18        0x8 CMakeFiles/spi.dir/Users/prarthana/Pico/pico-sdk/src/rp2_common/pico_stdio/stdio.c.obj
                0x10004f18                stdio_init_all
 .text.resetd_init
                0x10004f20        0x2 CMakeFiles/spi.dir/Users/prarthana/Pico/pico-sdk/src/rp2_common/pico_stdio_usb/reset_interface.c.obj
 *fill*         0x10004f22        0x2 
 .text.resetd_reset
                0x10004f24        0xc CMakeFiles/spi.dir/Users/prarthana/Pico/pico-sdk/src/rp2_common/pico_stdio_usb/reset_interface.c.obj
 .text.resetd_open
                0x10004f30       0x34 CMakeFiles/spi.dir/Users/prarthana/Pico/pico-sdk/src/rp2_common/pico_stdio_usb/reset_interface.c.obj
 .text.resetd_xfer_cb
                0x10004f64        0x4 CMakeFiles/spi.dir/Users/prarthana/Pico/pico-sdk/src/rp2_common/pico_stdio_usb/reset_interface.c.obj
 .text.reset_usb_boot
                0x10004f68       0x18 CMakeFiles/spi.dir/Users/prarthana/Pico/pico-sdk/src/rp2_common/pico_stdio_usb/reset_interface.c.obj
 .text.resetd_control_xfer_cb
                0x10004f80       0x5c CMakeFiles/spi.dir/Users/prarthana/Pico/pico-sdk/src/rp2_common/pico_stdio_usb/reset_interface.c.obj
 .text.usbd_app_driver_get_cb
                0x10004fdc        0xc CMakeFiles/spi.dir/Users/prarthana/Pico/pico-sdk/src/rp2_common/pico_stdio_usb/reset_interface.c.obj
                0x10004fdc                usbd_app_driver_get_cb
 .text.tud_cdc_line_coding_cb
                0x10004fe8       0x28 CMakeFiles/spi.dir/Users/prarthana/Pico/pico-sdk/src/rp2_common/pico_stdio_usb/reset_interface.c.obj
                0x10004fe8                tud_cdc_line_coding_cb
 .text.stdio_usb_set_chars_available_callback
                0x10005010       0x14 CMakeFiles/spi.dir/Users/prarthana/Pico/pico-sdk/src/rp2_common/pico_stdio_usb/stdio_usb.c.obj
                0x10005010                stdio_usb_set_chars_available_callback
 .text.update_us_since_boot
                0x10005024       0x24 CMakeFiles/spi.dir/Users/prarthana/Pico/pico-sdk/src/rp2_common/pico_stdio_usb/stdio_usb.c.obj
 .text.get_absolute_time
                0x10005048       0x22 CMakeFiles/spi.dir/Users/prarthana/Pico/pico-sdk/src/rp2_common/pico_stdio_usb/stdio_usb.c.obj
 *fill*         0x1000506a        0x2 
 .text.delayed_by_ms
                0x1000506c       0x44 CMakeFiles/spi.dir/Users/prarthana/Pico/pico-sdk/src/rp2_common/pico_stdio_usb/stdio_usb.c.obj
 .text.make_timeout_time_ms
                0x100050b0       0x20 CMakeFiles/spi.dir/Users/prarthana/Pico/pico-sdk/src/rp2_common/pico_stdio_usb/stdio_usb.c.obj
 .text.delayed_by_us
                0x100050d0       0x34 CMakeFiles/spi.dir/Users/prarthana/Pico/pico-sdk/src/rp2_common/pico_stdio_usb/stdio_usb.c.obj
 .text.usb_irq  0x10005104       0x10 CMakeFiles/spi.dir/Users/prarthana/Pico/pico-sdk/src/rp2_common/pico_stdio_usb/stdio_usb.c.obj
 .text.critical_section_enter_blocking
                0x10005114       0x16 CMakeFiles/spi.dir/Users/prarthana/Pico/pico-sdk/src/rp2_common/pico_stdio_usb/stdio_usb.c.obj
 *fill*         0x1000512a        0x2 
 .text.timer_task
                0x1000512c       0x4c CMakeFiles/spi.dir/Users/prarthana/Pico/pico-sdk/src/rp2_common/pico_stdio_usb/stdio_usb.c.obj
 .text.alarm_pool_add_alarm_in_us
                0x10005178       0x3a CMakeFiles/spi.dir/Users/prarthana/Pico/pico-sdk/src/rp2_common/pico_stdio_usb/stdio_usb.c.obj
 .text.add_alarm_in_us
                0x100051b2       0x2e CMakeFiles/spi.dir/Users/prarthana/Pico/pico-sdk/src/rp2_common/pico_stdio_usb/stdio_usb.c.obj
 .text.low_priority_worker_irq
                0x100051e0       0x7c CMakeFiles/spi.dir/Users/prarthana/Pico/pico-sdk/src/rp2_common/pico_stdio_usb/stdio_usb.c.obj
 .text.tud_cdc_rx_cb
                0x1000525c       0x20 CMakeFiles/spi.dir/Users/prarthana/Pico/pico-sdk/src/rp2_common/pico_stdio_usb/stdio_usb.c.obj
                0x1000525c                tud_cdc_rx_cb
 .text.stdio_usb_init
                0x1000527c       0xd0 CMakeFiles/spi.dir/Users/prarthana/Pico/pico-sdk/src/rp2_common/pico_stdio_usb/stdio_usb.c.obj
                0x1000527c                stdio_usb_init
 .text.stdio_usb_connected
                0x1000534c        0xa CMakeFiles/spi.dir/Users/prarthana/Pico/pico-sdk/src/rp2_common/pico_stdio_usb/stdio_usb.c.obj
                0x1000534c                stdio_usb_connected
 *fill*         0x10005356        0x2 
 .text.stdio_usb_in_chars
                0x10005358       0x88 CMakeFiles/spi.dir/Users/prarthana/Pico/pico-sdk/src/rp2_common/pico_stdio_usb/stdio_usb.c.obj
                0x10005358                stdio_usb_in_chars
 .text.stdio_usb_out_chars
                0x100053e0       0xd8 CMakeFiles/spi.dir/Users/prarthana/Pico/pico-sdk/src/rp2_common/pico_stdio_usb/stdio_usb.c.obj
 .text.tud_descriptor_device_cb
                0x100054b8        0x8 CMakeFiles/spi.dir/Users/prarthana/Pico/pico-sdk/src/rp2_common/pico_stdio_usb/stdio_usb_descriptors.c.obj
                0x100054b8                tud_descriptor_device_cb
 .text.tud_descriptor_configuration_cb
                0x100054c0        0x8 CMakeFiles/spi.dir/Users/prarthana/Pico/pico-sdk/src/rp2_common/pico_stdio_usb/stdio_usb_descriptors.c.obj
                0x100054c0                tud_descriptor_configuration_cb
 .text.tud_descriptor_string_cb
                0x100054c8       0x6c CMakeFiles/spi.dir/Users/prarthana/Pico/pico-sdk/src/rp2_common/pico_stdio_usb/stdio_usb_descriptors.c.obj
                0x100054c8                tud_descriptor_string_cb
 .text._retrieve_unique_id_on_boot
                0x10005534       0x10 CMakeFiles/spi.dir/Users/prarthana/Pico/pico-sdk/src/rp2_common/pico_unique_id/unique_id.c.obj
 .text.pico_get_unique_board_id_string
                0x10005544       0x5c CMakeFiles/spi.dir/Users/prarthana/Pico/pico-sdk/src/rp2_common/pico_unique_id/unique_id.c.obj
                0x10005544                pico_get_unique_board_id_string
 .text.flash_get_unique_id
                0x100055a0       0x40 CMakeFiles/spi.dir/Users/prarthana/Pico/pico-sdk/src/rp2_common/hardware_flash/flash.c.obj
                0x100055a0                flash_get_unique_id
 .text.hw_endpoint_get_by_addr
                0x100055e0       0x18 CMakeFiles/spi.dir/Users/prarthana/Pico/pico-sdk/lib/tinyusb/src/portable/raspberrypi/rp2040/dcd_rp2040.c.obj
 .text._hw_endpoint_alloc
                0x100055f8       0x70 CMakeFiles/spi.dir/Users/prarthana/Pico/pico-sdk/lib/tinyusb/src/portable/raspberrypi/rp2040/dcd_rp2040.c.obj
 .text.hw_endpoint_init
                0x10005668       0x88 CMakeFiles/spi.dir/Users/prarthana/Pico/pico-sdk/lib/tinyusb/src/portable/raspberrypi/rp2040/dcd_rp2040.c.obj
 .text.dcd_event_sof
                0x100056f0       0x2c CMakeFiles/spi.dir/Users/prarthana/Pico/pico-sdk/lib/tinyusb/src/portable/raspberrypi/rp2040/dcd_rp2040.c.obj
 .text.hw_endpoint_xfer
                0x1000571c       0x14 CMakeFiles/spi.dir/Users/prarthana/Pico/pico-sdk/lib/tinyusb/src/portable/raspberrypi/rp2040/dcd_rp2040.c.obj
 .text.dcd_int_enable
                0x10005730       0x2c CMakeFiles/spi.dir/Users/prarthana/Pico/pico-sdk/lib/tinyusb/src/portable/raspberrypi/rp2040/dcd_rp2040.c.obj
                0x10005730                dcd_int_enable
 .text.dcd_set_address
                0x1000575c       0x2c CMakeFiles/spi.dir/Users/prarthana/Pico/pico-sdk/lib/tinyusb/src/portable/raspberrypi/rp2040/dcd_rp2040.c.obj
                0x1000575c                dcd_set_address
 .text.dcd_connect
                0x10005788       0x10 CMakeFiles/spi.dir/Users/prarthana/Pico/pico-sdk/lib/tinyusb/src/portable/raspberrypi/rp2040/dcd_rp2040.c.obj
                0x10005788                dcd_connect
 .text.dcd_init
                0x10005798       0x80 CMakeFiles/spi.dir/Users/prarthana/Pico/pico-sdk/lib/tinyusb/src/portable/raspberrypi/rp2040/dcd_rp2040.c.obj
                0x10005798                dcd_init
 .text.dcd_edpt0_status_complete
                0x10005818       0x1c CMakeFiles/spi.dir/Users/prarthana/Pico/pico-sdk/lib/tinyusb/src/portable/raspberrypi/rp2040/dcd_rp2040.c.obj
                0x10005818                dcd_edpt0_status_complete
 .text.dcd_edpt_open
                0x10005834       0x40 CMakeFiles/spi.dir/Users/prarthana/Pico/pico-sdk/lib/tinyusb/src/portable/raspberrypi/rp2040/dcd_rp2040.c.obj
                0x10005834                dcd_edpt_open
 .text.dcd_edpt_close_all
                0x10005874        0x8 CMakeFiles/spi.dir/Users/prarthana/Pico/pico-sdk/lib/tinyusb/src/portable/raspberrypi/rp2040/dcd_rp2040.c.obj
                0x10005874                dcd_edpt_close_all
 .text.dcd_edpt_xfer
                0x1000587c       0x34 CMakeFiles/spi.dir/Users/prarthana/Pico/pico-sdk/lib/tinyusb/src/portable/raspberrypi/rp2040/dcd_rp2040.c.obj
                0x1000587c                dcd_edpt_xfer
 .text.dcd_edpt_stall
                0x100058b0       0x2c CMakeFiles/spi.dir/Users/prarthana/Pico/pico-sdk/lib/tinyusb/src/portable/raspberrypi/rp2040/dcd_rp2040.c.obj
                0x100058b0                dcd_edpt_stall
 .text.dcd_edpt_clear_stall
                0x100058dc       0x20 CMakeFiles/spi.dir/Users/prarthana/Pico/pico-sdk/lib/tinyusb/src/portable/raspberrypi/rp2040/dcd_rp2040.c.obj
                0x100058dc                dcd_edpt_clear_stall
 .text.rp2040_usb_init
                0x100058fc       0x4c CMakeFiles/spi.dir/Users/prarthana/Pico/pico-sdk/lib/tinyusb/src/portable/raspberrypi/rp2040/rp2040_usb.c.obj
                0x100058fc                rp2040_usb_init
 .text.hw_endpoint_xfer_start
                0x10005948       0x50 CMakeFiles/spi.dir/Users/prarthana/Pico/pico-sdk/lib/tinyusb/src/portable/raspberrypi/rp2040/rp2040_usb.c.obj
                0x10005948                hw_endpoint_xfer_start
 .text.configuration_reset
                0x10005998       0x84 CMakeFiles/spi.dir/Users/prarthana/Pico/pico-sdk/lib/tinyusb/src/device/usbd.c.obj
 .text.critical_section_enter_blocking
                0x10005a1c       0x16 CMakeFiles/spi.dir/Users/prarthana/Pico/pico-sdk/lib/tinyusb/src/device/usbd.c.obj
 .text.usbd_reset
                0x10005a32        0xc CMakeFiles/spi.dir/Users/prarthana/Pico/pico-sdk/lib/tinyusb/src/device/usbd.c.obj
 .text.invoke_class_control
                0x10005a3e       0x1a CMakeFiles/spi.dir/Users/prarthana/Pico/pico-sdk/lib/tinyusb/src/device/usbd.c.obj
 .text.process_set_config
                0x10005a58      0x178 CMakeFiles/spi.dir/Users/prarthana/Pico/pico-sdk/lib/tinyusb/src/device/usbd.c.obj
 .text.process_get_descriptor
                0x10005bd0       0xdc CMakeFiles/spi.dir/Users/prarthana/Pico/pico-sdk/lib/tinyusb/src/device/usbd.c.obj
 .text.tud_mounted
                0x10005cac       0x10 CMakeFiles/spi.dir/Users/prarthana/Pico/pico-sdk/lib/tinyusb/src/device/usbd.c.obj
                0x10005cac                tud_mounted
 .text.tud_suspended
                0x10005cbc       0x10 CMakeFiles/spi.dir/Users/prarthana/Pico/pico-sdk/lib/tinyusb/src/device/usbd.c.obj
                0x10005cbc                tud_suspended
 .text.tud_inited
                0x10005ccc       0x14 CMakeFiles/spi.dir/Users/prarthana/Pico/pico-sdk/lib/tinyusb/src/device/usbd.c.obj
                0x10005ccc                tud_inited
 .text.tud_init
                0x10005ce0       0xcc CMakeFiles/spi.dir/Users/prarthana/Pico/pico-sdk/lib/tinyusb/src/device/usbd.c.obj
                0x10005ce0                tud_init
 .text.usbd_defer_func
                0x10005dac       0x2a CMakeFiles/spi.dir/Users/prarthana/Pico/pico-sdk/lib/tinyusb/src/device/usbd.c.obj
                0x10005dac                usbd_defer_func
 *fill*         0x10005dd6        0x2 
 .text.usbd_edpt_open
                0x10005dd8       0x34 CMakeFiles/spi.dir/Users/prarthana/Pico/pico-sdk/lib/tinyusb/src/device/usbd.c.obj
                0x10005dd8                usbd_edpt_open
 .text.usbd_open_edpt_pair
                0x10005e0c       0x62 CMakeFiles/spi.dir/Users/prarthana/Pico/pico-sdk/lib/tinyusb/src/device/usbd.c.obj
                0x10005e0c                usbd_open_edpt_pair
 *fill*         0x10005e6e        0x2 
 .text.usbd_edpt_claim
                0x10005e70       0x28 CMakeFiles/spi.dir/Users/prarthana/Pico/pico-sdk/lib/tinyusb/src/device/usbd.c.obj
                0x10005e70                usbd_edpt_claim
 .text.usbd_edpt_release
                0x10005e98       0x28 CMakeFiles/spi.dir/Users/prarthana/Pico/pico-sdk/lib/tinyusb/src/device/usbd.c.obj
                0x10005e98                usbd_edpt_release
 .text.usbd_edpt_xfer
                0x10005ec0       0x78 CMakeFiles/spi.dir/Users/prarthana/Pico/pico-sdk/lib/tinyusb/src/device/usbd.c.obj
                0x10005ec0                usbd_edpt_xfer
 .text.usbd_edpt_stall
                0x10005f38       0x48 CMakeFiles/spi.dir/Users/prarthana/Pico/pico-sdk/lib/tinyusb/src/device/usbd.c.obj
                0x10005f38                usbd_edpt_stall
 .text.usbd_edpt_clear_stall
                0x10005f80       0x48 CMakeFiles/spi.dir/Users/prarthana/Pico/pico-sdk/lib/tinyusb/src/device/usbd.c.obj
                0x10005f80                usbd_edpt_clear_stall
 .text.usbd_edpt_stalled
                0x10005fc8       0x1c CMakeFiles/spi.dir/Users/prarthana/Pico/pico-sdk/lib/tinyusb/src/device/usbd.c.obj
                0x10005fc8                usbd_edpt_stalled
 .text.process_control_request
                0x10005fe4      0x374 CMakeFiles/spi.dir/Users/prarthana/Pico/pico-sdk/lib/tinyusb/src/device/usbd.c.obj
 .text.tud_task_ext
                0x10006358      0x1a8 CMakeFiles/spi.dir/Users/prarthana/Pico/pico-sdk/lib/tinyusb/src/device/usbd.c.obj
                0x10006358                tud_task_ext
 .text._status_stage_xact
                0x10006500       0x1a CMakeFiles/spi.dir/Users/prarthana/Pico/pico-sdk/lib/tinyusb/src/device/usbd_control.c.obj
 *fill*         0x1000651a        0x2 
 .text._data_stage_xact
                0x1000651c       0x58 CMakeFiles/spi.dir/Users/prarthana/Pico/pico-sdk/lib/tinyusb/src/device/usbd_control.c.obj
 .text.tud_control_status
                0x10006574       0x28 CMakeFiles/spi.dir/Users/prarthana/Pico/pico-sdk/lib/tinyusb/src/device/usbd_control.c.obj
                0x10006574                tud_control_status
 .text.tud_control_xfer
                0x1000659c       0x68 CMakeFiles/spi.dir/Users/prarthana/Pico/pico-sdk/lib/tinyusb/src/device/usbd_control.c.obj
                0x1000659c                tud_control_xfer
 .text.usbd_control_reset
                0x10006604       0x14 CMakeFiles/spi.dir/Users/prarthana/Pico/pico-sdk/lib/tinyusb/src/device/usbd_control.c.obj
                0x10006604                usbd_control_reset
 .text.usbd_control_set_complete_callback
                0x10006618        0xc CMakeFiles/spi.dir/Users/prarthana/Pico/pico-sdk/lib/tinyusb/src/device/usbd_control.c.obj
                0x10006618                usbd_control_set_complete_callback
 .text.usbd_control_set_request
                0x10006624       0x1c CMakeFiles/spi.dir/Users/prarthana/Pico/pico-sdk/lib/tinyusb/src/device/usbd_control.c.obj
                0x10006624                usbd_control_set_request
 .text.usbd_control_xfer_cb
                0x10006640       0xbc CMakeFiles/spi.dir/Users/prarthana/Pico/pico-sdk/lib/tinyusb/src/device/usbd_control.c.obj
                0x10006640                usbd_control_xfer_cb
 .text._prep_out_transaction
                0x100066fc       0x4a CMakeFiles/spi.dir/Users/prarthana/Pico/pico-sdk/lib/tinyusb/src/class/cdc/cdc_device.c.obj
 *fill*         0x10006746        0x2 
 .text.tud_cdc_n_connected
                0x10006748       0x38 CMakeFiles/spi.dir/Users/prarthana/Pico/pico-sdk/lib/tinyusb/src/class/cdc/cdc_device.c.obj
                0x10006748                tud_cdc_n_connected
 .text.tud_cdc_n_available
                0x10006780       0x18 CMakeFiles/spi.dir/Users/prarthana/Pico/pico-sdk/lib/tinyusb/src/class/cdc/cdc_device.c.obj
                0x10006780                tud_cdc_n_available
 .text.tud_cdc_n_read
                0x10006798       0x28 CMakeFiles/spi.dir/Users/prarthana/Pico/pico-sdk/lib/tinyusb/src/class/cdc/cdc_device.c.obj
                0x10006798                tud_cdc_n_read
 .text.tud_cdc_n_write_flush
                0x100067c0       0xb8 CMakeFiles/spi.dir/Users/prarthana/Pico/pico-sdk/lib/tinyusb/src/class/cdc/cdc_device.c.obj
                0x100067c0                tud_cdc_n_write_flush
 .text.tud_cdc_n_write
                0x10006878       0x38 CMakeFiles/spi.dir/Users/prarthana/Pico/pico-sdk/lib/tinyusb/src/class/cdc/cdc_device.c.obj
                0x10006878                tud_cdc_n_write
 .text.tud_cdc_n_write_available
                0x100068b0       0x1c CMakeFiles/spi.dir/Users/prarthana/Pico/pico-sdk/lib/tinyusb/src/class/cdc/cdc_device.c.obj
                0x100068b0                tud_cdc_n_write_available
 .text.cdcd_init
                0x100068cc       0xbc CMakeFiles/spi.dir/Users/prarthana/Pico/pico-sdk/lib/tinyusb/src/class/cdc/cdc_device.c.obj
                0x100068cc                cdcd_init
 .text.cdcd_reset
                0x10006988       0x44 CMakeFiles/spi.dir/Users/prarthana/Pico/pico-sdk/lib/tinyusb/src/class/cdc/cdc_device.c.obj
                0x10006988                cdcd_reset
 .text.cdcd_open
                0x100069cc       0xc4 CMakeFiles/spi.dir/Users/prarthana/Pico/pico-sdk/lib/tinyusb/src/class/cdc/cdc_device.c.obj
                0x100069cc                cdcd_open
 .text.cdcd_control_xfer_cb
                0x10006a90      0x134 CMakeFiles/spi.dir/Users/prarthana/Pico/pico-sdk/lib/tinyusb/src/class/cdc/cdc_device.c.obj
                0x10006a90                cdcd_control_xfer_cb
 .text.cdcd_xfer_cb
                0x10006bc4      0x130 CMakeFiles/spi.dir/Users/prarthana/Pico/pico-sdk/lib/tinyusb/src/class/cdc/cdc_device.c.obj
                0x10006bc4                cdcd_xfer_cb
 .text.tusb_init
                0x10006cf4        0xa CMakeFiles/spi.dir/Users/prarthana/Pico/pico-sdk/lib/tinyusb/src/tusb.c.obj
                0x10006cf4                tusb_init
 .text.tusb_inited
                0x10006cfe        0xe CMakeFiles/spi.dir/Users/prarthana/Pico/pico-sdk/lib/tinyusb/src/tusb.c.obj
                0x10006cfe                tusb_inited
 .text.tu_edpt_claim
                0x10006d0c       0x50 CMakeFiles/spi.dir/Users/prarthana/Pico/pico-sdk/lib/tinyusb/src/tusb.c.obj
                0x10006d0c                tu_edpt_claim
 .text.tu_edpt_release
                0x10006d5c       0x38 CMakeFiles/spi.dir/Users/prarthana/Pico/pico-sdk/lib/tinyusb/src/tusb.c.obj
                0x10006d5c                tu_edpt_release
 .text.tu_edpt_validate
                0x10006d94       0x78 CMakeFiles/spi.dir/Users/prarthana/Pico/pico-sdk/lib/tinyusb/src/tusb.c.obj
                0x10006d94                tu_edpt_validate
 .text.tu_edpt_bind_driver
                0x10006e0c       0x26 CMakeFiles/spi.dir/Users/prarthana/Pico/pico-sdk/lib/tinyusb/src/tusb.c.obj
                0x10006e0c                tu_edpt_bind_driver
 .text.advance_index
                0x10006e32       0x1a CMakeFiles/spi.dir/Users/prarthana/Pico/pico-sdk/lib/tinyusb/src/common/tusb_fifo.c.obj
 .text._tu_fifo_peek
                0x10006e4c       0x56 CMakeFiles/spi.dir/Users/prarthana/Pico/pico-sdk/lib/tinyusb/src/common/tusb_fifo.c.obj
 .text._ff_pull_const_addr
                0x10006ea2       0x4c CMakeFiles/spi.dir/Users/prarthana/Pico/pico-sdk/lib/tinyusb/src/common/tusb_fifo.c.obj
 .text._ff_pull_n
                0x10006eee      0x110 CMakeFiles/spi.dir/Users/prarthana/Pico/pico-sdk/lib/tinyusb/src/common/tusb_fifo.c.obj
 .text._tu_fifo_peek_n
                0x10006ffe       0x6a CMakeFiles/spi.dir/Users/prarthana/Pico/pico-sdk/lib/tinyusb/src/common/tusb_fifo.c.obj
 .text._tu_fifo_read_n
                0x10007068       0x4e CMakeFiles/spi.dir/Users/prarthana/Pico/pico-sdk/lib/tinyusb/src/common/tusb_fifo.c.obj
 .text._ff_push_const_addr
                0x100070b6       0x40 CMakeFiles/spi.dir/Users/prarthana/Pico/pico-sdk/lib/tinyusb/src/common/tusb_fifo.c.obj
 .text._ff_push_n
                0x100070f6      0x10c CMakeFiles/spi.dir/Users/prarthana/Pico/pico-sdk/lib/tinyusb/src/common/tusb_fifo.c.obj
 .text._tu_fifo_write_n
                0x10007202       0xf0 CMakeFiles/spi.dir/Users/prarthana/Pico/pico-sdk/lib/tinyusb/src/common/tusb_fifo.c.obj
 .text.tu_fifo_config
                0x100072f2       0x7c CMakeFiles/spi.dir/Users/prarthana/Pico/pico-sdk/lib/tinyusb/src/common/tusb_fifo.c.obj
                0x100072f2                tu_fifo_config
 .text.tu_fifo_count
                0x1000736e       0x2a CMakeFiles/spi.dir/Users/prarthana/Pico/pico-sdk/lib/tinyusb/src/common/tusb_fifo.c.obj
                0x1000736e                tu_fifo_count
 .text.tu_fifo_empty
                0x10007398        0xe CMakeFiles/spi.dir/Users/prarthana/Pico/pico-sdk/lib/tinyusb/src/common/tusb_fifo.c.obj
                0x10007398                tu_fifo_empty
 .text.tu_fifo_full
                0x100073a6       0x28 CMakeFiles/spi.dir/Users/prarthana/Pico/pico-sdk/lib/tinyusb/src/common/tusb_fifo.c.obj
                0x100073a6                tu_fifo_full
 .text.tu_fifo_remaining
                0x100073ce       0x2c CMakeFiles/spi.dir/Users/prarthana/Pico/pico-sdk/lib/tinyusb/src/common/tusb_fifo.c.obj
                0x100073ce                tu_fifo_remaining
 .text.tu_fifo_read
                0x100073fa       0x42 CMakeFiles/spi.dir/Users/prarthana/Pico/pico-sdk/lib/tinyusb/src/common/tusb_fifo.c.obj
                0x100073fa                tu_fifo_read
 .text.tu_fifo_read_n
                0x1000743c        0xa CMakeFiles/spi.dir/Users/prarthana/Pico/pico-sdk/lib/tinyusb/src/common/tusb_fifo.c.obj
                0x1000743c                tu_fifo_read_n
 .text.tu_fifo_write
                0x10007446       0x64 CMakeFiles/spi.dir/Users/prarthana/Pico/pico-sdk/lib/tinyusb/src/common/tusb_fifo.c.obj
                0x10007446                tu_fifo_write
 .text.tu_fifo_write_n
                0x100074aa        0xa CMakeFiles/spi.dir/Users/prarthana/Pico/pico-sdk/lib/tinyusb/src/common/tusb_fifo.c.obj
                0x100074aa                tu_fifo_write_n
 .text.tu_fifo_clear
                0x100074b4       0x3e CMakeFiles/spi.dir/Users/prarthana/Pico/pico-sdk/lib/tinyusb/src/common/tusb_fifo.c.obj
                0x100074b4                tu_fifo_clear
 .text.tu_fifo_set_overwritable
                0x100074f2       0x46 CMakeFiles/spi.dir/Users/prarthana/Pico/pico-sdk/lib/tinyusb/src/common/tusb_fifo.c.obj
                0x100074f2                tu_fifo_set_overwritable
 .text.spi_set_baudrate
                0x10007538       0xc2 CMakeFiles/spi.dir/Users/prarthana/Pico/pico-sdk/src/rp2_common/hardware_spi/spi.c.obj
                0x10007538                spi_set_baudrate
 *fill*         0x100075fa        0x2 
 .text.spi_init
                0x100075fc       0x74 CMakeFiles/spi.dir/Users/prarthana/Pico/pico-sdk/src/rp2_common/hardware_spi/spi.c.obj
                0x100075fc                spi_init
 .text.strlen   0x10007670       0x5c /Applications/ArmGNUToolchain/13.2.Rel1/arm-none-eabi/bin/../lib/gcc/arm-none-eabi/13.2.1/../../../../arm-none-eabi/lib/thumb/v6-m/nofp/libg.a(libc_a-strlen-stub.o)
                0x10007670                strlen
 *(.fini)
 .fini          0x100076cc        0x4 /Applications/ArmGNUToolchain/13.2.Rel1/arm-none-eabi/bin/../lib/gcc/arm-none-eabi/13.2.1/thumb/v6-m/nofp/crti.o
                0x100076cc                _fini
 .fini.__stub   0x100076d0       0xf0 linker stubs
 *crtbegin.o(.ctors)
 *crtbegin?.o(.ctors)
 *(EXCLUDE_FILE(*crtend.o *crtend?.o) .ctors)
 *(SORT_BY_NAME(.ctors.*))
 *(.ctors)
 *crtbegin.o(.dtors)
 *crtbegin?.o(.dtors)
 *(EXCLUDE_FILE(*crtend.o *crtend?.o) .dtors)
 *(SORT_BY_NAME(.dtors.*))
 *(.dtors)
 *(.eh_frame*)
 .eh_frame      0x100077c0        0x0 /Applications/ArmGNUToolchain/13.2.Rel1/arm-none-eabi/bin/../lib/gcc/arm-none-eabi/13.2.1/thumb/v6-m/nofp/crtbegin.o
                0x100077c0                        . = ALIGN (0x4)

.glue_7         0x100077c0        0x0
 .glue_7        0x100077c0        0x0 linker stubs

.glue_7t        0x100077c0        0x0
 .glue_7t       0x100077c0        0x0 linker stubs

.vfp11_veneer   0x100077c0        0x0
 .vfp11_veneer  0x100077c0        0x0 linker stubs

.v4_bx          0x100077c0        0x0
 .v4_bx         0x100077c0        0x0 linker stubs

.iplt           0x100077c0        0x0
 .iplt          0x100077c0        0x0 /Applications/ArmGNUToolchain/13.2.Rel1/arm-none-eabi/bin/../lib/gcc/arm-none-eabi/13.2.1/thumb/v6-m/nofp/crtbegin.o

.rodata         0x100077c0     0x1550
 *(EXCLUDE_FILE(*libm.a: *libc.a:*lib_a-mem*.o *libgcc.a:) .rodata*)
 .rodata.main.str1.4
                0x100077c0      0xea3 CMakeFiles/spi.dir/spi.c.obj
                                 0x10 (size before relaxing)
 .rodata.spin_lock_claim_unused.str1.4
                0x10008663       0x1b CMakeFiles/spi.dir/Users/prarthana/Pico/pico-sdk/src/rp2_common/hardware_sync/sync.c.obj
 .rodata.resolve_branch.str1.4
                0x10008663       0x59 CMakeFiles/spi.dir/Users/prarthana/Pico/pico-sdk/src/rp2_common/hardware_irq/irq.c.obj
 .rodata.make_branch.str1.4
                0x10008663       0x30 CMakeFiles/spi.dir/Users/prarthana/Pico/pico-sdk/src/rp2_common/hardware_irq/irq.c.obj
 .rodata.insert_branch_and_link.str1.4
                0x10008663       0x10 CMakeFiles/spi.dir/Users/prarthana/Pico/pico-sdk/src/rp2_common/hardware_irq/irq.c.obj
 .rodata.irq_set_exclusive_handler.str1.4
                0x10008663       0x36 CMakeFiles/spi.dir/Users/prarthana/Pico/pico-sdk/src/rp2_common/hardware_irq/irq.c.obj
 .rodata.irq_add_shared_handler.str1.4
                0x10008663       0xc2 CMakeFiles/spi.dir/Users/prarthana/Pico/pico-sdk/src/rp2_common/hardware_irq/irq.c.obj
 .rodata.irq_remove_handler.str1.4
                0x10008663       0x3a CMakeFiles/spi.dir/Users/prarthana/Pico/pico-sdk/src/rp2_common/hardware_irq/irq.c.obj
 .rodata.irq_add_tail_to_free_list.str1.4
                0x10008663       0x3a CMakeFiles/spi.dir/Users/prarthana/Pico/pico-sdk/src/rp2_common/hardware_irq/irq.c.obj
 .rodata.user_irq_claim_unused.str1.4
                0x10008663       0x1b CMakeFiles/spi.dir/Users/prarthana/Pico/pico-sdk/src/rp2_common/hardware_irq/irq.c.obj
 *fill*         0x10008663        0x1 
 .rodata.__func__.0
                0x10008664       0x1a CMakeFiles/spi.dir/Users/prarthana/Pico/pico-sdk/src/rp2_common/hardware_irq/irq.c.obj
 *fill*         0x1000867e        0x2 
 .rodata.__func__.1
                0x10008680       0x17 CMakeFiles/spi.dir/Users/prarthana/Pico/pico-sdk/src/rp2_common/hardware_irq/irq.c.obj
 *fill*         0x10008697        0x1 
 .rodata.__func__.2
                0x10008698       0x13 CMakeFiles/spi.dir/Users/prarthana/Pico/pico-sdk/src/rp2_common/hardware_irq/irq.c.obj
 *fill*         0x100086ab        0x1 
 .rodata.__func__.3
                0x100086ac        0xc CMakeFiles/spi.dir/Users/prarthana/Pico/pico-sdk/src/rp2_common/hardware_irq/irq.c.obj
 .rodata.__func__.4
                0x100086b8        0xf CMakeFiles/spi.dir/Users/prarthana/Pico/pico-sdk/src/rp2_common/hardware_irq/irq.c.obj
 *fill*         0x100086c7        0x1 
 .rodata.__func__.5
                0x100086c8       0x17 CMakeFiles/spi.dir/Users/prarthana/Pico/pico-sdk/src/rp2_common/hardware_irq/irq.c.obj
 *fill*         0x100086df        0x1 
 .rodata.__func__.6
                0x100086e0       0x1a CMakeFiles/spi.dir/Users/prarthana/Pico/pico-sdk/src/rp2_common/hardware_irq/irq.c.obj
 .rodata.update_us_since_boot.str1.4
                0x100086fa       0x65 CMakeFiles/spi.dir/Users/prarthana/Pico/pico-sdk/src/common/pico_sync/mutex.c.obj
 .rodata.str1.4
                0x100086fa       0x8d CMakeFiles/spi.dir/Users/prarthana/Pico/pico-sdk/src/common/pico_sync/mutex.c.obj
 *fill*         0x100086fa        0x2 
 .rodata.__func__.1
                0x100086fc        0xb CMakeFiles/spi.dir/Users/prarthana/Pico/pico-sdk/src/common/pico_sync/mutex.c.obj
 *fill*         0x10008707        0x1 
 .rodata.__func__.3
                0x10008708       0x18 CMakeFiles/spi.dir/Users/prarthana/Pico/pico-sdk/src/common/pico_sync/mutex.c.obj
 .rodata.__func__.4
                0x10008720       0x15 CMakeFiles/spi.dir/Users/prarthana/Pico/pico-sdk/src/common/pico_sync/mutex.c.obj
 .rodata.get_entry.str1.4
                0x10008735       0x5f CMakeFiles/spi.dir/Users/prarthana/Pico/pico-sdk/src/common/pico_time/time.c.obj
 .rodata.update_us_since_boot.str1.4
                0x10008735       0x65 CMakeFiles/spi.dir/Users/prarthana/Pico/pico-sdk/src/common/pico_time/time.c.obj
 .rodata.ph_get_node.str1.4
                0x10008735       0x6a CMakeFiles/spi.dir/Users/prarthana/Pico/pico-sdk/src/common/pico_time/time.c.obj
 .rodata.ph_add_child_node.str1.4
                0x10008735       0x2e CMakeFiles/spi.dir/Users/prarthana/Pico/pico-sdk/src/common/pico_time/time.c.obj
 .rodata.ph_insert_node.str1.4
                0x10008735        0x3 CMakeFiles/spi.dir/Users/prarthana/Pico/pico-sdk/src/common/pico_time/time.c.obj
 .rodata.ph_free_node.str1.4
                0x10008735       0x38 CMakeFiles/spi.dir/Users/prarthana/Pico/pico-sdk/src/common/pico_time/time.c.obj
 .rodata.add_alarm_under_lock.str1.4
                0x10008735       0x28 CMakeFiles/spi.dir/Users/prarthana/Pico/pico-sdk/src/common/pico_time/time.c.obj
 .rodata.alarm_pool_alarm_callback.str1.4
                0x10008735       0x60 CMakeFiles/spi.dir/Users/prarthana/Pico/pico-sdk/src/common/pico_time/time.c.obj
 .rodata.alarm_pool_get_default.str1.4
                0x10008735       0x21 CMakeFiles/spi.dir/Users/prarthana/Pico/pico-sdk/src/common/pico_time/time.c.obj
 .rodata.alarm_pool_cancel_alarm.str1.4
                0x10008735       0x27 CMakeFiles/spi.dir/Users/prarthana/Pico/pico-sdk/src/common/pico_time/time.c.obj
 .rodata.sleep_until.str1.4
                0x10008735       0x4d CMakeFiles/spi.dir/Users/prarthana/Pico/pico-sdk/src/common/pico_time/time.c.obj
 *fill*         0x10008735        0x3 
 .rodata.__func__.1
                0x10008738       0x18 CMakeFiles/spi.dir/Users/prarthana/Pico/pico-sdk/src/common/pico_time/time.c.obj
 .rodata.__func__.3
                0x10008750       0x17 CMakeFiles/spi.dir/Users/prarthana/Pico/pico-sdk/src/common/pico_time/time.c.obj
 *fill*         0x10008767        0x1 
 .rodata.__func__.4
                0x10008768       0x12 CMakeFiles/spi.dir/Users/prarthana/Pico/pico-sdk/src/common/pico_time/time.c.obj
 *fill*         0x1000877a        0x2 
 .rodata.__func__.5
                0x1000877c        0xd CMakeFiles/spi.dir/Users/prarthana/Pico/pico-sdk/src/common/pico_time/time.c.obj
 *fill*         0x10008789        0x3 
 .rodata.__func__.6
                0x1000878c       0x12 CMakeFiles/spi.dir/Users/prarthana/Pico/pico-sdk/src/common/pico_time/time.c.obj
 *fill*         0x1000879e        0x2 
 .rodata.__func__.7
                0x100087a0        0xf CMakeFiles/spi.dir/Users/prarthana/Pico/pico-sdk/src/common/pico_time/time.c.obj
 *fill*         0x100087af        0x1 
 .rodata.__func__.8
                0x100087b0        0xc CMakeFiles/spi.dir/Users/prarthana/Pico/pico-sdk/src/common/pico_time/time.c.obj
 .rodata.__func__.9
                0x100087bc       0x15 CMakeFiles/spi.dir/Users/prarthana/Pico/pico-sdk/src/common/pico_time/time.c.obj
 *fill*         0x100087d1        0x3 
 .rodata.__func__.10
                0x100087d4       0x15 CMakeFiles/spi.dir/Users/prarthana/Pico/pico-sdk/src/common/pico_time/time.c.obj
 *fill*         0x100087e9        0x3 
 .rodata.__func__.11
                0x100087ec       0x1a CMakeFiles/spi.dir/Users/prarthana/Pico/pico-sdk/src/common/pico_time/time.c.obj
 *fill*         0x10008806        0x2 
 .rodata.__func__.12
                0x10008808        0xa CMakeFiles/spi.dir/Users/prarthana/Pico/pico-sdk/src/common/pico_time/time.c.obj
 .rodata.hardware_alarm_claim.str1.4
                0x10008812       0x22 CMakeFiles/spi.dir/Users/prarthana/Pico/pico-sdk/src/rp2_common/hardware_timer/timer.c.obj
 .rodata.hardware_alarm_set_target.str1.4
                0x10008812       0x69 CMakeFiles/spi.dir/Users/prarthana/Pico/pico-sdk/src/rp2_common/hardware_timer/timer.c.obj
 *fill*         0x10008812        0x2 
 .rodata.__func__.0
                0x10008814       0x1a CMakeFiles/spi.dir/Users/prarthana/Pico/pico-sdk/src/rp2_common/hardware_timer/timer.c.obj
 .rodata.ph_get_node.str1.4
                0x1000882e       0x6a CMakeFiles/spi.dir/Users/prarthana/Pico/pico-sdk/src/common/pico_util/pheap.c.obj
 .rodata.ph_add_child_node.str1.4
                0x1000882e       0x2e CMakeFiles/spi.dir/Users/prarthana/Pico/pico-sdk/src/common/pico_util/pheap.c.obj
 .rodata.ph_remove_any_head.str1.4
                0x1000882e       0xa4 CMakeFiles/spi.dir/Users/prarthana/Pico/pico-sdk/src/common/pico_util/pheap.c.obj
 .rodata.ph_remove_and_free_node.str1.4
                0x1000882e       0x26 CMakeFiles/spi.dir/Users/prarthana/Pico/pico-sdk/src/common/pico_util/pheap.c.obj
 *fill*         0x1000882e        0x2 
 .rodata.__func__.0
                0x10008830       0x18 CMakeFiles/spi.dir/Users/prarthana/Pico/pico-sdk/src/common/pico_util/pheap.c.obj
 .rodata.__func__.1
                0x10008848       0x13 CMakeFiles/spi.dir/Users/prarthana/Pico/pico-sdk/src/common/pico_util/pheap.c.obj
 *fill*         0x1000885b        0x1 
 .rodata.__func__.2
                0x1000885c       0x12 CMakeFiles/spi.dir/Users/prarthana/Pico/pico-sdk/src/common/pico_util/pheap.c.obj
 *fill*         0x1000886e        0x2 
 .rodata.__func__.3
                0x10008870        0xc CMakeFiles/spi.dir/Users/prarthana/Pico/pico-sdk/src/common/pico_util/pheap.c.obj
 .rodata.clock_configure.str1.4
                0x1000887c       0x5b CMakeFiles/spi.dir/Users/prarthana/Pico/pico-sdk/src/rp2_common/hardware_clocks/clocks.c.obj
 .rodata.__func__.1
                0x1000887c       0x10 CMakeFiles/spi.dir/Users/prarthana/Pico/pico-sdk/src/rp2_common/hardware_clocks/clocks.c.obj
 .rodata.pll_init.str1.4
                0x1000888c      0x128 CMakeFiles/spi.dir/Users/prarthana/Pico/pico-sdk/src/rp2_common/hardware_pll/pll.c.obj
 .rodata.__func__.0
                0x1000888c        0x9 CMakeFiles/spi.dir/Users/prarthana/Pico/pico-sdk/src/rp2_common/hardware_pll/pll.c.obj
 .rodata.__assert_func.str1.4
                0x10008895       0x43 CMakeFiles/spi.dir/Users/prarthana/Pico/pico-sdk/src/rp2_common/pico_runtime/runtime.c.obj
 .rodata.runtime_init.str1.4
                0x10008895       0x65 CMakeFiles/spi.dir/Users/prarthana/Pico/pico-sdk/src/rp2_common/pico_runtime/runtime.c.obj
 .rodata.panic.str1.4
                0x10008895       0x12 CMakeFiles/spi.dir/Users/prarthana/Pico/pico-sdk/src/rp2_common/pico_runtime/runtime.c.obj
 *fill*         0x10008895        0x3 
 .rodata.__func__.2
                0x10008898        0xd CMakeFiles/spi.dir/Users/prarthana/Pico/pico-sdk/src/rp2_common/pico_runtime/runtime.c.obj
 .rodata._ftoa.str1.4
                0x100088a5       0x15 CMakeFiles/spi.dir/Users/prarthana/Pico/pico-sdk/src/rp2_common/pico_printf/printf.c.obj
 *fill*         0x100088a5        0x3 
 .rodata._vsnprintf
                0x100088a8      0x19c CMakeFiles/spi.dir/Users/prarthana/Pico/pico-sdk/src/rp2_common/pico_printf/printf.c.obj
 *fill*         0x10008a44        0x4 
 .rodata.pow10.0
                0x10008a48       0x50 CMakeFiles/spi.dir/Users/prarthana/Pico/pico-sdk/src/rp2_common/pico_printf/printf.c.obj
 .rodata.__aeabi_double_init.str1.4
                0x10008a98       0xa0 CMakeFiles/spi.dir/Users/prarthana/Pico/pico-sdk/src/rp2_common/pico_double/double_init_rom.c.obj
 .rodata.__func__.0
                0x10008a98       0x14 CMakeFiles/spi.dir/Users/prarthana/Pico/pico-sdk/src/rp2_common/pico_double/double_init_rom.c.obj
 .rodata.__aeabi_float_init.str1.4
                0x10008aac       0x82 CMakeFiles/spi.dir/Users/prarthana/Pico/pico-sdk/src/rp2_common/pico_float/float_init_rom.c.obj
 .rodata.__func__.0
                0x10008aac       0x13 CMakeFiles/spi.dir/Users/prarthana/Pico/pico-sdk/src/rp2_common/pico_float/float_init_rom.c.obj
 .rodata.str1.4
                0x10008abf       0x38 CMakeFiles/spi.dir/Users/prarthana/Pico/pico-sdk/src/rp2_common/pico_standard_link/binary_info.c.obj
 *fill*         0x10008abf        0x1 
 .rodata.__bi_81
                0x10008ac0        0xc CMakeFiles/spi.dir/Users/prarthana/Pico/pico-sdk/src/rp2_common/pico_standard_link/binary_info.c.obj
 .rodata.__bi_75
                0x10008acc        0xc CMakeFiles/spi.dir/Users/prarthana/Pico/pico-sdk/src/rp2_common/pico_standard_link/binary_info.c.obj
 .rodata.__bi_44
                0x10008ad8        0xc CMakeFiles/spi.dir/Users/prarthana/Pico/pico-sdk/src/rp2_common/pico_standard_link/binary_info.c.obj
 .rodata.update_us_since_boot.str1.4
                0x10008ae4       0x65 CMakeFiles/spi.dir/Users/prarthana/Pico/pico-sdk/src/rp2_common/pico_stdio/stdio.c.obj
 .rodata.crlf_str.2
                0x10008ae4        0x2 CMakeFiles/spi.dir/Users/prarthana/Pico/pico-sdk/src/rp2_common/pico_stdio/stdio.c.obj
 *fill*         0x10008ae6        0x2 
 .rodata.__func__.3
                0x10008ae8       0x15 CMakeFiles/spi.dir/Users/prarthana/Pico/pico-sdk/src/rp2_common/pico_stdio/stdio.c.obj
 *fill*         0x10008afd        0x3 
 .rodata._resetd_driver
                0x10008b00       0x18 CMakeFiles/spi.dir/Users/prarthana/Pico/pico-sdk/src/rp2_common/pico_stdio_usb/reset_interface.c.obj
 .rodata.update_us_since_boot.str1.4
                0x10008b18       0x65 CMakeFiles/spi.dir/Users/prarthana/Pico/pico-sdk/src/rp2_common/pico_stdio_usb/stdio_usb.c.obj
 .rodata.stdio_usb_init.str1.4
                0x10008b18       0x51 CMakeFiles/spi.dir/Users/prarthana/Pico/pico-sdk/src/rp2_common/pico_stdio_usb/stdio_usb.c.obj
 .rodata.str1.4
                0x10008b18       0x13 CMakeFiles/spi.dir/Users/prarthana/Pico/pico-sdk/src/rp2_common/pico_stdio_usb/stdio_usb.c.obj
 .rodata.__bi_182.0
                0x10008b18        0xc CMakeFiles/spi.dir/Users/prarthana/Pico/pico-sdk/src/rp2_common/pico_stdio_usb/stdio_usb.c.obj
 .rodata.__func__.1
                0x10008b24        0xf CMakeFiles/spi.dir/Users/prarthana/Pico/pico-sdk/src/rp2_common/pico_stdio_usb/stdio_usb.c.obj
 *fill*         0x10008b33        0x1 
 .rodata.__func__.3
                0x10008b34       0x15 CMakeFiles/spi.dir/Users/prarthana/Pico/pico-sdk/src/rp2_common/pico_stdio_usb/stdio_usb.c.obj
 .rodata.str1.4
                0x10008b49       0x2a CMakeFiles/spi.dir/Users/prarthana/Pico/pico-sdk/src/rp2_common/pico_stdio_usb/stdio_usb_descriptors.c.obj
 *fill*         0x10008b49        0x3 
 .rodata.usbd_desc_str
                0x10008b4c       0x18 CMakeFiles/spi.dir/Users/prarthana/Pico/pico-sdk/src/rp2_common/pico_stdio_usb/stdio_usb_descriptors.c.obj
 .rodata.usbd_desc_cfg
                0x10008b64       0x54 CMakeFiles/spi.dir/Users/prarthana/Pico/pico-sdk/src/rp2_common/pico_stdio_usb/stdio_usb_descriptors.c.obj
 .rodata.usbd_desc_device
                0x10008bb8       0x12 CMakeFiles/spi.dir/Users/prarthana/Pico/pico-sdk/src/rp2_common/pico_stdio_usb/stdio_usb_descriptors.c.obj
 .rodata.pico_get_unique_board_id_string.str1.4
                0x10008bca       0x51 CMakeFiles/spi.dir/Users/prarthana/Pico/pico-sdk/src/rp2_common/pico_unique_id/unique_id.c.obj
 *fill*         0x10008bca        0x2 
 .rodata.__func__.0
                0x10008bcc       0x20 CMakeFiles/spi.dir/Users/prarthana/Pico/pico-sdk/src/rp2_common/pico_unique_id/unique_id.c.obj
 .rodata.str1.4
                0x10008bec      0x15e CMakeFiles/spi.dir/Users/prarthana/Pico/pico-sdk/src/rp2_common/hardware_flash/flash.c.obj
 .rodata.__func__.0
                0x10008bec        0xd CMakeFiles/spi.dir/Users/prarthana/Pico/pico-sdk/src/rp2_common/hardware_flash/flash.c.obj
 .rodata._hw_endpoint_alloc.str1.4
                0x10008bf9       0xb9 CMakeFiles/spi.dir/Users/prarthana/Pico/pico-sdk/lib/tinyusb/src/portable/raspberrypi/rp2040/dcd_rp2040.c.obj
 .rodata.str1.4
                0x10008bf9       0x14 CMakeFiles/spi.dir/Users/prarthana/Pico/pico-sdk/lib/tinyusb/src/portable/raspberrypi/rp2040/dcd_rp2040.c.obj
 .rodata.dcd_int_enable.str1.4
                0x10008bf9        0xc CMakeFiles/spi.dir/Users/prarthana/Pico/pico-sdk/lib/tinyusb/src/portable/raspberrypi/rp2040/dcd_rp2040.c.obj
 *fill*         0x10008bf9        0x3 
 .rodata.__func__.0
                0x10008bfc        0xe CMakeFiles/spi.dir/Users/prarthana/Pico/pico-sdk/lib/tinyusb/src/portable/raspberrypi/rp2040/dcd_rp2040.c.obj
 *fill*         0x10008c0a        0x2 
 .rodata.__func__.1
                0x10008c0c        0xe CMakeFiles/spi.dir/Users/prarthana/Pico/pico-sdk/lib/tinyusb/src/portable/raspberrypi/rp2040/dcd_rp2040.c.obj
 *fill*         0x10008c1a        0x2 
 .rodata.__func__.3
                0x10008c1c       0x10 CMakeFiles/spi.dir/Users/prarthana/Pico/pico-sdk/lib/tinyusb/src/portable/raspberrypi/rp2040/dcd_rp2040.c.obj
 .rodata.__func__.5
                0x10008c2c        0xf CMakeFiles/spi.dir/Users/prarthana/Pico/pico-sdk/lib/tinyusb/src/portable/raspberrypi/rp2040/dcd_rp2040.c.obj
 *fill*         0x10008c3b        0x1 
 .rodata.__func__.6
                0x10008c3c       0x13 CMakeFiles/spi.dir/Users/prarthana/Pico/pico-sdk/lib/tinyusb/src/portable/raspberrypi/rp2040/dcd_rp2040.c.obj
 *fill*         0x10008c4f        0x1 
 .rodata.__func__.7
                0x10008c50        0x9 CMakeFiles/spi.dir/Users/prarthana/Pico/pico-sdk/lib/tinyusb/src/portable/raspberrypi/rp2040/dcd_rp2040.c.obj
 .rodata.str1.4
                0x10008c59       0xeb CMakeFiles/spi.dir/Users/prarthana/Pico/pico-sdk/lib/tinyusb/src/portable/raspberrypi/rp2040/rp2040_usb.c.obj
 *fill*         0x10008c59        0x3 
 .rodata.__func__.0
                0x10008c5c        0xf CMakeFiles/spi.dir/Users/prarthana/Pico/pico-sdk/lib/tinyusb/src/portable/raspberrypi/rp2040/rp2040_usb.c.obj
 *fill*         0x10008c6b        0x1 
 .rodata.process_get_descriptor
                0x10008c6c       0x40 CMakeFiles/spi.dir/Users/prarthana/Pico/pico-sdk/lib/tinyusb/src/device/usbd.c.obj
 .rodata.process_control_request
                0x10008cac       0x28 CMakeFiles/spi.dir/Users/prarthana/Pico/pico-sdk/lib/tinyusb/src/device/usbd.c.obj
 .rodata.tud_task_ext
                0x10008cd4       0x24 CMakeFiles/spi.dir/Users/prarthana/Pico/pico-sdk/lib/tinyusb/src/device/usbd.c.obj
 .rodata._usbd_driver
                0x10008cf8       0x18 CMakeFiles/spi.dir/Users/prarthana/Pico/pico-sdk/lib/tinyusb/src/device/usbd.c.obj
                0x10008d10                        . = ALIGN (0x4)
 *(SORT_BY_ALIGNMENT(SORT_BY_NAME(.flashdata*)))
                0x10008d10                        . = ALIGN (0x4)

.ARM.extab
 *(.ARM.extab* .gnu.linkonce.armextab.*)
                0x10008d10                        __exidx_start = .

.ARM.exidx
 *(.ARM.exidx* .gnu.linkonce.armexidx.*)
                0x10008d10                        __exidx_end = .
                0x10008d10                        . = ALIGN (0x4)
                0x10008d10                        __binary_info_start = .

.binary_info    0x10008d10       0x20
 *(.binary_info.keep.*)
 .binary_info.keep.__bi_ptr81
                0x10008d10        0x4 CMakeFiles/spi.dir/Users/prarthana/Pico/pico-sdk/src/rp2_common/pico_standard_link/binary_info.c.obj
 .binary_info.keep.__bi_ptr75
                0x10008d14        0x4 CMakeFiles/spi.dir/Users/prarthana/Pico/pico-sdk/src/rp2_common/pico_standard_link/binary_info.c.obj
 .binary_info.keep.__bi_ptr50
                0x10008d18        0x4 CMakeFiles/spi.dir/Users/prarthana/Pico/pico-sdk/src/rp2_common/pico_standard_link/binary_info.c.obj
 .binary_info.keep.__bi_ptr44
                0x10008d1c        0x4 CMakeFiles/spi.dir/Users/prarthana/Pico/pico-sdk/src/rp2_common/pico_standard_link/binary_info.c.obj
 .binary_info.keep.__bi_ptr38
                0x10008d20        0x4 CMakeFiles/spi.dir/Users/prarthana/Pico/pico-sdk/src/rp2_common/pico_standard_link/binary_info.c.obj
 .binary_info.keep.__bi_ptr30
                0x10008d24        0x4 CMakeFiles/spi.dir/Users/prarthana/Pico/pico-sdk/src/rp2_common/pico_standard_link/binary_info.c.obj
 .binary_info.keep.__bi_ptr22
                0x10008d28        0x4 CMakeFiles/spi.dir/Users/prarthana/Pico/pico-sdk/src/rp2_common/pico_standard_link/binary_info.c.obj
 *(.binary_info.*)
 .binary_info.__bi_ptr182
                0x10008d2c        0x4 CMakeFiles/spi.dir/Users/prarthana/Pico/pico-sdk/src/rp2_common/pico_stdio_usb/stdio_usb.c.obj
                0x10008d30                        __binary_info_end = .

.rel.dyn        0x10008d30        0x0
 .rel.iplt      0x10008d30        0x0 /Applications/ArmGNUToolchain/13.2.Rel1/arm-none-eabi/bin/../lib/gcc/arm-none-eabi/13.2.1/thumb/v6-m/nofp/crtbegin.o
                0x10008d30                        . = ALIGN (0x4)

.ram_vector_table
                0x20000000       0xc0
 *(.ram_vector_table)
 .ram_vector_table
                0x20000000       0xc0 CMakeFiles/spi.dir/Users/prarthana/Pico/pico-sdk/src/rp2_common/pico_runtime/runtime.c.obj
                0x20000000                ram_vector_table

.data           0x200000c0      0xb80 load address 0x10008d30
                0x200000c0                        __data_start__ = .
 *(vtable)
 *(.time_critical*)
 .time_critical.mutex_try_enter
                0x200000c0       0x46 CMakeFiles/spi.dir/Users/prarthana/Pico/pico-sdk/src/common/pico_sync/mutex.c.obj
                0x200000c0                mutex_try_enter
 *fill*         0x20000106        0x2 
 .time_critical.mutex_enter_block_until
                0x20000108       0x8c CMakeFiles/spi.dir/Users/prarthana/Pico/pico-sdk/src/common/pico_sync/mutex.c.obj
                0x20000108                mutex_enter_block_until
 .time_critical.mutex_try_enter_block_until
                0x20000194       0x34 CMakeFiles/spi.dir/Users/prarthana/Pico/pico-sdk/src/common/pico_sync/mutex.c.obj
                0x20000194                mutex_try_enter_block_until
 .time_critical.mutex_enter_timeout_ms
                0x200001c8       0x1a CMakeFiles/spi.dir/Users/prarthana/Pico/pico-sdk/src/common/pico_sync/mutex.c.obj
                0x200001c8                mutex_enter_timeout_ms
 *fill*         0x200001e2        0x2 
 .time_critical.mutex_exit
                0x200001e4       0x4c CMakeFiles/spi.dir/Users/prarthana/Pico/pico-sdk/src/common/pico_sync/mutex.c.obj
                0x200001e4                mutex_exit
 .time_critical.flash_init_boot2_copyout
                0x20000230       0x30 CMakeFiles/spi.dir/Users/prarthana/Pico/pico-sdk/src/rp2_common/hardware_flash/flash.c.obj
 .time_critical.flash_enable_xip_via_boot2
                0x20000260        0xc CMakeFiles/spi.dir/Users/prarthana/Pico/pico-sdk/src/rp2_common/hardware_flash/flash.c.obj
 .time_critical.flash_cs_force
                0x2000026c       0x28 CMakeFiles/spi.dir/Users/prarthana/Pico/pico-sdk/src/rp2_common/hardware_flash/flash.c.obj
 .time_critical.flash_do_cmd
                0x20000294       0xd8 CMakeFiles/spi.dir/Users/prarthana/Pico/pico-sdk/src/rp2_common/hardware_flash/flash.c.obj
                0x20000294                flash_do_cmd
 .time_critical.reset_non_control_endpoints
                0x2000036c       0x40 CMakeFiles/spi.dir/Users/prarthana/Pico/pico-sdk/lib/tinyusb/src/portable/raspberrypi/rp2040/dcd_rp2040.c.obj
 .time_critical.hw_handle_buff_status
                0x200003ac       0xa4 CMakeFiles/spi.dir/Users/prarthana/Pico/pico-sdk/lib/tinyusb/src/portable/raspberrypi/rp2040/dcd_rp2040.c.obj
 .time_critical.dcd_rp2040_irq
                0x20000450      0x1b8 CMakeFiles/spi.dir/Users/prarthana/Pico/pico-sdk/lib/tinyusb/src/portable/raspberrypi/rp2040/dcd_rp2040.c.obj
 .time_critical.e15_is_bulkin_ep
                0x20000608       0x2c CMakeFiles/spi.dir/Users/prarthana/Pico/pico-sdk/lib/tinyusb/src/portable/raspberrypi/rp2040/rp2040_usb.c.obj
 .time_critical.e15_is_critical_frame_period
                0x20000634       0x30 CMakeFiles/spi.dir/Users/prarthana/Pico/pico-sdk/lib/tinyusb/src/portable/raspberrypi/rp2040/rp2040_usb.c.obj
 .time_critical.prepare_ep_buffer
                0x20000664       0x6c CMakeFiles/spi.dir/Users/prarthana/Pico/pico-sdk/lib/tinyusb/src/portable/raspberrypi/rp2040/rp2040_usb.c.obj
 .time_critical.sync_ep_buffer
                0x200006d0       0x7c CMakeFiles/spi.dir/Users/prarthana/Pico/pico-sdk/lib/tinyusb/src/portable/raspberrypi/rp2040/rp2040_usb.c.obj
 .time_critical._hw_endpoint_xfer_sync
                0x2000074c       0x28 CMakeFiles/spi.dir/Users/prarthana/Pico/pico-sdk/lib/tinyusb/src/portable/raspberrypi/rp2040/rp2040_usb.c.obj
 .time_critical.hw_endpoint_reset_transfer
                0x20000774        0xc CMakeFiles/spi.dir/Users/prarthana/Pico/pico-sdk/lib/tinyusb/src/portable/raspberrypi/rp2040/rp2040_usb.c.obj
                0x20000774                hw_endpoint_reset_transfer
 .time_critical._hw_endpoint_buffer_control_update32
                0x20000780       0x58 CMakeFiles/spi.dir/Users/prarthana/Pico/pico-sdk/lib/tinyusb/src/portable/raspberrypi/rp2040/rp2040_usb.c.obj
                0x20000780                _hw_endpoint_buffer_control_update32
 .time_critical.hw_endpoint_start_next_buffer
                0x200007d8       0x88 CMakeFiles/spi.dir/Users/prarthana/Pico/pico-sdk/lib/tinyusb/src/portable/raspberrypi/rp2040/rp2040_usb.c.obj
                0x200007d8                hw_endpoint_start_next_buffer
 .time_critical.hw_endpoint_xfer_continue
                0x20000860       0x50 CMakeFiles/spi.dir/Users/prarthana/Pico/pico-sdk/lib/tinyusb/src/portable/raspberrypi/rp2040/rp2040_usb.c.obj
                0x20000860                hw_endpoint_xfer_continue
 .time_critical.tinyusb
                0x200008b0      0x1ac CMakeFiles/spi.dir/Users/prarthana/Pico/pico-sdk/lib/tinyusb/src/device/usbd.c.obj
                0x200008b0                dcd_event_handler
 .time_critical.spi_write_blocking
                0x20000a5c       0x3a CMakeFiles/spi.dir/Users/prarthana/Pico/pico-sdk/src/rp2_common/hardware_spi/spi.c.obj
                0x20000a5c                spi_write_blocking
 *(.text*)
 *fill*         0x20000a96        0x2 
 .text          0x20000a98        0x4 /Applications/ArmGNUToolchain/13.2.Rel1/arm-none-eabi/bin/../lib/gcc/arm-none-eabi/13.2.1/thumb/v6-m/nofp/libgcc.a(_dvmd_tls.o)
                0x20000a98                __aeabi_ldiv0
                0x20000a98                __aeabi_idiv0
 *fill*         0x20000a9c        0x4 
 .text.__stub   0x20000aa0       0xa0 linker stubs
                0x20000b40                        . = ALIGN (0x4)
 *(.rodata*)
                0x20000b40                        . = ALIGN (0x4)
 *(.data*)
 .data.striped_spin_lock_num
                0x20000b40        0x1 CMakeFiles/spi.dir/Users/prarthana/Pico/pico-sdk/src/rp2_common/hardware_sync/sync.c.obj
 *fill*         0x20000b41        0x3 
 .data          0x20000b44       0x48 CMakeFiles/spi.dir/Users/prarthana/Pico/pico-sdk/src/rp2_common/hardware_irq/irq_handler_chain.S.obj
                0x20000b44                irq_handler_chain_slots
                0x20000b74                irq_handler_chain_first_slot
                0x20000b7e                irq_handler_chain_remove_tail
 .data.default_alarm_pool
                0x20000b8c       0x18 CMakeFiles/spi.dir/Users/prarthana/Pico/pico-sdk/src/common/pico_time/time.c.obj
 .data.default_alarm_pool_heap
                0x20000ba4       0x10 CMakeFiles/spi.dir/Users/prarthana/Pico/pico-sdk/src/common/pico_time/time.c.obj
 *fill*         0x20000bb4        0xc 
 .data.aeabi_bits_funcs
                0x20000bc0       0x10 CMakeFiles/spi.dir/Users/prarthana/Pico/pico-sdk/src/rp2_common/pico_bit_ops/bit_ops_aeabi.S.obj
                0x20000bc0                aeabi_bits_funcs
                0x20000bd0                aeabi_bits_funcs_end
 .data.aeabi_mem_funcs
                0x20000bd0       0x10 CMakeFiles/spi.dir/Users/prarthana/Pico/pico-sdk/src/rp2_common/pico_mem_ops/mem_ops_aeabi.S.obj
                0x20000bd0                aeabi_mem_funcs
                0x20000be0                aeabi_mem_funcs_end
 .data.stdio_usb